Component: ARM Compiler 5.06 update 5 (build 528) Tool: armlink [4d35e2]

==============================================================================

Section Cross References

    main.o(.text) refers to _printf_percent.o(.ARM.Collect$$_printf_percent$$00000000) for _printf_percent
    main.o(.text) refers to _printf_d.o(.ARM.Collect$$_printf_percent$$00000009) for _printf_d
    main.o(.text) refers to _printf_f.o(.ARM.Collect$$_printf_percent$$00000003) for _printf_f
    main.o(.text) refers to _printf_dec.o(.text) for _printf_int_dec
    main.o(.text) refers to printf1.o(x$fpl$printf1) for _printf_fp_dec
    main.o(.text) refers to arm_biquad_cascade_df1_f32.o(.text) for arm_biquad_cascade_df1_f32
    main.o(.text) refers to rt_memcpy_w.o(.text) for __aeabi_memcpy4
    main.o(.text) refers to h1_alloc.o(.text) for malloc
    main.o(.text) refers to noretval__2printf.o(.text) for __2printf
    main.o(.text) refers to assembly.o(text) for IIR_asm
    main.o(.text) refers to f2d.o(x$fpl$f2d) for __aeabi_f2d
    main.o(.text) refers to h1_free.o(.text) for free
    main.o(.text) refers to main.o(.constdata) for .constdata
    startup_stm32f407xx.o(STACK) refers (Special) to heapauxi.o(.text) for __use_two_region_memory
    startup_stm32f407xx.o(HEAP) refers (Special) to heapauxi.o(.text) for __use_two_region_memory
    startup_stm32f407xx.o(RESET) refers (Special) to heapauxi.o(.text) for __use_two_region_memory
    startup_stm32f407xx.o(RESET) refers to startup_stm32f407xx.o(STACK) for __initial_sp
    startup_stm32f407xx.o(RESET) refers to startup_stm32f407xx.o(.text) for Reset_Handler
    startup_stm32f407xx.o(.text) refers (Special) to heapauxi.o(.text) for __use_two_region_memory
    startup_stm32f407xx.o(.text) refers to system_stm32f4xx.o(.text) for SystemInit
    startup_stm32f407xx.o(.text) refers to __main.o(!!!main) for __main
    startup_stm32f407xx.o(.text) refers to startup_stm32f407xx.o(HEAP) for Heap_Mem
    startup_stm32f407xx.o(.text) refers to startup_stm32f407xx.o(STACK) for Stack_Mem
    system_stm32f4xx.o(.text) refers to system_stm32f4xx.o(.data) for SystemCoreClock
    system_stm32f4xx.o(.text) refers to system_stm32f4xx.o(.constdata) for AHBPrescTable
    malloc.o(.text) refers (Special) to hguard.o(.text) for __heap$guard
    malloc.o(.text) refers (Special) to init_alloc.o(.text) for _init_alloc
    malloc.o(.text) refers to rt_heap_descriptor_intlibspace.o(.text) for __rt_heap_descriptor
    malloc.o(.text) refers to heapstubs.o(.text) for __Heap_Alloc
    free.o(.text) refers (Special) to hguard.o(.text) for __heap$guard
    free.o(.text) refers to rt_heap_descriptor_intlibspace.o(.text) for __rt_heap_descriptor
    free.o(.text) refers to heapstubs.o(.text) for __Heap_Free
    h1_alloc.o(.text) refers (Special) to h1_init.o(.text) for __Heap_Initialize
    h1_alloc.o(.text) refers to rt_heap_descriptor_intlibspace.o(.text) for __rt_heap_descriptor
    h1_alloc.o(.text) refers to init_alloc.o(.text) for __Heap_Full
    h1_free.o(.text) refers to rt_heap_descriptor_intlibspace.o(.text) for __rt_heap_descriptor
    h1_alloc_mt.o(.text) refers (Special) to h1_init.o(.text) for __Heap_Initialize
    h1_alloc_mt.o(.text) refers to init_alloc.o(.text) for __Heap_Full
    h1_alloc_mt.o(.text) refers to rt_heap_descriptor_intlibspace.o(.text) for __rt_heap_descriptor
    h1_free_mt.o(.text) refers to rt_heap_descriptor_intlibspace.o(.text) for __rt_heap_descriptor
    heap2.o(i._FDIterate) refers to heap2.o(.conststring) for .conststring
    heap2.o(i.___Heap_ProvideMemory$realtime) refers to fdtree.o(i._FDTree_Delete) for _FDTree_Delete
    heap2.o(i.___Heap_ProvideMemory$realtime) refers to fdtree.o(i._FDTree_Insert) for _FDTree_Insert
    heap2.o(i.___Heap_Stats$realtime) refers to heap2.o(i._Heap2_StatsIterate) for _Heap2_StatsIterate
    heap2.o(i.___Heap_Valid$realtime) refers to heap2.o(i._FDIterate) for _FDIterate
    heap2.o(i.___Heap_Valid$realtime) refers to heap2.o(.conststring) for .conststring
    heap2.o(i._free$realtime) refers to rt_heap_descriptor_intlibspace.o(.text) for __rt_heap_descriptor
    heap2.o(i._free$realtime) refers to fdtree.o(i._FDTree_Delete) for _FDTree_Delete
    heap2.o(i._free$realtime) refers to fdtree.o(i._FDTree_Insert) for _FDTree_Insert
    heap2.o(i._malloc$realtime) refers to rt_heap_descriptor_intlibspace.o(.text) for __rt_heap_descriptor
    heap2.o(i._malloc$realtime) refers to fdtree.o(i._FDTree_FindFirst) for _FDTree_FindFirst
    heap2.o(i._malloc$realtime) refers to init_alloc.o(.text) for __Heap_Full
    heap2.o(i._malloc$realtime) refers to fdtree.o(i._FDTree_RemoveNode) for _FDTree_RemoveNode
    heap2.o(i._malloc$realtime) refers to fdtree.o(i._FDTree_Insert) for _FDTree_Insert
    heap2.o(i._posix_memalign$realtime) refers to rt_heap_descriptor_intlibspace.o(.text) for __rt_heap_descriptor
[...]
    ../clib/angel/kernel.s                   0x00000000   Number         0  rtexit.o ABSOLUTE
    ../clib/angel/kernel.s                   0x00000000   Number         0  __rtentry.o ABSOLUTE
    ../clib/angel/kernel.s                   0x00000000   Number         0  rtexit2.o ABSOLUTE
    ../clib/angel/kernel.s                   0x00000000   Number         0  __rtentry2.o ABSOLUTE
    ../clib/angel/kernel.s                   0x00000000   Number         0  __rtentry4.o ABSOLUTE
    ../clib/angel/rt.s                       0x00000000   Number         0  rt_errno_addr_intlibspace.o ABSOLUTE
    ../clib/angel/rt.s                       0x00000000   Number         0  rt_errno_addr.o ABSOLUTE
    ../clib/angel/rt.s                       0x00000000   Number         0  rt_raise.o ABSOLUTE
    ../clib/angel/rt.s                       0x00000000   Number         0  rt_locale_intlibspace.o ABSOLUTE
    ../clib/angel/rt.s                       0x00000000   Number         0  rt_heap_descriptor_intlibspace.o ABSOLUTE
    ../clib/angel/rt.s                       0x00000000   Number         0  rt_heap_descriptor.o ABSOLUTE
    ../clib/angel/rt.s                       0x00000000   Number         0  rt_locale.o ABSOLUTE
    ../clib/angel/scatter.s                  0x00000000   Number         0  __scatter.o ABSOLUTE
    ../clib/angel/startup.s                  0x00000000   Number         0  __main.o ABSOLUTE
    ../clib/angel/sys.s                      0x00000000   Number         0  use_no_semi.o ABSOLUTE
    ../clib/angel/sys.s                      0x00000000   Number         0  indicate_semi.o ABSOLUTE
    ../clib/angel/sys.s                      0x00000000   Number         0  libspace.o ABSOLUTE
    ../clib/angel/sys.s                      0x00000000   Number         0  mutex_dummy.o ABSOLUTE
    ../clib/angel/sys.s                      0x00000000   Number         0  sys_stackheap_outer.o ABSOLUTE
    ../clib/angel/sysapp.c                   0x00000000   Number         0  sys_wrch.o ABSOLUTE
    ../clib/angel/sysapp.c                   0x00000000   Number         0  sys_exit.o ABSOLUTE
    ../clib/angel/sysapp.c                   0x00000000   Number         0  sys_io.o ABSOLUTE
    ../clib/angel/sysapp.c                   0x00000000   Number         0  sys_command.o ABSOLUTE
    ../clib/armsys.c                         0x00000000   Number         0  no_argv.o ABSOLUTE
    ../clib/armsys.c                         0x00000000   Number         0  _get_argv.o ABSOLUTE
    ../clib/armsys.c                         0x00000000   Number         0  argv_veneer.o ABSOLUTE
    ../clib/armsys.c                         0x00000000   Number         0  _get_argv_nomalloc.o ABSOLUTE
    ../clib/armsys.c                         0x00000000   Number         0  argv_veneer.o ABSOLUTE
    ../clib/bigflt.c                         0x00000000   Number         0  bigflt0.o ABSOLUTE
    ../clib/btod.s                           0x00000000   Number         0  btod.o ABSOLUTE
    ../clib/fenv.c                           0x00000000   Number         0  _fptrap.o ABSOLUTE
    ../clib/heap1.c                          0x00000000   Number         0  h1_extend_mt.o ABSOLUTE
    ../clib/heap1.c                          0x00000000   Number         0  h1_extend.o ABSOLUTE
    ../clib/heap1.c                          0x00000000   Number         0  h1_final.o ABSOLUTE
    ../clib/heap1.c                          0x00000000   Number         0  h1_alloc.o ABSOLUTE
    ../clib/heap1.c                          0x00000000   Number         0  h1_free.o ABSOLUTE
    ../clib/heap1.c                          0x00000000   Number         0  h1_final_mt.o ABSOLUTE
    ../clib/heap1.c                          0x00000000   Number         0  h1_alloc_mt.o ABSOLUTE
    ../clib/heap1.c                          0x00000000   Number         0  h1_free_mt.o ABSOLUTE
    ../clib/heap1.c                          0x00000000   Number         0  h1_init.o ABSOLUTE
    ../clib/heap1.c                          0x00000000   Number         0  h1_init_mt.o ABSOLUTE
    ../clib/heap2.c                          0x00000000   Number         0  heap2.o ABSOLUTE
    ../clib/heap2.c                          0x00000000   Number         0  fdtree.o ABSOLUTE
    ../clib/heap2.c                          0x00000000   Number         0  heap2mt.o ABSOLUTE
    ../clib/heapalloc.c                      0x00000000   Number         0  heapstubs.o ABSOLUTE
    ../clib/heapalloc.c                      0x00000000   Number         0  maybetermalloc2.o ABSOLUTE
    ../clib/heapalloc.c                      0x00000000   Number         0  term_alloc.o ABSOLUTE
    ../clib/heapalloc.c                      0x00000000   Number         0  hrguard.o ABSOLUTE
    ../clib/heapalloc.c                      0x00000000   Number         0  maybetermalloc1.o ABSOLUTE
    ../clib/heapalloc.c                      0x00000000   Number         0  maybetermalloc1.o ABSOLUTE
    ../clib/heapalloc.c                      0x00000000   Number         0  maybetermalloc2.o ABSOLUTE
    ../clib/heapalloc.c                      0x00000000   Number         0  hguard.o ABSOLUTE
    ../clib/heapalloc.c                      0x00000000   Number         0  init_alloc.o ABSOLUTE
    ../clib/heapalloc.c                      0x00000000   Number         0  malloc.o ABSOLUTE
    ../clib/heapalloc.c                      0x00000000   Number         0  free.o ABSOLUTE
    ../clib/heapaux.c                        0x00000000   Number         0  heapauxi.o ABSOLUTE
    ../clib/heapaux.c                        0x00000000   Number         0  heapauxa.o ABSOLUTE
    ../clib/libinit.s                        0x00000000   Number         0  libshutdown.o ABSOLUTE
    ../clib/libinit.s                        0x00000000   Number         0  libshutdown2.o ABSOLUTE
    ../clib/libinit.s                        0x00000000   Number         0  libinit.o ABSOLUTE
    ../clib/libinit.s                        0x00000000   Number         0  libinit2.o ABSOLUTE
    ../clib/locale.s                         0x00000000   Number         0  lc_numeric_c.o ABSOLUTE
    ../clib/longlong.s                       0x00000000   Number         0  lludiv10.o ABSOLUTE
    ../clib/memcpset.s                       0x00000000   Number         0  strcmpv7m.o ABSOLUTE
    ../clib/memcpset.s                       0x00000000   Number         0  rt_memcpy_w.o ABSOLUTE
    ../clib/memcpset.s                       0x00000000   Number         0  rt_memclr_w.o ABSOLUTE
    ../clib/printf.c                         0x00000000   Number         0  __printf_ss.o ABSOLUTE
    ../clib/printf.c                         0x00000000   Number         0  __printf_wp.o ABSOLUTE
    ../clib/printf.c                         0x00000000   Number         0  __printf_flags_wp.o ABSOLUTE
    ../clib/printf.c                         0x00000000   Number         0  __printf_ss_wp.o ABSOLUTE
    ../clib/printf.c                         0x00000000   Number         0  __printf_flags_ss_wp.o ABSOLUTE
    ../clib/printf.c                         0x00000000   Number         0  _printf_intcommon.o ABSOLUTE
    ../clib/printf.c                         0x00000000   Number         0  __printf_nopercent.o ABSOLUTE
    ../clib/printf.c                         0x00000000   Number         0  _printf_char_file.o ABSOLUTE
    ../clib/printf.c                         0x00000000   Number         0  __printf_flags_ss.o ABSOLUTE
    ../clib/printf.c                         0x00000000   Number         0  _printf_char_common.o ABSOLUTE
    ../clib/printf.c                         0x00000000   Number         0  _printf_fp_infnan.o ABSOLUTE
    ../clib/printf.c                         0x00000000   Number         0  _printf_fp_dec.o ABSOLUTE
    ../clib/printf.c                         0x00000000   Number         0  __2printf.o ABSOLUTE
    ../clib/printf.c                         0x00000000   Number         0  noretval__2printf.o ABSOLUTE
    ../clib/printf.c                         0x00000000   Number         0  _printf_dec.o ABSOLUTE
    ../clib/printf.c                         0x00000000   Number         0  __printf.o ABSOLUTE
    ../clib/printf.c                         0x00000000   Number         0  __printf_flags.o ABSOLUTE
    ../clib/printf_percent.s                 0x00000000   Number         0  _printf_percent_end.o ABSOLUTE
    ../clib/printf_percent.s                 0x00000000   Number         0  _printf_d.o ABSOLUTE
    ../clib/printf_percent.s                 0x00000000   Number         0  _printf_f.o ABSOLUTE
    ../clib/printf_percent.s                 0x00000000   Number         0  _printf_percent.o ABSOLUTE
    ../clib/signal.c                         0x00000000   Number         0  defsig_fpe_outer.o ABSOLUTE
    ../clib/signal.c                         0x00000000   Number         0  defsig_stak_inner.o ABSOLUTE
    ../clib/signal.c                         0x00000000   Number         0  defsig_pvfn_inner.o ABSOLUTE
    ../clib/signal.c                         0x00000000   Number         0  defsig_cppl_inner.o ABSOLUTE
    ../clib/signal.c                         0x00000000   Number         0  defsig_segv_inner.o ABSOLUTE
    ../clib/signal.c                         0x00000000   Number         0  defsig_other.o ABSOLUTE
    ../clib/signal.c                         0x00000000   Number         0  defsig_rtred_inner.o ABSOLUTE
    ../clib/signal.c                         0x00000000   Number         0  defsig_general.o ABSOLUTE
    ../clib/signal.c                         0x00000000   Number         0  defsig_rtmem_outer.o ABSOLUTE
    ../clib/signal.c                         0x00000000   Number         0  __raise.o ABSOLUTE
    ../clib/signal.c                         0x00000000   Number         0  defsig_rtmem_formal.o ABSOLUTE
    ../clib/signal.c                         0x00000000   Number         0  defsig_rtmem_inner.o ABSOLUTE
    ../clib/signal.c                         0x00000000   Number         0  defsig_rtred_formal.o ABSOLUTE
    ../clib/signal.c                         0x00000000   Number         0  defsig_rtred_outer.o ABSOLUTE
    ../clib/signal.c                         0x00000000   Number         0  defsig_exit.o ABSOLUTE
    ../clib/signal.c                         0x00000000   Number         0  defsig_abrt_inner.o ABSOLUTE
    ../clib/signal.c                         0x00000000   Number         0  defsig_fpe_formal.o ABSOLUTE
    ../clib/signal.c                         0x00000000   Number         0  defsig_fpe_inner.o ABSOLUTE
    ../clib/signal.s                         0x00000000   Number         0  defsig.o ABSOLUTE
    ../clib/stdio.c                          0x00000000   Number         0  ftell.o ABSOLUTE
    ../clib/stdio.c                          0x00000000   Number         0  streamlock.o ABSOLUTE
    ../clib/stdio.c                          0x00000000   Number         0  ferror.o ABSOLUTE
    ../clib/stdio.c                          0x00000000   Number         0  fclose.o ABSOLUTE
    ../clib/stdio.c                          0x00000000   Number         0  ferror_locked.o ABSOLUTE
    ../clib/stdio.c                          0x00000000   Number         0  setvbuf.o ABSOLUTE
    ../clib/stdio.c                          0x00000000   Number         0  stdio_streams.o ABSOLUTE
    ../clib/stdio.c                          0x00000000   Number         0  initio.o ABSOLUTE
    ../clib/stdio.c                          0x00000000   Number         0  fopen_locked.o ABSOLUTE
    ../clib/stdio.c                          0x00000000   Number         0  fseek.o ABSOLUTE
    ../clib/stdio.c                          0x00000000   Number         0  initio_locked.o ABSOLUTE
    ../clib/stdio.c                          0x00000000   Number         0  stdio.o ABSOLUTE
    ../clib/stdio.c                          0x00000000   Number         0  setvbuf_locked.o ABSOLUTE
    ../clib/stdio.c                          0x00000000   Number         0  fopen.o ABSOLUTE
    ../clib/stdlib.c                         0x00000000   Number         0  exit.o ABSOLUTE
    ../clib/string.c                         0x00000000   Number         0  strlen.o ABSOLUTE
    ../fplib/dflt.s                          0x00000000   Number         0  dflt_clz.o ABSOLUTE
    ../fplib/dretinf.s                       0x00000000   Number         0  dretinf.o ABSOLUTE
    ../fplib/except.s                        0x00000000   Number         0  except.o ABSOLUTE
    ../fplib/f2d.s                           0x00000000   Number         0  f2d.o ABSOLUTE
    ../fplib/fnaninf.s                       0x00000000   Number         0  fnaninf.o ABSOLUTE
    ../fplib/fpinit.s                        0x00000000   Number         0  fpinit.o ABSOLUTE
    ../fplib/funder.s                        0x00000000   Number         0  funder_clz.o ABSOLUTE
    ../fplib/istatus.s                       0x00000000   Number         0  istatus.o ABSOLUTE
    ../fplib/printf1.s                       0x00000000   Number         0  printf1.o ABSOLUTE
    ../fplib/retnan.s                        0x00000000   Number         0  retnan.o ABSOLUTE
    ../fplib/trapv.s                         0x00000000   Number         0  trapv.o ABSOLUTE
    ../fplib/usenofp.s                       0x00000000   Number         0  usenofp.o ABSOLUTE
    ../mathlib/fpclassify.c                  0x00000000   Number         0  fpclassify.o ABSOLUTE
    ..\..\Source\FilteringFunctions\arm_biquad_cascade_df1_f32.c 0x00000000   Number         0  arm_biquad_cascade_df1_f32.o ABSOLUTE
    ..\\..\\Source\\FilteringFunctions\\arm_biquad_cascade_df1_f32.c 0x00000000   Number         0  arm_biquad_cascade_df1_f32.o ABSOLUTE
    RTE\Device\STM32F407VGTx\startup_stm32f407xx.s 0x00000000   Number         0  startup_stm32f407xx.o ABSOLUTE
    RTE\Device\STM32F407VGTx\system_stm32f4xx.c 0x00000000   Number         0  system_stm32f4xx.o ABSOLUTE
    RTE\\Device\\STM32F407VGTx\\system_stm32f4xx.c 0x00000000   Number         0  system_stm32f4xx.o ABSOLUTE
    Sources\Assembly.s                       0x00000000   Number         0  assembly.o ABSOLUTE
    Sources\\fput_debug.c                    0x00000000   Number         0  fput_debug.o ABSOLUTE
    Sources\\main.c                          0x00000000   Number         0  main.o ABSOLUTE
    Sources\fput_debug.c                     0x00000000   Number         0  fput_debug.o ABSOLUTE
    Sources\main.c                           0x00000000   Number         0  main.o ABSOLUTE
    dc.s                                     0x00000000   Number         0  dc.o ABSOLUTE
    RESET                                    0x08000000   Section      392  startup_stm32f407xx.o(RESET)
    !!!main                                  0x08000188   Section        8  __main.o(!!!main)
    !!!scatter                               0x08000190   Section       52  __scatter.o(!!!scatter)
    !!handler_copy                           0x080001c4   Section       26  __scatter_copy.o(!!handler_copy)
    !!handler_zi                             0x080001e0   Section       28  __scatter_zi.o(!!handler_zi)
    .ARM.Collect$$_printf_percent$$00000000  0x080001fc   Section        0  _printf_percent.o(.ARM.Collect$$_printf_percent$$00000000)
    .ARM.Collect$$_printf_percent$$00000003  0x080001fc   Section        6  _printf_f.o(.ARM.Collect$$_printf_percent$$00000003)
    .ARM.Collect$$_printf_percent$$00000009  0x08000202   Section        6  _printf_d.o(.ARM.Collect$$_printf_percent$$00000009)
    .ARM.Collect$$_printf_percent$$00000017  0x08000208   Section        4  _printf_percent_end.o(.ARM.Collect$$_printf_percent$$00000017)
    .ARM.Collect$$libinit$$00000000          0x0800020c   Section        2  libinit.o(.ARM.Collect$$libinit$$00000000)
    .ARM.Collect$$libinit$$00000001          0x0800020e   Section        4  libinit2.o(.ARM.Collect$$libinit$$00000001)
    .ARM.Collect$$libinit$$00000004          0x08000212   Section        0  libinit2.o(.ARM.Collect$$libinit$$00000004)
    .ARM.Collect$$libinit$$00000005          0x08000212   Section        8  libinit2.o(.ARM.Collect$$libinit$$00000005)
    .ARM.Collect$$libinit$$0000000A          0x0800021a   Section        0  libinit2.o(.ARM.Collect$$libinit$$0000000A)
    .ARM.Collect$$libinit$$0000000C          0x0800021a   Section        0  libinit2.o(.ARM.Collect$$libinit$$0000000C)
    .ARM.Collect$$libinit$$0000000E          0x0800021a   Section        0  libinit2.o(.ARM.Collect$$libinit$$0000000E)
    .ARM.Collect$$libinit$$0000000F          0x0800021a   Section        6  libinit2.o(.ARM.Collect$$libinit$$0000000F)
    .ARM.Collect$$libinit$$00000011          0x08000220   Section        0  libinit2.o(.ARM.Collect$$libinit$$00000011)
    .ARM.Collect$$libinit$$00000013          0x08000220   Section        0  libinit2.o(.ARM.Collect$$libinit$$00000013)
    .ARM.Collect$$libinit$$00000015          0x08000220   Section        0  libinit2.o(.ARM.Collect$$libinit$$00000015)
    .ARM.Collect$$libinit$$00000016          0x08000220   Section       10  libinit2.o(.ARM.Collect$$libinit$$00000016)
    .ARM.Collect$$libinit$$00000017          0x0800022a   Section        0  libinit2.o(.ARM.Collect$$libinit$$00000017)
    .ARM.Collect$$libinit$$00000019          0x0800022a   Section        0  libinit2.o(.ARM.Collect$$libinit$$00000019)
    .ARM.Collect$$libinit$$0000001B          0x0800022a   Section        0  libinit2.o(.ARM.Collect$$libinit$$0000001B)
    .ARM.Collect$$libinit$$0000001D          0x0800022a   Section        0  libinit2.o(.ARM.Collect$$libinit$$0000001D)
    .ARM.Collect$$libinit$$0000001F          0x0800022a   Section        0  libinit2.o(.ARM.Collect$$libinit$$0000001F)
    .ARM.Collect$$libinit$$00000021          0x0800022a   Section        0  libinit2.o(.ARM.Collect$$libinit$$00000021)
    .ARM.Collect$$libinit$$00000023          0x0800022a   Section        0  libinit2.o(.ARM.Collect$$libinit$$00000023)
    .ARM.Collect$$libinit$$00000024          0x0800022a   Section        4  libinit2.o(.ARM.Collect$$libinit$$00000024)
    .ARM.Collect$$libinit$$00000025          0x0800022e   Section        0  libinit2.o(.ARM.Collect$$libinit$$00000025)
    .ARM.Collect$$libinit$$0000002C          0x0800022e   Section        0  libinit2.o(.ARM.Collect$$libinit$$0000002C)
    .ARM.Collect$$libinit$$0000002E          0x0800022e   Section        0  libinit2.o(.ARM.Collect$$libinit$$0000002E)
    .ARM.Collect$$libinit$$00000030          0x0800022e   Section        0  libinit2.o(.ARM.Collect$$libinit$$00000030)
    .ARM.Collect$$libinit$$00000032          0x0800022e   Section        0  libinit2.o(.ARM.Collect$$libinit$$00000032)
    .ARM.Collect$$libinit$$00000033          0x0800022e   Section        2  libinit2.o(.ARM.Collect$$libinit$$00000033)
    .ARM.Collect$$libshutdown$$00000000      0x08000230   Section        2  libshutdown.o(.ARM.Collect$$libshutdown$$00000000)
    .ARM.Collect$$libshutdown$$00000002      0x08000232   Section        0  libshutdown2.o(.ARM.Collect$$libshutdown$$00000002)
    .ARM.Collect$$libshutdown$$00000003      0x08000232   Section        4  libshutdown2.o(.ARM.Collect$$libshutdown$$00000003)
    .ARM.Collect$$libshutdown$$00000004      0x08000236   Section        0  libshutdown2.o(.ARM.Collect$$libshutdown$$00000004)
    .ARM.Collect$$libshutdown$$00000007      0x08000236   Section        0  libshutdown2.o(.ARM.Collect$$libshutdown$$00000007)
    .ARM.Collect$$libshutdown$$0000000A      0x08000236   Section        0  libshutdown2.o(.ARM.Collect$$libshutdown$$0000000A)
    .ARM.Collect$$libshutdown$$0000000C      0x08000236   Section        0  libshutdown2.o(.ARM.Collect$$libshutdown$$0000000C)
    .ARM.Collect$$libshutdown$$0000000F      0x08000236   Section        0  libshutdown2.o(.ARM.Collect$$libshutdown$$0000000F)
    .ARM.Collect$$libshutdown$$00000010      0x08000236   Section        2  libshutdown2.o(.ARM.Collect$$libshutdown$$00000010)
    .ARM.Collect$$rtentry$$00000000          0x08000238   Section        0  __rtentry.o(.ARM.Collect$$rtentry$$00000000)
    .ARM.Collect$$rtentry$$00000002          0x08000238   Section        0  __rtentry2.o(.ARM.Collect$$rtentry$$00000002)
    .ARM.Collect$$rtentry$$00000004          0x08000238   Section        6  __rtentry4.o(.ARM.Collect$$rtentry$$00000004)
    .ARM.Collect$$rtentry$$00000009          0x0800023e   Section        0  __rtentry2.o(.ARM.Collect$$rtentry$$00000009)
    .ARM.Collect$$rtentry$$0000000A          0x0800023e   Section        4  __rtentry2.o(.ARM.Collect$$rtentry$$0000000A)
    .ARM.Collect$$rtentry$$0000000C          0x08000242   Section        0  __rtentry2.o(.ARM.Collect$$rtentry$$0000000C)
    .ARM.Collect$$rtentry$$0000000D          0x08000242   Section        8  __rtentry2.o(.ARM.Collect$$rtentry$$0000000D)
    .ARM.Collect$$rtexit$$00000000           0x0800024a   Section        2  rtexit.o(.ARM.Collect$$rtexit$$00000000)
    .ARM.Collect$$rtexit$$00000002           0x0800024c   Section        0  rtexit2.o(.ARM.Collect$$rtexit$$00000002)
    .ARM.Collect$$rtexit$$00000003           0x0800024c   Section        4  rtexit2.o(.ARM.Collect$$rtexit$$00000003)
    .ARM.Collect$$rtexit$$00000004           0x08000250   Section        6  rtexit2.o(.ARM.Collect$$rtexit$$00000004)
    .emb_text                                0x08000258   Section        0  maybetermalloc1.o(.emb_text)
    .text                                    0x08000258   Section        0  main.o(.text)
    .text                                    0x08000724   Section        0  fput_debug.o(.text)
    .text                                    0x0800075c   Section       88  startup_stm32f407xx.o(.text)
    $v0                                      0x0800075c   Number         0  startup_stm32f407xx.o(.text)
    .text                                    0x080007b4   Section        0  system_stm32f4xx.o(.text)
    .text                                    0x080008d4   Section        0  arm_biquad_cascade_df1_f32.o(.text)
    .text                                    0x08000a20   Section        0  h1_alloc.o(.text)
    .text                                    0x08000a7e   Section        0  h1_free.o(.text)
    .text                                    0x08000acc   Section        0  noretval__2printf.o(.text)
    .text                                    0x08000ae4   Section        0  __printf.o(.text)
    .text                                    0x08000b4c   Section        0  _printf_dec.o(.text)
    .text                                    0x08000bc4   Section      100  rt_memcpy_w.o(.text)
    .text                                    0x08000c28   Section        0  heapauxi.o(.text)
    .text                                    0x08000c30   Section        8  rt_heap_descriptor_intlibspace.o(.text)
    .text                                    0x08000c38   Section        0  hguard.o(.text)
    .text                                    0x08000c3c   Section        0  init_alloc.o(.text)
    .text                                    0x08000cc6   Section        0  h1_init.o(.text)
    .text                                    0x08000cd4   Section        0  _printf_intcommon.o(.text)
    .text                                    0x08000d86   Section        0  _printf_fp_dec.o(.text)
    _fp_digits                               0x08000d89   Thumb Code   432  _printf_fp_dec.o(.text)
    .text                                    0x080011a4   Section        0  _printf_char_file.o(.text)
    .text                                    0x080011c8   Section        8  libspace.o(.text)
    .text                                    0x080011d0   Section        8  rt_locale_intlibspace.o(.text)
    .text                                    0x080011d8   Section        0  h1_extend.o(.text)
    .text                                    0x0800120c   Section      138  lludiv10.o(.text)
    .text                                    0x08001298   Section        0  _printf_char_common.o(.text)
    _printf_input_char                       0x08001299   Thumb Code    10  _printf_char_common.o(.text)
    .text                                    0x080012c8   Section        0  _printf_fp_infnan.o(.text)
    .text                                    0x08001348   Section        0  bigflt0.o(.text)
    .text                                    0x0800142c   Section        0  ferror.o(.text)
    .text                                    0x08001434   Section        0  initio.o(.text)
    .text                                    0x0800156c   Section        0  defsig_rtmem_outer.o(.text)
    .text                                    0x0800157a   Section        0  sys_io.o(.text)
    .text                                    0x080015e0   Section        2  use_no_semi.o(.text)
    .text                                    0x080015e2   Section       74  sys_stackheap_outer.o(.text)
    .text                                    0x080015e2   Section        0  indicate_semi.o(.text)
    .text                                    0x0800162c   Section        0  setvbuf.o(.text)
    .text                                    0x08001674   Section        0  fopen.o(.text)
    _freopen_locked                          0x08001675   Thumb Code     0  fopen.o(.text)
    .text                                    0x08001760   Section        0  fclose.o(.text)
    .text                                    0x080017ac   Section        0  exit.o(.text)
    .text                                    0x080017be   Section        0  defsig_exit.o(.text)
    .text                                    0x080017c8   Section        0  defsig_rtred_outer.o(.text)
    .text                                    0x080017d8   Section        0  defsig_rtmem_inner.o(.text)
    .text                                    0x08001828   Section       78  rt_memclr_w.o(.text)
    .text                                    0x08001878   Section      128  strcmpv7m.o(.text)
    .text                                    0x080018f8   Section        0  sys_exit.o(.text)
    .text                                    0x08001904   Section        0  _fptrap.o(.text)
    .text                                    0x08001934   Section        0  fseek.o(.text)
    .text                                    0x08001a2c   Section        0  stdio.o(.text)
    .text                                    0x08001b1c   Section        0  defsig_general.o(.text)
    .text                                    0x08001b50   Section        0  defsig_rtred_inner.o(.text)
    .text                                    0x08001b84   Section        0  strlen.o(.text)
    .text                                    0x08001bc2   Section        0  sys_wrch.o(.text)
    .text                                    0x08001bd0   Section        0  ftell.o(.text)
    .text                                    0x08001c12   Section        0  defsig_fpe_outer.o(.text)
    .text                                    0x08001c20   Section        8  rt_errno_addr_intlibspace.o(.text)
    .text                                    0x08001c28   Section        0  defsig_fpe_inner.o(.text)
    CL$$btod_d2e                             0x08001cd4   Section       62  btod.o(CL$$btod_d2e)
    CL$$btod_d2e_denorm_low                  0x08001d12   Section       70  btod.o(CL$$btod_d2e_denorm_low)
    CL$$btod_d2e_norm_op1                    0x08001d58   Section       96  btod.o(CL$$btod_d2e_norm_op1)
    CL$$btod_div_common                      0x08001db8   Section      824  btod.o(CL$$btod_div_common)
    CL$$btod_e2e                             0x080020f0   Section      220  btod.o(CL$$btod_e2e)
    CL$$btod_ediv                            0x080021cc   Section       42  btod.o(CL$$btod_ediv)
    CL$$btod_emul                            0x080021f6   Section       42  btod.o(CL$$btod_emul)
    CL$$btod_mult_common                     0x08002220   Section      580  btod.o(CL$$btod_mult_common)
    i.__ARM_fpclassify                       0x08002464   Section        0  fpclassify.o(i.__ARM_fpclassify)
    locale$$code                             0x08002494   Section       44  lc_numeric_c.o(locale$$code)
    text                                     0x080024c0   Section      112  assembly.o(text)
    $v0                                      0x080024c0   Number         0  assembly.o(text)
    x$fpl$dfltn                              0x08002530   Section       26  dflt_clz.o(x$fpl$dfltn)
    $v0                                      0x08002530   Number         0  dflt_clz.o(x$fpl$dfltn)
    x$fpl$dretinf                            0x0800254a   Section       12  dretinf.o(x$fpl$dretinf)
    $v0                                      0x0800254a   Number         0  dretinf.o(x$fpl$dretinf)
    x$fpl$exception                          0x08002558   Section      492  except.o(x$fpl$exception)
    $v0                                      0x08002558   Number         0  except.o(x$fpl$exception)
    x$fpl$f2d                                0x08002744   Section      122  f2d.o(x$fpl$f2d)
    $v0                                      0x08002744   Number         0  f2d.o(x$fpl$f2d)
    x$fpl$fnaninf                            0x080027be   Section      242  fnaninf.o(x$fpl$fnaninf)
    $v0                                      0x080027be   Number         0  fnaninf.o(x$fpl$fnaninf)
    x$fpl$fpinit                             0x080028b0   Section       10  fpinit.o(x$fpl$fpinit)
    $v0                                      0x080028b0   Number         0  fpinit.o(x$fpl$fpinit)
    x$fpl$funder                             0x080028ba   Section      316  funder_clz.o(x$fpl$funder)
    $v0                                      0x080028ba   Number         0  funder_clz.o(x$fpl$funder)
    x$fpl$ieeestatus                         0x080029f8   Section       32  istatus.o(x$fpl$ieeestatus)
    $v0                                      0x080029f8   Number         0  istatus.o(x$fpl$ieeestatus)
    x$fpl$printf1                            0x08002a18   Section        4  printf1.o(x$fpl$printf1)
    $v0                                      0x08002a18   Number         0  printf1.o(x$fpl$printf1)
    x$fpl$retnan                             0x08002a1c   Section      178  retnan.o(x$fpl$retnan)
    $v0                                      0x08002a1c   Number         0  retnan.o(x$fpl$retnan)
    x$fpl$trapveneer                         0x08002ace   Section      126  trapv.o(x$fpl$trapveneer)
    $v0                                      0x08002ace   Number         0  trapv.o(x$fpl$trapveneer)
    .constdata                               0x08002b4c   Section      352  main.o(.constdata)
    x$fpl$usenofp                            0x08002b4c   Section        0  usenofp.o(x$fpl$usenofp)
    .constdata                               0x08002cac   Section       16  system_stm32f4xx.o(.constdata)
    .constdata                               0x08002cbc   Section      148  bigflt0.o(.constdata)
    tenpwrs_x                                0x08002cbc   Data          60  bigflt0.o(.constdata)
    tenpwrs_i                                0x08002cf8   Data          64  bigflt0.o(.constdata)
    .constdata                               0x08002d50   Section        4  sys_io.o(.constdata)
    .constdata                               0x08002d54   Section        4  sys_io.o(.constdata)
    .constdata                               0x08002d58   Section        4  sys_io.o(.constdata)
    locale$$data                             0x08002d7c   Section       28  lc_numeric_c.o(locale$$data)
    __lcnum_c_name                           0x08002d80   Data           2  lc_numeric_c.o(locale$$data)
    __lcnum_c_start                          0x08002d88   Data           0  lc_numeric_c.o(locale$$data)
    __lcnum_c_point                          0x08002d94   Data           0  lc_numeric_c.o(locale$$data)
    __lcnum_c_thousands                      0x08002d96   Data           0  lc_numeric_c.o(locale$$data)
    __lcnum_c_grouping                       0x08002d97   Data           0  lc_numeric_c.o(locale$$data)
    __lcnum_c_end                            0x08002d98   Data           0  lc_numeric_c.o(locale$$data)
    .data                                    0x20000000   Section        4  system_stm32f4xx.o(.data)
    .data                                    0x20000004   Section        4  stdio_streams.o(.data)
    .data                                    0x20000008   Section        4  stdio_streams.o(.data)
    .data                                    0x2000000c   Section        4  stdio_streams.o(.data)
    .bss                                     0x20000010   Section       84  stdio_streams.o(.bss)
    .bss                                     0x20000064   Section       84  stdio_streams.o(.bss)
    .bss                                     0x200000b8   Section       84  stdio_streams.o(.bss)
    .bss                                     0x2000010c   Section       96  libspace.o(.bss)
    HEAP                                     0x20000170   Section      512  startup_stm32f407xx.o(HEAP)
    Heap_Mem                                 0x20000170   Data         512  startup_stm32f407xx.o(HEAP)
    STACK                                    0x20000370   Section     1024  startup_stm32f407xx.o(STACK)
    Stack_Mem                                0x20000370   Data        1024  startup_stm32f407xx.o(STACK)
    __initial_sp                             0x20000770   Data           0  startup_stm32f407xx.o(STACK)

    Global Symbols

    Symbol Name                              Value     Ov Type        Size  Object(Section)

    BuildAttributes$$THM_ISAv4$E$P$D$K$B$S$7EM$VFPi3$EXTD16$VFPS$VFMA$PE$A:L22UL41UL21$X:L11$S22US41US21$IEEE1$IW$USESV6$~STKCKD$USESV7$~SHL$OTIME$ROPI$IEEEX$EBA8$UX$STANDARDLIB$REQ8$PRES8$EABIv2 0x00000000   Number         0  anon$$obj.o ABSOLUTE
    __ARM_use_no_argv                        0x00000000   Number         0  main.o ABSOLUTE
    __ARM_exceptions_init                     - Undefined Weak Reference
    __alloca_initialize                       - Undefined Weak Reference
    __arm_preinit_                            - Undefined Weak Reference
    __cpp_initialize__aeabi_                  - Undefined Weak Reference
    __cxa_finalize                            - Undefined Weak Reference
    __sigvec_lookup                           - Undefined Weak Reference
    __user_heap_extent                        - Undefined Weak Reference
    _atexit_init                              - Undefined Weak Reference
    _call_atexit_fns                          - Undefined Weak Reference
    _clock_init                               - Undefined Weak Reference
    _fp_trap_big                              - Undefined Weak Reference
    _fp_trap_init                             - Undefined Weak Reference
    _fp_trap_shutdown                         - Undefined Weak Reference
    _get_lc_collate                           - Undefined Weak Reference
    _get_lc_ctype                             - Undefined Weak Reference
    _get_lc_monetary                          - Undefined Weak Reference
    _get_lc_time                              - Undefined Weak Reference
    _getenv_init                              - Undefined Weak Reference
    _handle_redirection                       - Undefined Weak Reference
    _mutex_acquire                            - Undefined Weak Reference
    _mutex_free                               - Undefined Weak Reference
    _mutex_release                            - Undefined Weak Reference
    _printf_post_padding                      - Undefined Weak Reference
    _printf_pre_padding                       - Undefined Weak Reference
    _printf_truncate_signed                   - Undefined Weak Reference
    _printf_truncate_unsigned                 - Undefined Weak Reference
    _rand_init                                - Undefined Weak Reference
    _signal_finish                            - Undefined Weak Reference
    _signal_init                              - Undefined Weak Reference
    __Vectors_Size                           0x00000188   Number         0  startup_stm32f407xx.o ABSOLUTE
    __Vectors                                0x08000000   Data           4  startup_stm32f407xx.o(RESET)
    __Vectors_End                            0x08000188   Data           0  startup_stm32f407xx.o(RESET)
    __main                                   0x08000189   Thumb Code     8  __main.o(!!!main)
    __scatterload                            0x08000191   Thumb Code     0  __scatter.o(!!!scatter)
    __scatterload_rt2                        0x08000191   Thumb Code    44  __scatter.o(!!!scatter)
    __scatterload_rt2_thumb_only             0x08000191   Thumb Code     0  __scatter.o(!!!scatter)
    __scatterload_null                       0x0800019f   Thumb Code     0  __scatter.o(!!!scatter)
    __scatterload_copy                       0x080001c5   Thumb Code    26  __scatter_copy.o(!!handler_copy)
    __scatterload_zeroinit                   0x080001e1   Thumb Code    28  __scatter_zi.o(!!handler_zi)
    _printf_f                                0x080001fd   Thumb Code     0  _printf_f.o(.ARM.Collect$$_printf_percent$$00000003)
    _printf_percent                          0x080001fd   Thumb Code     0  _printf_percent.o(.ARM.Collect$$_printf_percent$$00000000)
    _printf_d                                0x08000203   Thumb Code     0  _printf_d.o(.ARM.Collect$$_printf_percent$$00000009)
    _printf_percent_end                      0x08000209   Thumb Code     0  _printf_percent_end.o(.ARM.Collect$$_printf_percent$$00000017)
    __rt_lib_init                            0x0800020d   Thumb Code     0  libinit.o(.ARM.Collect$$libinit$$00000000)
    __rt_lib_init_fp_1                       0x0800020f   Thumb Code     0  libinit2.o(.ARM.Collect$$libinit$$00000001)
    __rt_lib_init_heap_2                     0x08000213   Thumb Code     0  libinit2.o(.ARM.Collect$$libinit$$00000005)
    __rt_lib_init_preinit_1                  0x08000213   Thumb Code     0  libinit2.o(.ARM.Collect$$libinit$$00000004)
    __rt_lib_init_heap_1                     0x0800021b   Thumb Code     0  libinit2.o(.ARM.Collect$$libinit$$0000000A)
    __rt_lib_init_lc_common                  0x0800021b   Thumb Code     0  libinit2.o(.ARM.Collect$$libinit$$0000000F)
    __rt_lib_init_rand_1                     0x0800021b   Thumb Code     0  libinit2.o(.ARM.Collect$$libinit$$0000000E)
    __rt_lib_init_user_alloc_1               0x0800021b   Thumb Code     0  libinit2.o(.ARM.Collect$$libinit$$0000000C)
    __rt_lib_init_lc_collate_1               0x08000221   Thumb Code     0  libinit2.o(.ARM.Collect$$libinit$$00000011)
    __rt_lib_init_lc_ctype_1                 0x08000221   Thumb Code     0  libinit2.o(.ARM.Collect$$libinit$$00000013)
    __rt_lib_init_lc_monetary_1              0x08000221   Thumb Code     0  libinit2.o(.ARM.Collect$$libinit$$00000015)
    __rt_lib_init_lc_numeric_2               0x08000221   Thumb Code     0  libinit2.o(.ARM.Collect$$libinit$$00000016)
    __rt_lib_init_atexit_1                   0x0800022b   Thumb Code     0  libinit2.o(.ARM.Collect$$libinit$$0000001B)
    __rt_lib_init_clock_1                    0x0800022b   Thumb Code     0  libinit2.o(.ARM.Collect$$libinit$$00000021)
    __rt_lib_init_fp_trap_1                  0x0800022b   Thumb Code     0  libinit2.o(.ARM.Collect$$libinit$$0000001F)
    __rt_lib_init_getenv_1                   0x0800022b   Thumb Code     0  libinit2.o(.ARM.Collect$$libinit$$00000023)
    __rt_lib_init_lc_numeric_1               0x0800022b   Thumb Code     0  libinit2.o(.ARM.Collect$$libinit$$00000017)
    __rt_lib_init_lc_time_1                  0x0800022b   Thumb Code     0  libinit2.o(.ARM.Collect$$libinit$$00000019)
    __rt_lib_init_signal_1                   0x0800022b   Thumb Code     0  libinit2.o(.ARM.Collect$$libinit$$0000001D)
    __rt_lib_init_stdio_2                    0x0800022b   Thumb Code     0  libinit2.o(.ARM.Collect$$libinit$$00000024)
    __rt_lib_init_alloca_1                   0x0800022f   Thumb Code     0  libinit2.o(.ARM.Collect$$libinit$$0000002E)
    __rt_lib_init_argv_1                     0x0800022f   Thumb Code     0  libinit2.o(.ARM.Collect$$libinit$$0000002C)
    __rt_lib_init_cpp_1                      0x0800022f   Thumb Code     0  libinit2.o(.ARM.Collect$$libinit$$00000032)
    __rt_lib_init_exceptions_1               0x0800022f   Thumb Code     0  libinit2.o(.ARM.Collect$$libinit$$00000030)
    __rt_lib_init_return                     0x0800022f   Thumb Code     0  libinit2.o(.ARM.Collect$$libinit$$00000033)
    __rt_lib_init_stdio_1                    0x0800022f   Thumb Code     0  libinit2.o(.ARM.Collect$$libinit$$00000025)
    __rt_lib_shutdown                        0x08000231   Thumb Code     0  libshutdown.o(.ARM.Collect$$libshutdown$$00000000)
    __rt_lib_shutdown_cpp_1                  0x08000233   Thumb Code     0  libshutdown2.o(.ARM.Collect$$libshutdown$$00000002)
    __rt_lib_shutdown_stdio_2                0x08000233   Thumb Code     0  libshutdown2.o(.ARM.Collect$$libshutdown$$00000003)
    __rt_lib_shutdown_fp_trap_1              0x08000237   Thumb Code     0  libshutdown2.o(.ARM.Collect$$libshutdown$$00000007)
    __rt_lib_shutdown_heap_1                 0x08000237   Thumb Code     0  libshutdown2.o(.ARM.Collect$$libshutdown$$0000000F)
    __rt_lib_shutdown_return                 0x08000237   Thumb Code     0  libshutdown2.o(.ARM.Collect$$libshutdown$$00000010)
    __rt_lib_shutdown_signal_1               0x08000237   Thumb Code     0  libshutdown2.o(.ARM.Collect$$libshutdown$$0000000A)
    __rt_lib_shutdown_stdio_1                0x08000237   Thumb Code     0  libshutdown2.o(.ARM.Collect$$libshutdown$$00000004)
    __rt_lib_shutdown_user_alloc_1           0x08000237   Thumb Code     0  libshutdown2.o(.ARM.Collect$$libshutdown$$0000000C)
    __rt_entry                               0x08000239   Thumb Code     0  __rtentry.o(.ARM.Collect$$rtentry$$00000000)
    __rt_entry_presh_1                       0x08000239   Thumb Code     0  __rtentry2.o(.ARM.Collect$$rtentry$$00000002)
    __rt_entry_sh                            0x08000239   Thumb Code     0  __rtentry4.o(.ARM.Collect$$rtentry$$00000004)
    __rt_entry_li                            0x0800023f   Thumb Code     0  __rtentry2.o(.ARM.Collect$$rtentry$$0000000A)
    __rt_entry_postsh_1                      0x0800023f   Thumb Code     0  __rtentry2.o(.ARM.Collect$$rtentry$$00000009)
    __rt_entry_main                          0x08000243   Thumb Code     0  __rtentry2.o(.ARM.Collect$$rtentry$$0000000D)
    __rt_entry_postli_1                      0x08000243   Thumb Code     0  __rtentry2.o(.ARM.Collect$$rtentry$$0000000C)
    __rt_exit                                0x0800024b   Thumb Code     0  rtexit.o(.ARM.Collect$$rtexit$$00000000)
    __rt_exit_ls                             0x0800024d   Thumb Code     0  rtexit2.o(.ARM.Collect$$rtexit$$00000003)
    __rt_exit_prels_1                        0x0800024d   Thumb Code     0  rtexit2.o(.ARM.Collect$$rtexit$$00000002)
    __rt_exit_exit                           0x08000251   Thumb Code     0  rtexit2.o(.ARM.Collect$$rtexit$$00000004)
    IIR_C                                    0x08000259   Thumb Code   186  main.o(.text)
    _maybe_terminate_alloc                   0x08000259   Thumb Code     0  maybetermalloc1.o(.emb_text)
    IIR_CMSIS                                0x08000313   Thumb Code    52  main.o(.text)
    main                                     0x08000347   Thumb Code   772  main.o(.text)
    IIR_Cstate                               0x0800064b   Thumb Code   138  main.o(.text)
    fputc                                    0x08000725   Thumb Code    52  fput_debug.o(.text)
    Reset_Handler                            0x0800075d   Thumb Code    28  startup_stm32f407xx.o(.text)
    NMI_Handler                              0x08000779   Thumb Code     2  startup_stm32f407xx.o(.text)
    HardFault_Handler                        0x0800077b   Thumb Code     2  startup_stm32f407xx.o(.text)
    MemManage_Handler                        0x0800077d   Thumb Code     2  startup_stm32f407xx.o(.text)
    BusFault_Handler                         0x0800077f   Thumb Code     2  startup_stm32f407xx.o(.text)
    UsageFault_Handler                       0x08000781   Thumb Code     2  startup_stm32f407xx.o(.text)
    SVC_Handler                              0x08000783   Thumb Code     2  startup_stm32f407xx.o(.text)
    DebugMon_Handler                         0x08000785   Thumb Code     2  startup_stm32f407xx.o(.text)
    PendSV_Handler                           0x08000787   Thumb Code     2  startup_stm32f407xx.o(.text)
    SysTick_Handler                          0x08000789   Thumb Code     2  startup_stm32f407xx.o(.text)
    ADC_IRQHandler                           0x0800078b   Thumb Code     0  startup_stm32f407xx.o(.text)
    CAN1_RX0_IRQHandler                      0x0800078b   Thumb Code     0  startup_stm32f407xx.o(.text)
    CAN1_RX1_IRQHandler                      0x0800078b   Thumb Code     0  startup_stm32f407xx.o(.text)
    CAN1_SCE_IRQHandler                      0x0800078b   Thumb Code     0  startup_stm32f407xx.o(.text)
    CAN1_TX_IRQHandler                       0x0800078b   Thumb Code     0  startup_stm32f407xx.o(.text)
    CAN2_RX0_IRQHandler                      0x0800078b   Thumb Code     0  startup_stm32f407xx.o(.text)
    CAN2_RX1_IRQHandler                      0x0800078b   Thumb Code     0  startup_stm32f407xx.o(.text)
    CAN2_SCE_IRQHandler                      0x0800078b   Thumb Code     0  startup_stm32f407xx.o(.text)
    CAN2_TX_IRQHandler                       0x0800078b   Thumb Code     0  startup_stm32f407xx.o(.text)
    DCMI_IRQHandler                          0x0800078b   Thumb Code     0  startup_stm32f407xx.o(.text)
    DMA1_Stream0_IRQHandler                  0x0800078b   Thumb Code     0  startup_stm32f407xx.o(.text)
    DMA1_Stream1_IRQHandler                  0x0800078b   Thumb Code     0  startup_stm32f407xx.o(.text)
    DMA1_Stream2_IRQHandler                  0x0800078b   Thumb Code     0  startup_stm32f407xx.o(.text)
    DMA1_Stream3_IRQHandler                  0x0800078b   Thumb Code     0  startup_stm32f407xx.o(.text)
    DMA1_Stream4_IRQHandler                  0x0800078b   Thumb Code     0  startup_stm32f407xx.o(.text)
    DMA1_Stream5_IRQHandler                  0x0800078b   Thumb Code     0  startup_stm32f407xx.o(.text)
    DMA1_Stream6_IRQHandler                  0x0800078b   Thumb Code     0  startup_stm32f407xx.o(.text)
    DMA1_Stream7_IRQHandler                  0x0800078b   Thumb Code     0  startup_stm32f407xx.o(.text)
    DMA2_Stream0_IRQHandler                  0x0800078b   Thumb Code     0  startup_stm32f407xx.o(.text)
    DMA2_Stream1_IRQHandler                  0x0800078b   Thumb Code     0  startup_stm32f407xx.o(.text)
    DMA2_Stream2_IRQHandler                  0x0800078b   Thumb Code     0  startup_stm32f407xx.o(.text)
    DMA2_Stream3_IRQHandler                  0x0800078b   Thumb Code     0  startup_stm32f407xx.o(.text)
    DMA2_Stream4_IRQHandler                  0x0800078b   Thumb Code     0  startup_stm32f407xx.o(.text)
    DMA2_Stream5_IRQHandler                  0x0800078b   Thumb Code     0  startup_stm32f407xx.o(.text)
    DMA2_Stream6_IRQHandler                  0x0800078b   Thumb Code     0  startup_stm32f407xx.o(.text)
    DMA2_Stream7_IRQHandler                  0x0800078b   Thumb Code     0  startup_stm32f407xx.o(.text)
    ETH_IRQHandler                           0x0800078b   Thumb Code     0  startup_stm32f407xx.o(.text)
    ETH_WKUP_IRQHandler                      0x0800078b   Thumb Code     0  startup_stm32f407xx.o(.text)
    EXTI0_IRQHandler                         0x0800078b   Thumb Code     0  startup_stm32f407xx.o(.text)
    EXTI15_10_IRQHandler                     0x0800078b   Thumb Code     0  startup_stm32f407xx.o(.text)
    EXTI1_IRQHandler                         0x0800078b   Thumb Code     0  startup_stm32f407xx.o(.text)
    EXTI2_IRQHandler                         0x0800078b   Thumb Code     0  startup_stm32f407xx.o(.text)
    EXTI3_IRQHandler                         0x0800078b   Thumb Code     0  startup_stm32f407xx.o(.text)
    EXTI4_IRQHandler                         0x0800078b   Thumb Code     0  startup_stm32f407xx.o(.text)
    EXTI9_5_IRQHandler                       0x0800078b   Thumb Code     0  startup_stm32f407xx.o(.text)
    FLASH_IRQHandler                         0x0800078b   Thumb Code     0  startup_stm32f407xx.o(.text)
    FMC_IRQHandler                           0x0800078b   Thumb Code     0  startup_stm32f407xx.o(.text)
    FPU_IRQHandler                           0x0800078b   Thumb Code     0  startup_stm32f407xx.o(.text)
    HASH_RNG_IRQHandler                      0x0800078b   Thumb Code     0  startup_stm32f407xx.o(.text)
    I2C1_ER_IRQHandler                       0x0800078b   Thumb Code     0  startup_stm32f407xx.o(.text)
    I2C1_EV_IRQHandler                       0x0800078b   Thumb Code     0  startup_stm32f407xx.o(.text)
    I2C2_ER_IRQHandler                       0x0800078b   Thumb Code     0  startup_stm32f407xx.o(.text)
    I2C2_EV_IRQHandler                       0x0800078b   Thumb Code     0  startup_stm32f407xx.o(.text)
    I2C3_ER_IRQHandler                       0x0800078b   Thumb Code     0  startup_stm32f407xx.o(.text)
    I2C3_EV_IRQHandler                       0x0800078b   Thumb Code     0  startup_stm32f407xx.o(.text)
    OTG_FS_IRQHandler                        0x0800078b   Thumb Code     0  startup_stm32f407xx.o(.text)
    OTG_FS_WKUP_IRQHandler                   0x0800078b   Thumb Code     0  startup_stm32f407xx.o(.text)
    OTG_HS_EP1_IN_IRQHandler                 0x0800078b   Thumb Code     0  startup_stm32f407xx.o(.text)
    OTG_HS_EP1_OUT_IRQHandler                0x0800078b   Thumb Code     0  startup_stm32f407xx.o(.text)
    OTG_HS_IRQHandler                        0x0800078b   Thumb Code     0  startup_stm32f407xx.o(.text)
    OTG_HS_WKUP_IRQHandler                   0x0800078b   Thumb Code     0  startup_stm32f407xx.o(.text)
    PVD_IRQHandler                           0x0800078b   Thumb Code     0  startup_stm32f407xx.o(.text)
    RCC_IRQHandler                           0x0800078b   Thumb Code     0  startup_stm32f407xx.o(.text)
    RTC_Alarm_IRQHandler                     0x0800078b   Thumb Code     0  startup_stm32f407xx.o(.text)
    RTC_WKUP_IRQHandler                      0x0800078b   Thumb Code     0  startup_stm32f407xx.o(.text)
    SDIO_IRQHandler                          0x0800078b   Thumb Code     0  startup_stm32f407xx.o(.text)
    SPI1_IRQHandler                          0x0800078b   Thumb Code     0  startup_stm32f407xx.o(.text)
    SPI2_IRQHandler                          0x0800078b   Thumb Code     0  startup_stm32f407xx.o(.text)
    SPI3_IRQHandler                          0x0800078b   Thumb Code     0  startup_stm32f407xx.o(.text)
    TAMP_STAMP_IRQHandler                    0x0800078b   Thumb Code     0  startup_stm32f407xx.o(.text)
    TIM1_BRK_TIM9_IRQHandler                 0x0800078b   Thumb Code     0  startup_stm32f407xx.o(.text)
    TIM1_CC_IRQHandler                       0x0800078b   Thumb Code     0  startup_stm32f407xx.o(.text)
    TIM1_TRG_COM_TIM11_IRQHandler            0x0800078b   Thumb Code     0  startup_stm32f407xx.o(.text)
    TIM1_UP_TIM10_IRQHandler                 0x0800078b   Thumb Code     0  startup_stm32f407xx.o(.text)
    TIM2_IRQHandler                          0x0800078b   Thumb Code     0  startup_stm32f407xx.o(.text)
    TIM3_IRQHandler                          0x0800078b   Thumb Code     0  startup_stm32f407xx.o(.text)
    TIM4_IRQHandler                          0x0800078b   Thumb Code     0  startup_stm32f407xx.o(.text)
    TIM5_IRQHandler                          0x0800078b   Thumb Code     0  startup_stm32f407xx.o(.text)
    TIM6_DAC_IRQHandler                      0x0800078b   Thumb Code     0  startup_stm32f407xx.o(.text)
    TIM7_IRQHandler                          0x0800078b   Thumb Code     0  startup_stm32f407xx.o(.text)
    TIM8_BRK_TIM12_IRQHandler                0x0800078b   Thumb Code     0  startup_stm32f407xx.o(.text)
    TIM8_CC_IRQHandler                       0x0800078b   Thumb Code     0  startup_stm32f407xx.o(.text)
    TIM8_TRG_COM_TIM14_IRQHandler            0x0800078b   Thumb Code     0  startup_stm32f407xx.o(.text)
    TIM8_UP_TIM13_IRQHandler                 0x0800078b   Thumb Code     0  startup_stm32f407xx.o(.text)
    UART4_IRQHandler                         0x0800078b   Thumb Code     0  startup_stm32f407xx.o(.text)
    UART5_IRQHandler                         0x0800078b   Thumb Code     0  startup_stm32f407xx.o(.text)
    USART1_IRQHandler                        0x0800078b   Thumb Code     0  startup_stm32f407xx.o(.text)
    USART2_IRQHandler                        0x0800078b   Thumb Code     0  startup_stm32f407xx.o(.text)
    USART3_IRQHandler                        0x0800078b   Thumb Code     0  startup_stm32f407xx.o(.text)
    USART6_IRQHandler                        0x0800078b   Thumb Code     0  startup_stm32f407xx.o(.text)
    WWDG_IRQHandler                          0x0800078b   Thumb Code     0  startup_stm32f407xx.o(.text)
    __user_initial_stackheap                 0x0800078d   Thumb Code     0  startup_stm32f407xx.o(.text)
    SystemInit                               0x080007b5   Thumb Code    82  system_stm32f4xx.o(.text)
    SystemCoreClockUpdate                    0x08000807   Thumb Code   174  system_stm32f4xx.o(.text)
    arm_biquad_cascade_df1_f32               0x080008d5   Thumb Code   332  arm_biquad_cascade_df1_f32.o(.text)
    malloc                                   0x08000a21   Thumb Code    94  h1_alloc.o(.text)
    free                                     0x08000a7f   Thumb Code    78  h1_free.o(.text)
    __2printf                                0x08000acd   Thumb Code    20  noretval__2printf.o(.text)
    __printf                                 0x08000ae5   Thumb Code   104  __printf.o(.text)
    _printf_int_dec                          0x08000b4d   Thumb Code   104  _printf_dec.o(.text)
    __aeabi_memcpy4                          0x08000bc5   Thumb Code     0  rt_memcpy_w.o(.text)
    __aeabi_memcpy8                          0x08000bc5   Thumb Code     0  rt_memcpy_w.o(.text)
    __rt_memcpy_w                            0x08000bc5   Thumb Code   100  rt_memcpy_w.o(.text)
    _memcpy_lastbytes_aligned                0x08000c0d   Thumb Code     0  rt_memcpy_w.o(.text)
    __use_two_region_memory                  0x08000c29   Thumb Code     2  heapauxi.o(.text)
    __rt_heap_escrow                         0x08000c2b   Thumb Code     2  heapauxi.o(.text)
    __rt_heap_expand                         0x08000c2d   Thumb Code     2  heapauxi.o(.text)
    __rt_heap_descriptor                     0x08000c31   Thumb Code     8  rt_heap_descriptor_intlibspace.o(.text)
    __use_no_heap                            0x08000c39   Thumb Code     2  hguard.o(.text)
    __heap$guard                             0x08000c3b   Thumb Code     2  hguard.o(.text)
    _terminate_user_alloc                    0x08000c3d   Thumb Code     2  init_alloc.o(.text)
    _init_user_alloc                         0x08000c3f   Thumb Code     2  init_alloc.o(.text)
    __Heap_Full                              0x08000c41   Thumb Code    34  init_alloc.o(.text)
    __Heap_Broken                            0x08000c63   Thumb Code     6  init_alloc.o(.text)
    _init_alloc                              0x08000c69   Thumb Code    94  init_alloc.o(.text)
    __Heap_Initialize                        0x08000cc7   Thumb Code    10  h1_init.o(.text)
    __Heap_DescSize                          0x08000cd1   Thumb Code     4  h1_init.o(.text)
    _printf_int_common                       0x08000cd5   Thumb Code   178  _printf_intcommon.o(.text)
    __lib_sel_fp_printf                      0x08000d87   Thumb Code     2  _printf_fp_dec.o(.text)
    _printf_fp_dec_real                      0x08000f39   Thumb Code   620  _printf_fp_dec.o(.text)
    _printf_char_file                        0x080011a5   Thumb Code    32  _printf_char_file.o(.text)
    __user_libspace                          0x080011c9   Thumb Code     8  libspace.o(.text)
    __user_perproc_libspace                  0x080011c9   Thumb Code     0  libspace.o(.text)
    __user_perthread_libspace                0x080011c9   Thumb Code     0  libspace.o(.text)
    __rt_locale                              0x080011d1   Thumb Code     8  rt_locale_intlibspace.o(.text)
    __Heap_ProvideMemory                     0x080011d9   Thumb Code    52  h1_extend.o(.text)
    _ll_udiv10                               0x0800120d   Thumb Code   138  lludiv10.o(.text)
    _printf_char_common                      0x080012a3   Thumb Code    32  _printf_char_common.o(.text)
    _printf_fp_infnan                        0x080012c9   Thumb Code   112  _printf_fp_infnan.o(.text)
    _btod_etento                             0x08001349   Thumb Code   224  bigflt0.o(.text)
    ferror                                   0x0800142d   Thumb Code     8  ferror.o(.text)
    _initio                                  0x08001435   Thumb Code   210  initio.o(.text)
    _terminateio                             0x08001507   Thumb Code    56  initio.o(.text)
    __rt_SIGRTMEM                            0x0800156d   Thumb Code    14  defsig_rtmem_outer.o(.text)
    _sys_open                                0x0800157b   Thumb Code    20  sys_io.o(.text)
    _sys_close                               0x0800158f   Thumb Code    12  sys_io.o(.text)
    _sys_write                               0x0800159b   Thumb Code    16  sys_io.o(.text)
    _sys_read                                0x080015ab   Thumb Code    14  sys_io.o(.text)
    _sys_istty                               0x080015b9   Thumb Code    12  sys_io.o(.text)
    _sys_seek                                0x080015c5   Thumb Code    14  sys_io.o(.text)
    _sys_ensure                              0x080015d3   Thumb Code     2  sys_io.o(.text)
    _sys_flen                                0x080015d5   Thumb Code    12  sys_io.o(.text)
    __I$use$semihosting                      0x080015e1   Thumb Code     0  use_no_semi.o(.text)
    __use_no_semihosting_swi                 0x080015e1   Thumb Code     2  use_no_semi.o(.text)
    __semihosting_library_function           0x080015e3   Thumb Code     0  indicate_semi.o(.text)
    __user_setup_stackheap                   0x080015e3   Thumb Code    74  sys_stackheap_outer.o(.text)
    setvbuf                                  0x0800162d   Thumb Code    70  setvbuf.o(.text)
    freopen                                  0x08001675   Thumb Code   158  fopen.o(.text)
    fopen                                    0x08001713   Thumb Code    74  fopen.o(.text)
    _fclose_internal                         0x08001761   Thumb Code    76  fclose.o(.text)
    fclose                                   0x08001761   Thumb Code     0  fclose.o(.text)
    exit                                     0x080017ad   Thumb Code    18  exit.o(.text)
    __sig_exit                               0x080017bf   Thumb Code    10  defsig_exit.o(.text)
    __rt_SIGRTRED                            0x080017c9   Thumb Code    14  defsig_rtred_outer.o(.text)
    __rt_SIGRTMEM_inner                      0x080017d9   Thumb Code    22  defsig_rtmem_inner.o(.text)
    __aeabi_memclr4                          0x08001829   Thumb Code     0  rt_memclr_w.o(.text)
    __aeabi_memclr8                          0x08001829   Thumb Code     0  rt_memclr_w.o(.text)
    __rt_memclr_w                            0x08001829   Thumb Code    78  rt_memclr_w.o(.text)
    _memset_w                                0x0800182d   Thumb Code     0  rt_memclr_w.o(.text)
    strcmp                                   0x08001879   Thumb Code   128  strcmpv7m.o(.text)
    _sys_exit                                0x080018f9   Thumb Code     8  sys_exit.o(.text)
    _fp_trap                                 0x08001905   Thumb Code    44  _fptrap.o(.text)
    _fseek                                   0x08001935   Thumb Code   242  fseek.o(.text)
    fseek                                    0x08001935   Thumb Code     0  fseek.o(.text)
    _seterr                                  0x08001a2d   Thumb Code    20  stdio.o(.text)
    _writebuf                                0x08001a41   Thumb Code    84  stdio.o(.text)
    _fflush                                  0x08001a95   Thumb Code    70  stdio.o(.text)
    _deferredlazyseek                        0x08001adb   Thumb Code    60  stdio.o(.text)
    __default_signal_display                 0x08001b1d   Thumb Code    50  defsig_general.o(.text)
    __rt_SIGRTRED_inner                      0x08001b51   Thumb Code    14  defsig_rtred_inner.o(.text)
    strlen                                   0x08001b85   Thumb Code    62  strlen.o(.text)
    _ttywrch                                 0x08001bc3   Thumb Code    14  sys_wrch.o(.text)
    _ftell_internal                          0x08001bd1   Thumb Code    66  ftell.o(.text)
    ftell                                    0x08001bd1   Thumb Code     0  ftell.o(.text)
    __rt_SIGFPE                              0x08001c13   Thumb Code    14  defsig_fpe_outer.o(.text)
    __aeabi_errno_addr                       0x08001c21   Thumb Code     8  rt_errno_addr_intlibspace.o(.text)
    __errno$intlibspace                      0x08001c21   Thumb Code     0  rt_errno_addr_intlibspace.o(.text)
    __rt_errno_addr$intlibspace              0x08001c21   Thumb Code     0  rt_errno_addr_intlibspace.o(.text)
    __rt_SIGFPE_inner                        0x08001c29   Thumb Code    62  defsig_fpe_inner.o(.text)
    _btod_d2e                                0x08001cd5   Thumb Code    62  btod.o(CL$$btod_d2e)
    _d2e_denorm_low                          0x08001d13   Thumb Code    70  btod.o(CL$$btod_d2e_denorm_low)
    _d2e_norm_op1                            0x08001d59   Thumb Code    96  btod.o(CL$$btod_d2e_norm_op1)
    __btod_div_common                        0x08001db9   Thumb Code   696  btod.o(CL$$btod_div_common)
    _e2e                                     0x080020f1   Thumb Code   220  btod.o(CL$$btod_e2e)
    _btod_ediv                               0x080021cd   Thumb Code    42  btod.o(CL$$btod_ediv)
    _btod_emul                               0x080021f7   Thumb Code    42  btod.o(CL$$btod_emul)
    __btod_mult_common                       0x08002221   Thumb Code   580  btod.o(CL$$btod_mult_common)
    __ARM_fpclassify                         0x08002465   Thumb Code    48  fpclassify.o(i.__ARM_fpclassify)
    _get_lc_numeric                          0x08002495   Thumb Code    44  lc_numeric_c.o(locale$$code)
    IIR_asm                                  0x080024c1   Thumb Code     0  assembly.o(text)
    __dflt_normalise                         0x08002531   Thumb Code    26  dflt_clz.o(x$fpl$dfltn)
    __fpl_dretinf                            0x0800254b   Thumb Code    12  dretinf.o(x$fpl$dretinf)
    __fpl_exception                          0x08002559   Thumb Code   454  except.o(x$fpl$exception)
    __aeabi_f2d                              0x08002745   Thumb Code     0  f2d.o(x$fpl$f2d)
    _f2d                                     0x08002745   Thumb Code   122  f2d.o(x$fpl$f2d)
    __fpl_fnaninf                            0x080027bf   Thumb Code   242  fnaninf.o(x$fpl$fnaninf)
    _fp_init                                 0x080028b1   Thumb Code    10  fpinit.o(x$fpl$fpinit)
    __fplib_config_fpu_vfp                   0x080028b9   Thumb Code     0  fpinit.o(x$fpl$fpinit)
    __fplib_config_pureend_doubles           0x080028b9   Thumb Code     0  fpinit.o(x$fpl$fpinit)
    __funder                                 0x080028bb   Thumb Code   254  funder_clz.o(x$fpl$funder)
    __funder_d                               0x080029b9   Thumb Code    62  funder_clz.o(x$fpl$funder)
    __ieee_status                            0x080029f9   Thumb Code    28  istatus.o(x$fpl$ieeestatus)
    _printf_fp_dec                           0x08002a19   Thumb Code     4  printf1.o(x$fpl$printf1)
    __fpl_return_NaN                         0x08002a1d   Thumb Code   178  retnan.o(x$fpl$retnan)
    _fp_trapveneer                           0x08002acf   Thumb Code    36  trapv.o(x$fpl$trapveneer)
    __fpl_cmpreturn                          0x08002af3   Thumb Code    90  trapv.o(x$fpl$trapveneer)
    __I$use$fp                               0x08002b4c   Number         0  usenofp.o(x$fpl$usenofp)
    AHBPrescTable                            0x08002cac   Data          16  system_stm32f4xx.o(.constdata)
    __stdin_name                             0x08002d50   Data           4  sys_io.o(.constdata)
    __stdout_name                            0x08002d54   Data           4  sys_io.o(.constdata)
    __stderr_name                            0x08002d58   Data           4  sys_io.o(.constdata)
    Region$$Table$$Base                      0x08002d5c   Number         0  anon$$obj.o(Region$$Table)
    Region$$Table$$Limit                     0x08002d7c   Number         0  anon$$obj.o(Region$$Table)
    SystemCoreClock                          0x20000000   Data           4  system_stm32f4xx.o(.data)
    __aeabi_stdin                            0x20000004   Data           4  stdio_streams.o(.data)
    __aeabi_stdout                           0x20000008   Data           4  stdio_streams.o(.data)
    __aeabi_stderr                           0x2000000c   Data           4  stdio_streams.o(.data)
    __stdin                                  0x20000010   Data          84  stdio_streams.o(.bss)
    __stdout                                 0x20000064   Data          84  stdio_streams.o(.bss)
    __stderr                                 0x200000b8   Data          84  stdio_streams.o(.bss)
    __libspace_start                         0x2000010c   Data          96  libspace.o(.bss)
    __temporary_stack_top$libspace           0x2000016c   Data           0  libspace.o(.bss)



==============================================================================

Memory Map of the image

  Image Entry point : 0x08000189

  Load Region LR_IROM1 (Base: 0x08000000, Size: 0x00002da8, Max: 0x00100000, ABSOLUTE)

    Execution Region ER_IROM1 (Exec base: 0x08000000, Load base: 0x08000000, Size: 0x00002d98, Max: 0x00100000, ABSOLUTE)

    Exec Addr    Load Addr    Size         Type   Attr      Idx    E Section Name        Object

    0x08000000   0x08000000   0x00000188   Data   RO          104    RESET               startup_stm32f407xx.o
    0x08000188   0x08000188   0x00000008   Code   RO          290  * !!!main             c_w.l(__main.o)
    0x08000190   0x08000190   0x00000034   Code   RO          623    !!!scatter          c_w.l(__scatter.o)
    0x080001c4   0x080001c4   0x0000001a   Code   RO          625    !!handler_copy      c_w.l(__scatter_copy.o)
    0x080001de   0x080001de   0x00000002   PAD
    0x080001e0   0x080001e0   0x0000001c   Code   RO          627    !!handler_zi        c_w.l(__scatter_zi.o)
    0x080001fc   0x080001fc   0x00000000   Code   RO          285    .ARM.Collect$$_printf_percent$$00000000  c_w.l(_printf_percent.o)
    0x080001fc   0x080001fc   0x00000006   Code   RO          284    .ARM.Collect$$_printf_percent$$00000003  c_w.l(_printf_f.o)
    0x08000202   0x08000202   0x00000006   Code   RO          283    .ARM.Collect$$_printf_percent$$00000009  c_w.l(_printf_d.o)
    0x08000208   0x08000208   0x00000004   Code   RO          330    .ARM.Collect$$_printf_percent$$00000017  c_w.l(_printf_percent_end.o)
    0x0800020c   0x0800020c   0x00000002   Code   RO          539    .ARM.Collect$$libinit$$00000000  c_w.l(libinit.o)
    0x0800020e   0x0800020e   0x00000004   Code   RO          339    .ARM.Collect$$libinit$$00000001  c_w.l(libinit2.o)
    0x08000212   0x08000212   0x00000000   Code   RO          342    .ARM.Collect$$libinit$$00000004  c_w.l(libinit2.o)
    0x08000212   0x08000212   0x00000008   Code   RO          343    .ARM.Collect$$libinit$$00000005  c_w.l(libinit2.o)
    0x0800021a   0x0800021a   0x00000000   Code   RO          345    .ARM.Collect$$libinit$$0000000A  c_w.l(libinit2.o)
    0x0800021a   0x0800021a   0x00000000   Code   RO          347    .ARM.Collect$$libinit$$0000000C  c_w.l(libinit2.o)
    0x0800021a   0x0800021a   0x00000000   Code   RO          349    .ARM.Collect$$libinit$$0000000E  c_w.l(libinit2.o)
    0x0800021a   0x0800021a   0x00000006   Code   RO          350    .ARM.Collect$$libinit$$0000000F  c_w.l(libinit2.o)
    0x08000220   0x08000220   0x00000000   Code   RO          352    .ARM.Collect$$libinit$$00000011  c_w.l(libinit2.o)
    0x08000220   0x08000220   0x00000000   Code   RO          354    .ARM.Collect$$libinit$$00000013  c_w.l(libinit2.o)
    0x08000220   0x08000220   0x00000000   Code   RO          356    .ARM.Collect$$libinit$$00000015  c_w.l(libinit2.o)
    0x08000220   0x08000220   0x0000000a   Code   RO          357    .ARM.Collect$$libinit$$00000016  c_w.l(libinit2.o)
    0x0800022a   0x0800022a   0x00000000   Code   RO          358    .ARM.Collect$$libinit$$00000017  c_w.l(libinit2.o)
    0x0800022a   0x0800022a   0x00000000   Code   RO          360    .ARM.Collect$$libinit$$00000019  c_w.l(libinit2.o)
    0x0800022a   0x0800022a   0x00000000   Code   RO          362    .ARM.Collect$$libinit$$0000001B  c_w.l(libinit2.o)
    0x0800022a   0x0800022a   0x00000000   Code   RO          364    .ARM.Collect$$libinit$$0000001D  c_w.l(libinit2.o)
    0x0800022a   0x0800022a   0x00000000   Code   RO          366    .ARM.Collect$$libinit$$0000001F  c_w.l(libinit2.o)
    0x0800022a   0x0800022a   0x00000000   Code   RO          368    .ARM.Collect$$libinit$$00000021  c_w.l(libinit2.o)
    0x0800022a   0x0800022a   0x00000000   Code   RO          370    .ARM.Collect$$libinit$$00000023  c_w.l(libinit2.o)
    0x0800022a   0x0800022a   0x00000004   Code   RO          371    .ARM.Collect$$libinit$$00000024  c_w.l(libinit2.o)
    0x0800022e   0x0800022e   0x00000000   Code   RO          372    .ARM.Collect$$libinit$$00000025  c_w.l(libinit2.o)
    0x0800022e   0x0800022e   0x00000000   Code   RO          376    .ARM.Collect$$libinit$$0000002C  c_w.l(libinit2.o)
    0x0800022e   0x0800022e   0x00000000   Code   RO          378    .ARM.Collect$$libinit$$0000002E  c_w.l(libinit2.o)
    0x0800022e   0x0800022e   0x00000000   Code   RO          380    .ARM.Collect$$libinit$$00000030  c_w.l(libinit2.o)
    0x0800022e   0x0800022e   0x00000000   Code   RO          382    .ARM.Collect$$libinit$$00000032  c_w.l(libinit2.o)
    0x0800022e   0x0800022e   0x00000002   Code   RO          383    .ARM.Collect$$libinit$$00000033  c_w.l(libinit2.o)
    0x08000230   0x08000230   0x00000002   Code   RO          620    .ARM.Collect$$libshutdown$$00000000  c_w.l(libshutdown.o)
    0x08000232   0x08000232   0x00000000   Code   RO          541    .ARM.Collect$$libshutdown$$00000002  c_w.l(libshutdown2.o)
    0x08000232   0x08000232   0x00000004   Code   RO          542    .ARM.Collect$$libshutdown$$00000003  c_w.l(libshutdown2.o)
    0x08000236   0x08000236   0x00000000   Code   RO          543    .ARM.Collect$$libshutdown$$00000004  c_w.l(libshutdown2.o)
    0x08000236   0x08000236   0x00000000   Code   RO          546    .ARM.Collect$$libshutdown$$00000007  c_w.l(libshutdown2.o)
    0x08000236   0x08000236   0x00000000   Code   RO          549    .ARM.Collect$$libshutdown$$0000000A  c_w.l(libshutdown2.o)
    0x08000236   0x08000236   0x00000000   Code   RO          551    .ARM.Collect$$libshutdown$$0000000C  c_w.l(libshutdown2.o)
    0x08000236   0x08000236   0x00000000   Code   RO          554    .ARM.Collect$$libshutdown$$0000000F  c_w.l(libshutdown2.o)
    0x08000236   0x08000236   0x00000002   Code   RO          555    .ARM.Collect$$libshutdown$$00000010  c_w.l(libshutdown2.o)
    0x08000238   0x08000238   0x00000000   Code   RO          298    .ARM.Collect$$rtentry$$00000000  c_w.l(__rtentry.o)
    0x08000238   0x08000238   0x00000000   Code   RO          401    .ARM.Collect$$rtentry$$00000002  c_w.l(__rtentry2.o)
    0x08000238   0x08000238   0x00000006   Code   RO          413    .ARM.Collect$$rtentry$$00000004  c_w.l(__rtentry4.o)
    0x0800023e   0x0800023e   0x00000000   Code   RO          403    .ARM.Collect$$rtentry$$00000009  c_w.l(__rtentry2.o)
    0x0800023e   0x0800023e   0x00000004   Code   RO          404    .ARM.Collect$$rtentry$$0000000A  c_w.l(__rtentry2.o)
    0x08000242   0x08000242   0x00000000   Code   RO          406    .ARM.Collect$$rtentry$$0000000C  c_w.l(__rtentry2.o)
    0x08000242   0x08000242   0x00000008   Code   RO          407    .ARM.Collect$$rtentry$$0000000D  c_w.l(__rtentry2.o)
    0x0800024a   0x0800024a   0x00000002   Code   RO          562    .ARM.Collect$$rtexit$$00000000  c_w.l(rtexit.o)
    0x0800024c   0x0800024c   0x00000000   Code   RO          585    .ARM.Collect$$rtexit$$00000002  c_w.l(rtexit2.o)
    0x0800024c   0x0800024c   0x00000004   Code   RO          586    .ARM.Collect$$rtexit$$00000003  c_w.l(rtexit2.o)
    0x08000250   0x08000250   0x00000006   Code   RO          587    .ARM.Collect$$rtexit$$00000004  c_w.l(rtexit2.o)
    0x08000256   0x08000256   0x00000002   PAD
    0x08000258   0x08000258   0x00000000   Code   RO          422    .emb_text           c_w.l(maybetermalloc1.o)
    0x08000258   0x08000258   0x000004cc   Code   RO            4    .text               main.o
    0x08000724   0x08000724   0x00000038   Code   RO           61    .text               fput_debug.o
    0x0800075c   0x0800075c   0x00000058   Code   RO          105    .text               startup_stm32f407xx.o
    0x080007b4   0x080007b4   0x00000120   Code   RO          112    .text               system_stm32f4xx.o
    0x080008d4   0x080008d4   0x0000014c   Code   RO          148    .text               arm_cortexM4lf_math.lib(arm_biquad_cascade_df1_f32.o)
    0x08000a20   0x08000a20   0x0000005e   Code   RO          197    .text               c_w.l(h1_alloc.o)
    0x08000a7e   0x08000a7e   0x0000004e   Code   RO          199    .text               c_w.l(h1_free.o)
    0x08000acc   0x08000acc   0x00000018   Code   RO          257    .text               c_w.l(noretval__2printf.o)
    0x08000ae4   0x08000ae4   0x00000068   Code   RO          259    .text               c_w.l(__printf.o)
    0x08000b4c   0x08000b4c   0x00000078   Code   RO          261    .text               c_w.l(_printf_dec.o)
    0x08000bc4   0x08000bc4   0x00000064   Code   RO          286    .text               c_w.l(rt_memcpy_w.o)
    0x08000c28   0x08000c28   0x00000006   Code   RO          288    .text               c_w.l(heapauxi.o)
    0x08000c2e   0x08000c2e   0x00000002   PAD
    0x08000c30   0x08000c30   0x00000008   Code   RO          302    .text               c_w.l(rt_heap_descriptor_intlibspace.o)
    0x08000c38   0x08000c38   0x00000004   Code   RO          304    .text               c_w.l(hguard.o)
    0x08000c3c   0x08000c3c   0x0000008a   Code   RO          306    .text               c_w.l(init_alloc.o)
    0x08000cc6   0x08000cc6   0x0000000e   Code   RO          310    .text               c_w.l(h1_init.o)
    0x08000cd4   0x08000cd4   0x000000b2   Code   RO          324    .text               c_w.l(_printf_intcommon.o)
    0x08000d86   0x08000d86   0x0000041e   Code   RO          326    .text               c_w.l(_printf_fp_dec.o)
    0x080011a4   0x080011a4   0x00000024   Code   RO          328    .text               c_w.l(_printf_char_file.o)
    0x080011c8   0x080011c8   0x00000008   Code   RO          397    .text               c_w.l(libspace.o)
    0x080011d0   0x080011d0   0x00000008   Code   RO          418    .text               c_w.l(rt_locale_intlibspace.o)
    0x080011d8   0x080011d8   0x00000034   Code   RO          424    .text               c_w.l(h1_extend.o)
    0x0800120c   0x0800120c   0x0000008a   Code   RO          428    .text               c_w.l(lludiv10.o)
    0x08001296   0x08001296   0x00000002   PAD
    0x08001298   0x08001298   0x00000030   Code   RO          430    .text               c_w.l(_printf_char_common.o)
    0x080012c8   0x080012c8   0x00000080   Code   RO          432    .text               c_w.l(_printf_fp_infnan.o)
    0x08001348   0x08001348   0x000000e4   Code   RO          434    .text               c_w.l(bigflt0.o)
    0x0800142c   0x0800142c   0x00000008   Code   RO          459    .text               c_w.l(ferror.o)
    0x08001434   0x08001434   0x00000138   Code   RO          461    .text               c_w.l(initio.o)
    0x0800156c   0x0800156c   0x0000000e   Code   RO          470    .text               c_w.l(defsig_rtmem_outer.o)
    0x0800157a   0x0800157a   0x00000066   Code   RO          489    .text               c_w.l(sys_io.o)
    0x080015e0   0x080015e0   0x00000002   Code   RO          494    .text               c_w.l(use_no_semi.o)
    0x080015e2   0x080015e2   0x00000000   Code   RO          496    .text               c_w.l(indicate_semi.o)
    0x080015e2   0x080015e2   0x0000004a   Code   RO          497    .text               c_w.l(sys_stackheap_outer.o)
    0x0800162c   0x0800162c   0x00000046   Code   RO          505    .text               c_w.l(setvbuf.o)
    0x08001672   0x08001672   0x00000002   PAD
    0x08001674   0x08001674   0x000000ec   Code   RO          508    .text               c_w.l(fopen.o)
    0x08001760   0x08001760   0x0000004c   Code   RO          510    .text               c_w.l(fclose.o)
    0x080017ac   0x080017ac   0x00000012   Code   RO          516    .text               c_w.l(exit.o)
    0x080017be   0x080017be   0x0000000a   Code   RO          518    .text               c_w.l(defsig_exit.o)
    0x080017c8   0x080017c8   0x0000000e   Code   RO          520    .text               c_w.l(defsig_rtred_outer.o)
    0x080017d6   0x080017d6   0x00000002   PAD
    0x080017d8   0x080017d8   0x00000050   Code   RO          524    .text               c_w.l(defsig_rtmem_inner.o)
    0x08001828   0x08001828   0x0000004e   Code   RO          526    .text               c_w.l(rt_memclr_w.o)
    0x08001876   0x08001876   0x00000002   PAD
    0x08001878   0x08001878   0x00000080   Code   RO          528    .text               c_w.l(strcmpv7m.o)
    0x080018f8   0x080018f8   0x0000000c   Code   RO          560    .text               c_w.l(sys_exit.o)
    0x08001904   0x08001904   0x00000030   Code   RO          568    .text               c_w.l(_fptrap.o)
    0x08001934   0x08001934   0x000000f8   Code   RO          570    .text               c_w.l(fseek.o)
    0x08001a2c   0x08001a2c   0x000000f0   Code   RO          572    .text               c_w.l(stdio.o)
    0x08001b1c   0x08001b1c   0x00000032   Code   RO          576    .text               c_w.l(defsig_general.o)
    0x08001b4e   0x08001b4e   0x00000002   PAD
    0x08001b50   0x08001b50   0x00000034   Code   RO          578    .text               c_w.l(defsig_rtred_inner.o)
    0x08001b84   0x08001b84   0x0000003e   Code   RO          580    .text               c_w.l(strlen.o)
    0x08001bc2   0x08001bc2   0x0000000e   Code   RO          582    .text               c_w.l(sys_wrch.o)
    0x08001bd0   0x08001bd0   0x00000042   Code   RO          591    .text               c_w.l(ftell.o)
    0x08001c12   0x08001c12   0x0000000e   Code   RO          593    .text               c_w.l(defsig_fpe_outer.o)
    0x08001c20   0x08001c20   0x00000008   Code   RO          602    .text               c_w.l(rt_errno_addr_intlibspace.o)
    0x08001c28   0x08001c28   0x000000ac   Code   RO          606    .text               c_w.l(defsig_fpe_inner.o)
    0x08001cd4   0x08001cd4   0x0000003e   Code   RO          437    CL$$btod_d2e        c_w.l(btod.o)
    0x08001d12   0x08001d12   0x00000046   Code   RO          439    CL$$btod_d2e_denorm_low  c_w.l(btod.o)
    0x08001d58   0x08001d58   0x00000060   Code   RO          438    CL$$btod_d2e_norm_op1  c_w.l(btod.o)
    0x08001db8   0x08001db8   0x00000338   Code   RO          447    CL$$btod_div_common  c_w.l(btod.o)
    0x080020f0   0x080020f0   0x000000dc   Code   RO          444    CL$$btod_e2e        c_w.l(btod.o)
    0x080021cc   0x080021cc   0x0000002a   Code   RO          441    CL$$btod_ediv       c_w.l(btod.o)
    0x080021f6   0x080021f6   0x0000002a   Code   RO          440    CL$$btod_emul       c_w.l(btod.o)
    0x08002220   0x08002220   0x00000244   Code   RO          446    CL$$btod_mult_common  c_w.l(btod.o)
    0x08002464   0x08002464   0x00000030   Code   RO          487    i.__ARM_fpclassify  m_wm.l(fpclassify.o)
    0x08002494   0x08002494   0x0000002c   Code   RO          468    locale$$code        c_w.l(lc_numeric_c.o)
    0x080024c0   0x080024c0   0x00000070   Code   RO           99    text                assembly.o
    0x08002530   0x08002530   0x0000001a   Code   RO          386    x$fpl$dfltn         g_wm.l(dflt_clz.o)
    0x0800254a   0x0800254a   0x0000000c   Code   RO          390    x$fpl$dretinf       g_wm.l(dretinf.o)
    0x08002556   0x08002556   0x00000002   PAD
    0x08002558   0x08002558   0x000001ec   Code   RO          479    x$fpl$exception     g_wm.l(except.o)
    0x08002744   0x08002744   0x0000007a   Code   RO          292    x$fpl$f2d           g_wm.l(f2d.o)
    0x080027be   0x080027be   0x000000f2   Code   RO          392    x$fpl$fnaninf       g_wm.l(fnaninf.o)
    0x080028b0   0x080028b0   0x0000000a   Code   RO          481    x$fpl$fpinit        g_wm.l(fpinit.o)
    0x080028ba   0x080028ba   0x0000013c   Code   RO          483    x$fpl$funder        g_wm.l(funder_clz.o)
    0x080029f6   0x080029f6   0x00000002   PAD
    0x080029f8   0x080029f8   0x00000020   Code   RO          485    x$fpl$ieeestatus    g_wm.l(istatus.o)
    0x08002a18   0x08002a18   0x00000004   Code   RO          294    x$fpl$printf1       g_wm.l(printf1.o)
    0x08002a1c   0x08002a1c   0x000000b2   Code   RO          556    x$fpl$retnan        g_wm.l(retnan.o)
    0x08002ace   0x08002ace   0x0000007e   Code   RO          558    x$fpl$trapveneer    g_wm.l(trapv.o)
    0x08002b4c   0x08002b4c   0x00000000   Code   RO          394    x$fpl$usenofp       g_wm.l(usenofp.o)
    0x08002b4c   0x08002b4c   0x00000160   Data   RO            5    .constdata          main.o
    0x08002cac   0x08002cac   0x00000010   Data   RO          113    .constdata          system_stm32f4xx.o
    0x08002cbc   0x08002cbc   0x00000094   Data   RO          435    .constdata          c_w.l(bigflt0.o)
    0x08002d50   0x08002d50   0x00000004   Data   RO          490    .constdata          c_w.l(sys_io.o)
    0x08002d54   0x08002d54   0x00000004   Data   RO          491    .constdata          c_w.l(sys_io.o)
    0x08002d58   0x08002d58   0x00000004   Data   RO          492    .constdata          c_w.l(sys_io.o)
    0x08002d5c   0x08002d5c   0x00000020   Data   RO          621    Region$$Table       anon$$obj.o
    0x08002d7c   0x08002d7c   0x0000001c   Data   RO          467    locale$$data        c_w.l(lc_numeric_c.o)


    Execution Region RW_IRAM1 (Exec base: 0x20000000, Load base: 0x08002d98, Size: 0x00000770, Max: 0x00020000, ABSOLUTE)

    Exec Addr    Load Addr    Size         Type   Attr      Idx    E Section Name        Object

    0x20000000   0x08002d98   0x00000004   Data   RW          114    .data               system_stm32f4xx.o
    0x20000004   0x08002d9c   0x00000004   Data   RW          334    .data               c_w.l(stdio_streams.o)
    0x20000008   0x08002da0   0x00000004   Data   RW          335    .data               c_w.l(stdio_streams.o)
    0x2000000c   0x08002da4   0x00000004   Data   RW          336    .data               c_w.l(stdio_streams.o)
    0x20000010        -       0x00000054   Zero   RW          331    .bss                c_w.l(stdio_streams.o)
    0x20000064        -       0x00000054   Zero   RW          332    .bss                c_w.l(stdio_streams.o)
    0x200000b8        -       0x00000054   Zero   RW          333    .bss                c_w.l(stdio_streams.o)
    0x2000010c        -       0x00000060   Zero   RW          398    .bss                c_w.l(libspace.o)
    0x2000016c   0x08002da8   0x00000004   PAD
    0x20000170        -       0x00000200   Zero   RW          103    HEAP                startup_stm32f407xx.o
    0x20000370        -       0x00000400   Zero   RW          102    STACK               startup_stm32f407xx.o


==============================================================================

Image component sizes


      Code (inc. data)   RO Data    RW Data    ZI Data      Debug   Object Name

       112          6          0          0          0        332   assembly.o
        56          4          0          0          0     581543   fput_debug.o
      1228         80        352          0          0      21722   main.o
        88         30        392          0       1536        940   startup_stm32f407xx.o
       288         32         16          4          0       1883   system_stm32f4xx.o

    ----------------------------------------------------------------------
      1772        152        792          4       1536     606420   Object Totals
         0          0         32          0          0          0   (incl. Generated)
         0          0          0          0          0          0   (incl. Padding)

    ----------------------------------------------------------------------

      Code (inc. data)   RO Data    RW Data    ZI Data      Debug   Library Member Name

       332          0          0          0          0      18545   arm_biquad_cascade_df1_f32.o
         8          0          0          0          0         68   __main.o
       104          0          0          0          0         84   __printf.o
         0          0          0          0          0          0   __rtentry.o
        12          0          0          0          0          0   __rtentry2.o
         6          0          0          0          0          0   __rtentry4.o
        52          8          0          0          0          0   __scatter.o
        26          0          0          0          0          0   __scatter_copy.o
        28          0          0          0          0          0   __scatter_zi.o
        48          4          0          0          0         84   _fptrap.o
        48          6          0          0          0         96   _printf_char_common.o
        36          4          0          0          0         80   _printf_char_file.o
         6          0          0          0          0          0   _printf_d.o
       120         16          0          0          0         92   _printf_dec.o
         6          0          0          0          0          0   _printf_f.o
      1054          0          0          0          0        216   _printf_fp_dec.o
       128         16          0          0          0         84   _printf_fp_infnan.o
       178          0          0          0          0         88   _printf_intcommon.o
         0          0          0          0          0          0   _printf_percent.o
         4          0          0          0          0          0   _printf_percent_end.o
       228          4        148          0          0         96   bigflt0.o
      1936        128          0          0          0        672   btod.o
        10          0          0          0          0         68   defsig_exit.o
       172        110          0          0          0         76   defsig_fpe_inner.o
        14          0          0          0          0         80   defsig_fpe_outer.o
        50          0          0          0          0         88   defsig_general.o
        80         58          0          0          0         76   defsig_rtmem_inner.o
        14          0          0          0          0         80   defsig_rtmem_outer.o
        52         38          0          0          0         76   defsig_rtred_inner.o
        14          0          0          0          0         80   defsig_rtred_outer.o
        18          0          0          0          0         80   exit.o
        76          0          0          0          0         88   fclose.o
         8          0          0          0          0         68   ferror.o
       236          4          0          0          0        128   fopen.o
       248          6          0          0          0         84   fseek.o
        66          0          0          0          0         76   ftell.o
        94          0          0          0          0         80   h1_alloc.o
        52          0          0          0          0         68   h1_extend.o
        78          0          0          0          0         80   h1_free.o
        14          0          0          0          0         84   h1_init.o
         6          0          0          0          0        152   heapauxi.o
         4          0          0          0          0        136   hguard.o
         0          0          0          0          0          0   indicate_semi.o
       138          0          0          0          0        168   init_alloc.o
       312         46          0          0          0        112   initio.o
        44         10         28          0          0         76   lc_numeric_c.o
         2          0          0          0          0          0   libinit.o
        34          0          0          0          0          0   libinit2.o
         2          0          0          0          0          0   libshutdown.o
         6          0          0          0          0          0   libshutdown2.o
         8          4          0          0         96         68   libspace.o
       138          0          0          0          0         80   lludiv10.o
         0          0          0          0          0          0   maybetermalloc1.o
        24          4          0          0          0         84   noretval__2printf.o
         8          4          0          0          0         68   rt_errno_addr_intlibspace.o
         8          4          0          0          0         68   rt_heap_descriptor_intlibspace.o
         8          4          0          0          0         68   rt_locale_intlibspace.o
        78          0          0          0          0         80   rt_memclr_w.o
       100          0          0          0          0         80   rt_memcpy_w.o
         2          0          0          0          0          0   rtexit.o
        10          0          0          0          0          0   rtexit2.o
        70          0          0          0          0         80   setvbuf.o
       240          6          0          0          0        156   stdio.o
         0          0          0         12        252          0   stdio_streams.o
       128          0          0          0          0         68   strcmpv7m.o
        62          0          0          0          0         76   strlen.o
        12          4          0          0          0         68   sys_exit.o
       102          0         12          0          0        240   sys_io.o
        74          0          0          0          0         80   sys_stackheap_outer.o
        14          0          0          0          0         76   sys_wrch.o
         2          0          0          0          0         68   use_no_semi.o
        26          0          0          0          0        116   dflt_clz.o
        12          0          0          0          0        116   dretinf.o
       492         36          0          0          0        148   except.o
       122          8          0          0          0        132   f2d.o
       242          4          0          0          0        144   fnaninf.o
        10          0          0          0          0        116   fpinit.o
       316          0          0          0          0        132   funder_clz.o
        32          4          0          0          0        116   istatus.o
         4          0          0          0          0        116   printf1.o
       178          0          0          0          0        116   retnan.o
       126          0          0          0          0        148   trapv.o
         0          0          0          0          0          0   usenofp.o
        48          0          0          0          0        124   fpclassify.o

    ----------------------------------------------------------------------
      8920        540        188         12        352      25341   Library Totals
        20          0          0          0          4          0   (incl. Padding)

    ----------------------------------------------------------------------

      Code (inc. data)   RO Data    RW Data    ZI Data      Debug   Library Name

       332          0          0          0          0      18545   arm_cortexM4lf_math.lib
      6960        488        188         12        348       5272   c_w.l
      1560         52          0          0          0       1400   g_wm.l
        48          0          0          0          0        124   m_wm.l

    ----------------------------------------------------------------------
      8920        540        188         12        352      25341   Library Totals

    ----------------------------------------------------------------------

==============================================================================


      Code (inc. data)   RO Data    RW Data    ZI Data      Debug   

     10692        692        980         16       1888     627649   Grand Totals
     10692        692        980         16       1888     627649   ELF Image Totals
     10692        692        980         16          0          0   ROM Totals

==============================================================================

    Total RO  Size (Code + RO Data)                11672 (  11.40kB)
    Total RW  Size (RW Data + ZI Data)              1904 (   1.86kB)
    Total ROM Size (Code + RO Data + RW Data)      11688 (  11.41kB)

==============================================================================

