Component: ARM Compiler 5.06 update 5 (build 528) Tool: armlink [4d35e2]

==============================================================================

Section Cross References

    main.o(.text) refers to rt_cmsis.o(i.osThreadCreate) for osThreadCreate
    main.o(.text) refers to rt_cmsis.o(i.osSemaphoreCreate) for osSemaphoreCreate
    main.o(.text) refers to lis3dsh.o(.text) for LIS3DSH_DataReadyInterruptConfig
    main.o(.text) refers to stm32f4xx_hal_rcc.o(.text) for HAL_RCC_OscConfig
    main.o(.text) refers to stm32f4xx_hal.o(.text) for HAL_Init
    main.o(.text) refers to gpio.o(.text) for MX_GPIO_Init
    main.o(.text) refers to tim.o(.text) for MX_TIM4_Init
    main.o(.text) refers to stm32f4xx_hal_cortex.o(.text) for HAL_NVIC_EnableIRQ
    main.o(.text) refers to stm32f4xx_hal_tim.o(.text) for HAL_TIM_Base_Start_IT
    main.o(.text) refers to rt_cmsis.o(i.osKernelStart) for osKernelStart
    main.o(.text) refers to printf2.o(i.__0printf$2) for __2printf
    main.o(.text) refers to stm32f4xx_hal_gpio.o(.text) for HAL_GPIO_WritePin
    main.o(.text) refers to rt_time.o(.data) for os_time
    main.o(.text) refers to main.o(.constdata) for os_thread_def_flag_handler
    main.o(.text) refers to main.o(.data) for flagHandle
    main.o(.text) refers to tim.o(.bss) for htim4
    main.o(.text) refers to rt_cmsis.o(i.osSemaphoreWait) for osSemaphoreWait
    main.o(.text) refers to atoi.o(.text) for atoi
    main.o(.text) refers to rt_cmsis.o(i.osSemaphoreRelease) for osSemaphoreRelease
    main.o(.text) refers to rt_cmsis.o(i.osDelay) for osDelay
    main.o(.text) refers to main.o(.bss) for D
    main.o(.text) refers to f2d.o(.text) for __aeabi_f2d
    main.o(.text) refers to dmul.o(.text) for __aeabi_dmul
    main.o(.text) refers to dadd.o(.text) for __aeabi_dadd
    main.o(.text) refers to d2f.o(.text) for __aeabi_d2f
    main.o(.text) refers to acos.o(i.__hardfp_acos) for __hardfp_acos
    main.o(.text) refers to ddiv.o(.text) for __aeabi_ddiv
    main.o(.text) refers to sqrt.o(i.__hardfp_sqrt) for __hardfp_sqrt
    main.o(.text) refers to atan.o(i.__hardfp_atan) for __hardfp_atan
    main.o(.text) refers to rt_cmsis.o(i.osThreadTerminate) for osThreadTerminate
    main.o(.constdata) refers to main.o(.text) for keypad_handler
    main.o(.constdata) refers to main.o(.data) for os_semaphore_cb_calcSem
    supporting_functions.o(.text) refers to printf2.o(i.__0printf$2) for __2printf
    gpio.o(.text) refers to stm32f4xx_hal_gpio.o(.text) for HAL_GPIO_Init
    stm32f4xx_hal_msp.o(.text) refers to stm32f4xx_hal_cortex.o(.text) for HAL_NVIC_SetPriorityGrouping
    tim.o(.text) refers to stm32f4xx_hal_tim.o(.text) for HAL_TIM_PWM_Init
    tim.o(.text) refers to stm32f4xx_hal_tim_ex.o(.text) for HAL_TIMEx_MasterConfigSynchronization
    tim.o(.text) refers to stm32f4xx_hal_gpio.o(.text) for HAL_GPIO_Init
    tim.o(.text) refers to tim.o(.bss) for htim4
    stm32f4xx_it.o(.text) refers to stm32f4xx_hal_gpio.o(.text) for HAL_GPIO_EXTI_IRQHandler
    lis3dsh.o(.text) refers to stm32f4xx_hal_gpio.o(.text) for HAL_GPIO_WritePin
    lis3dsh.o(.text) refers to stm32f4xx_hal_spi.o(.text) for HAL_SPI_DeInit
    lis3dsh.o(.text) refers to printf2.o(i.__0printf$2) for __2printf
    lis3dsh.o(.text) refers to f2d.o(.text) for __aeabi_f2d
    lis3dsh.o(.text) refers to dmul.o(.text) for __aeabi_dmul
    lis3dsh.o(.text) refers to d2f.o(.text) for __aeabi_d2f
    lis3dsh.o(.text) refers to lis3dsh.o(.data) for LIS3DSHTimeout
    lis3dsh.o(.text) refers to lis3dsh.o(.bss) for SpiHandle
    rtx_conf_cm.o(.ARM.Collect$$$$000000FF) refers to rt_cmsis.o(i.osKernelInitialize) for osKernelInitialize
    rtx_conf_cm.o(.ARM.Collect$$$$000000FF) refers to rt_cmsis.o(i.osThreadCreate) for osThreadCreate
    rtx_conf_cm.o(.ARM.Collect$$$$000000FF) refers to rt_cmsis.o(i.osKernelStart) for osKernelStart
    rtx_conf_cm.o(.ARM.Collect$$$$000000FF) refers to rtx_conf_cm.o(.constdata) for .constdata
    rtx_conf_cm.o(.constdata) refers to rt_cmsis.o(i.osTimerThread) for osTimerThread
    rtx_conf_cm.o(.constdata) refers to rtx_conf_cm.o(.bss) for os_messageQ_q_osTimerMessageQ
    rtx_conf_cm.o(.constdata) refers to main.o(.text) for main
    stm32f4xx_hal.o(.text) refers to stm32f4xx_hal_rcc.o(.text) for HAL_RCC_GetHCLKFreq
    stm32f4xx_hal.o(.text) refers to stm32f4xx_hal_cortex.o(.text) for HAL_SYSTICK_Config
    stm32f4xx_hal.o(.text) refers to stm32f4xx_hal_msp.o(.text) for HAL_MspInit
    stm32f4xx_hal.o(.text) refers to main.o(.text) for HAL_GetTick
    stm32f4xx_hal.o(.text) refers to stm32f4xx_hal.o(.data) for uwTick
    stm32f4xx_hal_adc.o(.text) refers to main.o(.text) for HAL_GetTick
    stm32f4xx_hal_adc.o(.text) refers to system_stm32f4xx.o(.data) for SystemCoreClock
    stm32f4xx_hal_adc.o(.text) refers to stm32f4xx_hal_adc_ex.o(.text) for HAL_ADCEx_InjectedConvCpltCallback
[...]
    i.rt_put_rdy_first                       0x0800a180   Section        0  rt_list.o(i.rt_put_rdy_first)
    i.rt_resort_prio                         0x0800a194   Section        0  rt_list.o(i.rt_resort_prio)
    i.rt_ret_regs                            0x0800a1c8   Section        0  hal_cm.o(i.rt_ret_regs)
    rt_ret_regs                              0x0800a1c9   Thumb Code    16  hal_cm.o(i.rt_ret_regs)
    i.rt_ret_val                             0x0800a1d8   Section        0  hal_cm.o(i.rt_ret_val)
    i.rt_ret_val2                            0x0800a1e4   Section        0  hal_cm.o(i.rt_ret_val2)
    i.rt_rmv_dly                             0x0800a1f4   Section        0  rt_list.o(i.rt_rmv_dly)
    i.rt_rmv_list                            0x0800a21c   Section        0  rt_list.o(i.rt_rmv_list)
    i.rt_sem_init                            0x0800a24c   Section        0  rt_semaphore.o(i.rt_sem_init)
    i.rt_sem_psh                             0x0800a258   Section        0  rt_semaphore.o(i.rt_sem_psh)
    i.rt_sem_send                            0x0800a28c   Section        0  rt_semaphore.o(i.rt_sem_send)
    i.rt_sem_wait                            0x0800a2b8   Section        0  rt_semaphore.o(i.rt_sem_wait)
    i.rt_stk_check                           0x0800a2f8   Section        0  rt_system.o(i.rt_stk_check)
    i.rt_switch_req                          0x0800a31c   Section        0  rt_task.o(i.rt_switch_req)
    i.rt_sys_init                            0x0800a344   Section        0  rt_task.o(i.rt_sys_init)
    i.rt_sys_start                           0x0800a410   Section        0  rt_task.o(i.rt_sys_start)
    i.rt_systick                             0x0800a488   Section        0  rt_system.o(i.rt_systick)
    i.rt_tid2ptcb                            0x0800a4c8   Section        0  rt_cmsis.o(i.rt_tid2ptcb)
    rt_tid2ptcb                              0x0800a4c9   Thumb Code    18  rt_cmsis.o(i.rt_tid2ptcb)
    i.rt_timer_insert                        0x0800a4dc   Section        0  rt_cmsis.o(i.rt_timer_insert)
    rt_timer_insert                          0x0800a4dd   Thumb Code    48  rt_cmsis.o(i.rt_timer_insert)
    i.rt_tsk_create                          0x0800a510   Section        0  rt_task.o(i.rt_tsk_create)
    i.rt_tsk_delete                          0x0800a598   Section        0  rt_task.o(i.rt_tsk_delete)
    i.rt_tsk_prio                            0x0800a714   Section        0  rt_task.o(i.rt_tsk_prio)
    i.rt_tsk_self                            0x0800a790   Section        0  rt_task.o(i.rt_tsk_self)
    i.sqrt                                   0x0800a7a0   Section        0  sqrt.o(i.sqrt)
    i.svcDelay                               0x0800a80e   Section        0  rt_cmsis.o(i.svcDelay)
    i.svcKernelInitialize                    0x0800a820   Section        0  rt_cmsis.o(i.svcKernelInitialize)
    i.svcKernelStart                         0x0800a890   Section        0  rt_cmsis.o(i.svcKernelStart)
    i.svcMessageCreate                       0x0800a8d8   Section        0  rt_cmsis.o(i.svcMessageCreate)
    i.svcMessageGet                          0x0800a8fc   Section        0  rt_cmsis.o(i.svcMessageGet)
    i.svcSemaphoreCreate                     0x0800a936   Section        0  rt_cmsis.o(i.svcSemaphoreCreate)
    i.svcSemaphoreRelease                    0x0800a95a   Section        0  rt_cmsis.o(i.svcSemaphoreRelease)
    i.svcSemaphoreWait                       0x0800a982   Section        0  rt_cmsis.o(i.svcSemaphoreWait)
    i.svcThreadCreate                        0x0800a9b4   Section        0  rt_cmsis.o(i.svcThreadCreate)
    i.svcThreadGetId                         0x0800aa20   Section        0  rt_cmsis.o(i.svcThreadGetId)
    i.svcThreadTerminate                     0x0800aa3c   Section        0  rt_cmsis.o(i.svcThreadTerminate)
    i.svcTimerCall                           0x0800aa74   Section        0  rt_cmsis.o(i.svcTimerCall)
    i.sysTimerTick                           0x0800aa8c   Section        0  rt_cmsis.o(i.sysTimerTick)
    .constdata                               0x0800aae8   Section       84  main.o(.constdata)
    .constdata                               0x0800ab3c   Section      104  rtx_conf_cm.o(.constdata)
    __tagsym$$used                           0x0800ab58   Number         0  rtx_conf_cm.o(.constdata)
    __tagsym$$used                           0x0800ab5c   Number         0  rtx_conf_cm.o(.constdata)
    __tagsym$$used                           0x0800ab60   Number         0  rtx_conf_cm.o(.constdata)
    __tagsym$$used                           0x0800ab64   Number         0  rtx_conf_cm.o(.constdata)
    .constdata                               0x0800aba4   Section        8  stm32f4xx_hal_dma.o(.constdata)
    flagBitshiftOffset                       0x0800aba4   Data           8  stm32f4xx_hal_dma.o(.constdata)
    .constdata                               0x0800abac   Section       16  stm32f4xx_hal_rcc.o(.constdata)
    .constdata                               0x0800abbc   Section       16  system_stm32f4xx.o(.constdata)
    .constdata                               0x0800abd0   Section       80  acos.o(.constdata)
    pS                                       0x0800abd0   Data          48  acos.o(.constdata)
    qS                                       0x0800ac00   Data          32  acos.o(.constdata)
    .constdata                               0x0800ac20   Section      152  atan.o(.constdata)
    atanhi                                   0x0800ac20   Data          32  atan.o(.constdata)
    atanlo                                   0x0800ac40   Data          32  atan.o(.constdata)
    aTodd                                    0x0800ac60   Data          40  atan.o(.constdata)
    aTeven                                   0x0800ac88   Data          48  atan.o(.constdata)
    .constdata                               0x0800acb8   Section      129  ctype_o.o(.constdata)
    .constdata                               0x0800ad3c   Section        4  ctype_o.o(.constdata)
    table                                    0x0800ad3c   Data           4  ctype_o.o(.constdata)
    .data                                    0x20000000   Section      128  main.o(.data)
    .data                                    0x20000080   Section        4  lis3dsh.o(.data)
    .data                                    0x20000084   Section       16  rtx_conf_cm.o(.data)
    .data                                    0x20000094   Section        4  stm32f4xx_hal.o(.data)
    uwTick                                   0x20000094   Data           4  stm32f4xx_hal.o(.data)
    .data                                    0x20000098   Section        4  system_stm32f4xx.o(.data)
    .data                                    0x2000009c   Section        8  rt_cmsis.o(.data)
    .data                                    0x200000a4   Section        4  rt_time.o(.data)
    .data                                    0x200000a8   Section        8  rt_task.o(.data)
    .data                                    0x200000b0   Section        8  rt_system.o(.data)
    os_lock                                  0x200000b0   Data           1  rt_system.o(.data)
    os_psh_flag                              0x200000b1   Data           1  rt_system.o(.data)
    pend_flags                               0x200000b2   Data           1  rt_system.o(.data)
    .data                                    0x200000b8   Section        1  hal_cm.o(.data)
    .data                                    0x200000bc   Section        8  rt_robin.o(.data)
    .data                                    0x200000c4   Section        4  stdout.o(.data)
    .data                                    0x200000c8   Section        4  errno.o(.data)
    _errno                                   0x200000c8   Data           4  errno.o(.data)
    .bss                                     0x200000cc   Section      148  main.o(.bss)
    .bss                                     0x20000160   Section       60  tim.o(.bss)
    .bss                                     0x2000019c   Section       88  lis3dsh.o(.bss)
    .bss                                     0x200001f8   Section     6640  rtx_conf_cm.o(.bss)
    .bss                                     0x20001be8   Section       52  rt_task.o(.bss)
    .bss                                     0x20001c1c   Section       48  rt_list.o(.bss)
    STACK                                    0x20001c50   Section     1024  startup_stm32f407xx.o(STACK)

    Global Symbols

    Symbol Name                              Value     Ov Type        Size  Object(Section)

    BuildAttributes$$THM_ISAv4$E$P$D$K$B$S$7EM$VFPi3$EXTD16$VFPS$VFMA$PE$A:L22UL41UL21$X:L11$S22US41US21$IEEE1$IW$USESV6$~STKCKD$USESV7$~SHL$OTIME$ROPI$IEEEX$EBA8$MICROLIB$REQ8$PRES8$EABIv2 0x00000000   Number         0  anon$$obj.o ABSOLUTE
    __ARM_use_no_argv                        0x00000000   Number         0  main.o ABSOLUTE
    _printf_a                                0x00000000   Number         0  stubs.o ABSOLUTE
    _printf_c                                0x00000000   Number         0  stubs.o ABSOLUTE
    _printf_charcount                        0x00000000   Number         0  stubs.o ABSOLUTE
    _printf_d                                0x00000000   Number         0  stubs.o ABSOLUTE
    _printf_e                                0x00000000   Number         0  stubs.o ABSOLUTE
    _printf_f                                0x00000000   Number         0  stubs.o ABSOLUTE
    _printf_flags                            0x00000000   Number         0  stubs.o ABSOLUTE
    _printf_fp_dec                           0x00000000   Number         0  stubs.o ABSOLUTE
    _printf_fp_hex                           0x00000000   Number         0  stubs.o ABSOLUTE
    _printf_g                                0x00000000   Number         0  stubs.o ABSOLUTE
    _printf_i                                0x00000000   Number         0  stubs.o ABSOLUTE
    _printf_int_dec                          0x00000000   Number         0  stubs.o ABSOLUTE
    _printf_l                                0x00000000   Number         0  stubs.o ABSOLUTE
    _printf_lc                               0x00000000   Number         0  stubs.o ABSOLUTE
    _printf_ll                               0x00000000   Number         0  stubs.o ABSOLUTE
    _printf_lld                              0x00000000   Number         0  stubs.o ABSOLUTE
    _printf_lli                              0x00000000   Number         0  stubs.o ABSOLUTE
    _printf_llo                              0x00000000   Number         0  stubs.o ABSOLUTE
    _printf_llu                              0x00000000   Number         0  stubs.o ABSOLUTE
    _printf_llx                              0x00000000   Number         0  stubs.o ABSOLUTE
    _printf_longlong_dec                     0x00000000   Number         0  stubs.o ABSOLUTE
    _printf_longlong_hex                     0x00000000   Number         0  stubs.o ABSOLUTE
    _printf_longlong_oct                     0x00000000   Number         0  stubs.o ABSOLUTE
    _printf_ls                               0x00000000   Number         0  stubs.o ABSOLUTE
    _printf_mbtowc                           0x00000000   Number         0  stubs.o ABSOLUTE
    _printf_n                                0x00000000   Number         0  stubs.o ABSOLUTE
    _printf_o                                0x00000000   Number         0  stubs.o ABSOLUTE
    _printf_p                                0x00000000   Number         0  stubs.o ABSOLUTE
    _printf_percent                          0x00000000   Number         0  stubs.o ABSOLUTE
    _printf_pre_padding                      0x00000000   Number         0  stubs.o ABSOLUTE
    _printf_return_value                     0x00000000   Number         0  stubs.o ABSOLUTE
    _printf_s                                0x00000000   Number         0  stubs.o ABSOLUTE
    _printf_sizespec                         0x00000000   Number         0  stubs.o ABSOLUTE
    _printf_str                              0x00000000   Number         0  stubs.o ABSOLUTE
    _printf_truncate_signed                  0x00000000   Number         0  stubs.o ABSOLUTE
    _printf_truncate_unsigned                0x00000000   Number         0  stubs.o ABSOLUTE
    _printf_u                                0x00000000   Number         0  stubs.o ABSOLUTE
    _printf_wc                               0x00000000   Number         0  stubs.o ABSOLUTE
    _printf_wctomb                           0x00000000   Number         0  stubs.o ABSOLUTE
    _printf_widthprec                        0x00000000   Number         0  stubs.o ABSOLUTE
    _printf_x                                0x00000000   Number         0  stubs.o ABSOLUTE
    __cpp_initialize__aeabi_                  - Undefined Weak Reference
    __cxa_finalize                            - Undefined Weak Reference
    __decompress                              - Undefined Weak Reference
    _clock_init                               - Undefined Weak Reference
    _microlib_exit                            - Undefined Weak Reference
    __Vectors_Size                           0x00000188   Number         0  startup_stm32f407xx.o ABSOLUTE
    __RL_RTX_VER                             0x00000482   Number         0  rt_system.o ABSOLUTE
    __Vectors                                0x08000000   Data           4  startup_stm32f407xx.o(RESET)
    __Vectors_End                            0x08000188   Data           0  startup_stm32f407xx.o(RESET)
    __main                                   0x08000189   Thumb Code     0  entry.o(.ARM.Collect$$$$00000000)
    _main_stk                                0x08000189   Thumb Code     0  entry2.o(.ARM.Collect$$$$00000001)
    _main_scatterload                        0x0800018d   Thumb Code     0  entry5.o(.ARM.Collect$$$$00000004)
    __main_after_scatterload                 0x08000191   Thumb Code     0  entry5.o(.ARM.Collect$$$$00000004)
    __rt_final_cpp                           0x08000191   Thumb Code     0  entry10a.o(.ARM.Collect$$$$0000000D)
    __rt_final_exit                          0x08000191   Thumb Code     0  entry11a.o(.ARM.Collect$$$$0000000F)
    _main_clock                              0x08000191   Thumb Code     0  entry7b.o(.ARM.Collect$$$$00000008)
    _main_cpp_init                           0x08000191   Thumb Code     0  entry8b.o(.ARM.Collect$$$$0000000A)
    _main_init                               0x08000191   Thumb Code    18  rtx_conf_cm.o(.ARM.Collect$$$$000000FF)
    rt_set_PSP                               0x080001ad   Thumb Code     6  hal_cm4.o(.emb_text)
    rt_get_PSP                               0x080001b3   Thumb Code     6  hal_cm4.o(.emb_text)
    os_set_env                               0x080001b9   Thumb Code    24  hal_cm4.o(.emb_text)
    _alloc_box                               0x080001d5   Thumb Code    28  hal_cm4.o(.emb_text)
    _free_box                                0x080001f5   Thumb Code    28  hal_cm4.o(.emb_text)
    SVC_Handler                              0x08000215   Thumb Code   168  hal_cm4.o(.emb_text)
    PendSV_Handler                           0x080002cd   Thumb Code    96  hal_cm4.o(.emb_text)
    SysTick_Handler                          0x08000331   Thumb Code     8  hal_cm4.o(.emb_text)
    OS_Tick_Handler                          0x08000339   Thumb Code    12  hal_cm4.o(.emb_text)
    HAL_GetTick                              0x08000345   Thumb Code     6  main.o(.text)
    MX_Init                                  0x0800034b   Thumb Code    52  main.o(.text)
    initializeIT                             0x0800037f   Thumb Code    24  main.o(.text)
    initializeACC                            0x08000397   Thumb Code    36  main.o(.text)
    SystemClock_Config                       0x080003bb   Thumb Code   142  main.o(.text)
    main                                     0x08000449   Thumb Code   104  main.o(.text)
    scan_col_3                               0x080004b1   Thumb Code   246  main.o(.text)
    scan_col_2                               0x080005a7   Thumb Code   246  main.o(.text)
    scan_col_1                               0x0800069d   Thumb Code   378  main.o(.text)
    scan_press                               0x08000817   Thumb Code   200  main.o(.text)
    keypad_handler                           0x080008df   Thumb Code   168  main.o(.text)
    numControl                               0x08000987   Thumb Code  1064  main.o(.text)
    IntToIntArr                              0x08000daf   Thumb Code    66  main.o(.text)
    FloatToIntArr                            0x08000df1   Thumb Code   154  main.o(.text)
    display_handler                          0x08000e8b   Thumb Code   130  main.o(.text)
    pwm_update                               0x08000f0d   Thumb Code   168  main.o(.text)
    IIR_C                                    0x08000fb5   Thumb Code   230  main.o(.text)
    calculate_angles                         0x0800109b   Thumb Code  1286  main.o(.text)
    ACC_handler                              0x080015a1   Thumb Code    44  main.o(.text)
    wake                                     0x080015cd   Thumb Code    14  main.o(.text)
    flag_handler                             0x080015db   Thumb Code   188  main.o(.text)
    start_game                               0x08001697   Thumb Code   272  main.o(.text)
    HAL_GPIO_EXTI_Callback                   0x080017a7   Thumb Code    12  main.o(.text)
    MX_GPIO_Init                             0x08001881   Thumb Code   134  gpio.o(.text)
    MX_GPIO_DISPLAY_Init                     0x08001907   Thumb Code   118  gpio.o(.text)
    HAL_MspInit                              0x08001995   Thumb Code    66  stm32f4xx_hal_msp.o(.text)
    MX_TIM4_Init                             0x080019d9   Thumb Code   104  tim.o(.text)
    HAL_TIM_PWM_MspInit                      0x08001a41   Thumb Code    78  tim.o(.text)
    HAL_TIM_PWM_MspDeInit                    0x08001a8f   Thumb Code    36  tim.o(.text)
    fputc                                    0x08001ac5   Thumb Code    52  fput_debug.o(.text)
    EXTI0_IRQHandler                         0x08001afd   Thumb Code    10  stm32f4xx_it.o(.text)
    SPI_ReceiveData                          0x08001b09   Thumb Code    10  lis3dsh.o(.text)
    LIS3DSH_TIMEOUT_UserCallback             0x08001b13   Thumb Code     4  lis3dsh.o(.text)
    SPI_SendData                             0x08001b17   Thumb Code     6  lis3dsh.o(.text)
    LIS3DSH_Write                            0x08001b89   Thumb Code    62  lis3dsh.o(.text)
    LIS3DSH_Init                             0x08001bc7   Thumb Code   170  lis3dsh.o(.text)
    LIS3DSH_Read                             0x08001c71   Thumb Code    70  lis3dsh.o(.text)
    LIS3DSH_DataReadyInterruptConfig         0x08001cb7   Thumb Code    42  lis3dsh.o(.text)
    LIS3DSH_LowpowerCmd                      0x08001ce1   Thumb Code    40  lis3dsh.o(.text)
    LIS3DSH_DataRateCmd                      0x08001d09   Thumb Code    44  lis3dsh.o(.text)
    LIS3DSH_FullScaleCmd                     0x08001d35   Thumb Code    44  lis3dsh.o(.text)
    LIS3DSH_ReadACC                          0x08001d61   Thumb Code   628  lis3dsh.o(.text)
    HAL_SPI_MspInit                          0x08001fd5   Thumb Code   218  lis3dsh.o(.text)
    os_idle_demon                            0x080020c9   Thumb Code     4  rtx_conf_cm.o(.text)
    os_error                                 0x080020cd   Thumb Code    34  rtx_conf_cm.o(.text)
    HAL_InitTick                             0x080020fb   Thumb Code    36  stm32f4xx_hal.o(.text)
    HAL_Init                                 0x0800211f   Thumb Code    54  stm32f4xx_hal.o(.text)
    HAL_MspDeInit                            0x08002155   Thumb Code    10  stm32f4xx_hal.o(.text)
    HAL_DeInit                               0x0800215f   Thumb Code    64  stm32f4xx_hal.o(.text)
    HAL_IncTick                              0x0800219f   Thumb Code    12  stm32f4xx_hal.o(.text)
    HAL_Delay                                0x080021b1   Thumb Code    26  stm32f4xx_hal.o(.text)
    HAL_SuspendTick                          0x080021cb   Thumb Code    18  stm32f4xx_hal.o(.text)
    HAL_ResumeTick                           0x080021dd   Thumb Code    18  stm32f4xx_hal.o(.text)
    HAL_GetHalVersion                        0x080021ef   Thumb Code     4  stm32f4xx_hal.o(.text)
    HAL_GetREVID                             0x080021f3   Thumb Code     8  stm32f4xx_hal.o(.text)
    HAL_GetDEVID                             0x080021fb   Thumb Code    10  stm32f4xx_hal.o(.text)
    HAL_DBGMCU_EnableDBGSleepMode            0x08002205   Thumb Code    14  stm32f4xx_hal.o(.text)
    HAL_DBGMCU_DisableDBGSleepMode           0x08002213   Thumb Code    14  stm32f4xx_hal.o(.text)
    HAL_DBGMCU_EnableDBGStopMode             0x08002221   Thumb Code    14  stm32f4xx_hal.o(.text)
    HAL_DBGMCU_DisableDBGStopMode            0x0800222f   Thumb Code    14  stm32f4xx_hal.o(.text)
    HAL_DBGMCU_EnableDBGStandbyMode          0x0800223d   Thumb Code    14  stm32f4xx_hal.o(.text)
    HAL_DBGMCU_DisableDBGStandbyMode         0x0800224b   Thumb Code    14  stm32f4xx_hal.o(.text)
    HAL_EnableCompensationCell               0x08002259   Thumb Code    22  stm32f4xx_hal.o(.text)
    HAL_DisableCompensationCell              0x0800226f   Thumb Code    24  stm32f4xx_hal.o(.text)
    HAL_NVIC_SetPriorityGrouping             0x080022c1   Thumb Code    36  stm32f4xx_hal_cortex.o(.text)
    HAL_NVIC_SetPriority                     0x080022e5   Thumb Code   124  stm32f4xx_hal_cortex.o(.text)
    HAL_NVIC_EnableIRQ                       0x08002361   Thumb Code    32  stm32f4xx_hal_cortex.o(.text)
    HAL_NVIC_DisableIRQ                      0x08002381   Thumb Code    62  stm32f4xx_hal_cortex.o(.text)
    HAL_NVIC_SystemReset                     0x080023bf   Thumb Code    64  stm32f4xx_hal_cortex.o(.text)
    HAL_SYSTICK_Config                       0x080023ff   Thumb Code    52  stm32f4xx_hal_cortex.o(.text)
    HAL_MPU_ConfigRegion                     0x08002433   Thumb Code    90  stm32f4xx_hal_cortex.o(.text)
    HAL_NVIC_GetPriorityGrouping             0x0800248d   Thumb Code     8  stm32f4xx_hal_cortex.o(.text)
    HAL_NVIC_GetPriority                     0x08002495   Thumb Code   138  stm32f4xx_hal_cortex.o(.text)
    HAL_NVIC_SetPendingIRQ                   0x0800251f   Thumb Code    32  stm32f4xx_hal_cortex.o(.text)
    HAL_NVIC_GetPendingIRQ                   0x0800253f   Thumb Code    46  stm32f4xx_hal_cortex.o(.text)
    HAL_NVIC_ClearPendingIRQ                 0x0800256d   Thumb Code    30  stm32f4xx_hal_cortex.o(.text)
    HAL_NVIC_GetActive                       0x0800258b   Thumb Code    46  stm32f4xx_hal_cortex.o(.text)
    HAL_SYSTICK_CLKSourceConfig              0x080025b9   Thumb Code    40  stm32f4xx_hal_cortex.o(.text)
    HAL_SYSTICK_Callback                     0x080025e1   Thumb Code    10  stm32f4xx_hal_cortex.o(.text)
    HAL_SYSTICK_IRQHandler                   0x080025eb   Thumb Code     8  stm32f4xx_hal_cortex.o(.text)
    HAL_DMA_Init                             0x08002643   Thumb Code   128  stm32f4xx_hal_dma.o(.text)
    HAL_DMA_DeInit                           0x080026c3   Thumb Code   100  stm32f4xx_hal_dma.o(.text)
    HAL_DMA_Start                            0x08002753   Thumb Code    82  stm32f4xx_hal_dma.o(.text)
    HAL_DMA_Start_IT                         0x080027a5   Thumb Code   106  stm32f4xx_hal_dma.o(.text)
    HAL_DMA_Abort                            0x0800280f   Thumb Code    94  stm32f4xx_hal_dma.o(.text)
    HAL_DMA_PollForTransfer                  0x0800286d   Thumb Code   412  stm32f4xx_hal_dma.o(.text)
    HAL_DMA_IRQHandler                       0x08002a09   Thumb Code   530  stm32f4xx_hal_dma.o(.text)
    HAL_DMA_GetState                         0x08002c1b   Thumb Code     8  stm32f4xx_hal_dma.o(.text)
    HAL_DMA_GetError                         0x08002c23   Thumb Code     6  stm32f4xx_hal_dma.o(.text)
    HAL_GPIO_Init                            0x08002c2d   Thumb Code   476  stm32f4xx_hal_gpio.o(.text)
    HAL_GPIO_DeInit                          0x08002e09   Thumb Code   326  stm32f4xx_hal_gpio.o(.text)
    HAL_GPIO_ReadPin                         0x08002f4f   Thumb Code    16  stm32f4xx_hal_gpio.o(.text)
    HAL_GPIO_WritePin                        0x08002f5f   Thumb Code    12  stm32f4xx_hal_gpio.o(.text)
    HAL_GPIO_TogglePin                       0x08002f6b   Thumb Code     8  stm32f4xx_hal_gpio.o(.text)
    HAL_GPIO_LockPin                         0x08002f73   Thumb Code    46  stm32f4xx_hal_gpio.o(.text)
    HAL_GPIO_EXTI_IRQHandler                 0x08002fab   Thumb Code    28  stm32f4xx_hal_gpio.o(.text)
    HAL_RCC_OscConfig                        0x08002ffb   Thumb Code  1032  stm32f4xx_hal_rcc.o(.text)
    HAL_RCC_ClockConfig                      0x08003403   Thumb Code   680  stm32f4xx_hal_rcc.o(.text)
    HAL_RCC_MCOConfig                        0x080036ab   Thumb Code   178  stm32f4xx_hal_rcc.o(.text)
    HAL_RCC_EnableCSS                        0x0800375d   Thumb Code     8  stm32f4xx_hal_rcc.o(.text)
    HAL_RCC_DisableCSS                       0x08003765   Thumb Code     8  stm32f4xx_hal_rcc.o(.text)
    HAL_RCC_GetSysClockFreq                  0x0800376d   Thumb Code   198  stm32f4xx_hal_rcc.o(.text)
    HAL_RCC_GetHCLKFreq                      0x08003833   Thumb Code    42  stm32f4xx_hal_rcc.o(.text)
    HAL_RCC_GetPCLK1Freq                     0x0800385d   Thumb Code    36  stm32f4xx_hal_rcc.o(.text)
    HAL_RCC_GetPCLK2Freq                     0x08003881   Thumb Code    36  stm32f4xx_hal_rcc.o(.text)
    HAL_RCC_GetOscConfig                     0x080038a5   Thumb Code   296  stm32f4xx_hal_rcc.o(.text)
    HAL_RCC_GetClockConfig                   0x080039cd   Thumb Code    58  stm32f4xx_hal_rcc.o(.text)
    HAL_RCC_CSSCallback                      0x08003a07   Thumb Code    10  stm32f4xx_hal_rcc.o(.text)
    HAL_RCC_NMI_IRQHandler                   0x08003a11   Thumb Code    30  stm32f4xx_hal_rcc.o(.text)
    HAL_SPI_Init                             0x08003a47   Thumb Code   136  stm32f4xx_hal_spi.o(.text)
    HAL_SPI_MspDeInit                        0x08003acf   Thumb Code     2  stm32f4xx_hal_spi.o(.text)
    HAL_SPI_DeInit                           0x08003ad1   Thumb Code    48  stm32f4xx_hal_spi.o(.text)
    HAL_SPI_Transmit                         0x08003c15   Thumb Code   450  stm32f4xx_hal_spi.o(.text)
    HAL_SPI_TransmitReceive                  0x08003dd7   Thumb Code   850  stm32f4xx_hal_spi.o(.text)
    HAL_SPI_Receive                          0x08004129   Thumb Code   572  stm32f4xx_hal_spi.o(.text)
    HAL_SPI_ErrorCallback                    0x08004365   Thumb Code     2  stm32f4xx_hal_spi.o(.text)
    HAL_SPI_TxCpltCallback                   0x08004367   Thumb Code     2  stm32f4xx_hal_spi.o(.text)
    HAL_SPI_TxRxCpltCallback                 0x08004369   Thumb Code     2  stm32f4xx_hal_spi.o(.text)
    HAL_SPI_Transmit_IT                      0x08004459   Thumb Code   198  stm32f4xx_hal_spi.o(.text)
    HAL_SPI_RxCpltCallback                   0x0800451f   Thumb Code     2  stm32f4xx_hal_spi.o(.text)
    HAL_SPI_TransmitReceive_IT               0x08004647   Thumb Code   192  stm32f4xx_hal_spi.o(.text)
    HAL_SPI_Receive_IT                       0x08004759   Thumb Code   222  stm32f4xx_hal_spi.o(.text)
    HAL_SPI_TxHalfCpltCallback               0x080048e7   Thumb Code     2  stm32f4xx_hal_spi.o(.text)
    HAL_SPI_Transmit_DMA                     0x080048f7   Thumb Code   218  stm32f4xx_hal_spi.o(.text)
    HAL_SPI_RxHalfCpltCallback               0x08004b49   Thumb Code     2  stm32f4xx_hal_spi.o(.text)
    HAL_SPI_TxRxHalfCpltCallback             0x08004b91   Thumb Code     2  stm32f4xx_hal_spi.o(.text)
    HAL_SPI_TransmitReceive_DMA              0x08004ba1   Thumb Code   324  stm32f4xx_hal_spi.o(.text)
    HAL_SPI_Receive_DMA                      0x08004ce5   Thumb Code   288  stm32f4xx_hal_spi.o(.text)
    HAL_SPI_DMAPause                         0x08004e05   Thumb Code    62  stm32f4xx_hal_spi.o(.text)
    HAL_SPI_DMAResume                        0x08004e43   Thumb Code    62  stm32f4xx_hal_spi.o(.text)
    HAL_SPI_DMAStop                          0x08004e81   Thumb Code    58  stm32f4xx_hal_spi.o(.text)
    HAL_SPI_IRQHandler                       0x08004ebb   Thumb Code   262  stm32f4xx_hal_spi.o(.text)
    HAL_SPI_GetState                         0x08004fc1   Thumb Code     8  stm32f4xx_hal_spi.o(.text)
    HAL_SPI_GetError                         0x08004fc9   Thumb Code     6  stm32f4xx_hal_spi.o(.text)
    TIM_Base_SetConfig                       0x08004fdd   Thumb Code   184  stm32f4xx_hal_tim.o(.text)
    HAL_TIM_Base_MspInit                     0x08005095   Thumb Code     2  stm32f4xx_hal_tim.o(.text)
    HAL_TIM_Base_Init                        0x08005097   Thumb Code    52  stm32f4xx_hal_tim.o(.text)
    HAL_TIM_Base_MspDeInit                   0x080050cb   Thumb Code     2  stm32f4xx_hal_tim.o(.text)
    HAL_TIM_Base_DeInit                      0x080050cd   Thumb Code    70  stm32f4xx_hal_tim.o(.text)
    HAL_TIM_Base_Start                       0x08005113   Thumb Code    30  stm32f4xx_hal_tim.o(.text)
    HAL_TIM_Base_Stop                        0x08005131   Thumb Code    56  stm32f4xx_hal_tim.o(.text)
    HAL_TIM_Base_Start_IT                    0x08005169   Thumb Code    30  stm32f4xx_hal_tim.o(.text)
    HAL_TIM_Base_Stop_IT                     0x08005187   Thumb Code    56  stm32f4xx_hal_tim.o(.text)
    HAL_TIM_ErrorCallback                    0x080051bf   Thumb Code     2  stm32f4xx_hal_tim.o(.text)
    TIM_DMAError                             0x080051c1   Thumb Code    20  stm32f4xx_hal_tim.o(.text)
    HAL_TIM_PeriodElapsedCallback            0x080051d5   Thumb Code     2  stm32f4xx_hal_tim.o(.text)
    HAL_TIM_Base_Start_DMA                   0x080051eb   Thumb Code    98  stm32f4xx_hal_tim.o(.text)
    HAL_TIM_Base_Stop_DMA                    0x0800524d   Thumb Code    62  stm32f4xx_hal_tim.o(.text)
    HAL_TIM_OC_MspInit                       0x0800528b   Thumb Code     2  stm32f4xx_hal_tim.o(.text)
    HAL_TIM_OC_Init                          0x0800528d   Thumb Code    52  stm32f4xx_hal_tim.o(.text)
    HAL_TIM_OC_MspDeInit                     0x080052c1   Thumb Code     2  stm32f4xx_hal_tim.o(.text)
    HAL_TIM_OC_DeInit                        0x080052c3   Thumb Code    70  stm32f4xx_hal_tim.o(.text)
    TIM_CCxChannelCmd                        0x08005309   Thumb Code    28  stm32f4xx_hal_tim.o(.text)
    HAL_TIM_OC_Start                         0x08005325   Thumb Code    68  stm32f4xx_hal_tim.o(.text)
    HAL_TIM_OC_Stop                          0x08005369   Thumb Code   170  stm32f4xx_hal_tim.o(.text)
    HAL_TIM_OC_Start_IT                      0x08005413   Thumb Code   144  stm32f4xx_hal_tim.o(.text)
    HAL_TIM_OC_Stop_IT                       0x080054a3   Thumb Code   196  stm32f4xx_hal_tim.o(.text)
    HAL_TIM_PWM_PulseFinishedCallback        0x08005567   Thumb Code     2  stm32f4xx_hal_tim.o(.text)
    TIM_DMADelayPulseCplt                    0x08005569   Thumb Code    70  stm32f4xx_hal_tim.o(.text)
    HAL_TIM_OC_Start_DMA                     0x080055af   Thumb Code   312  stm32f4xx_hal_tim.o(.text)
    HAL_TIM_OC_Stop_DMA                      0x080056e7   Thumb Code   202  stm32f4xx_hal_tim.o(.text)
    HAL_TIM_PWM_Init                         0x080057b3   Thumb Code    52  stm32f4xx_hal_tim.o(.text)
    HAL_TIM_PWM_DeInit                       0x080057e9   Thumb Code    70  stm32f4xx_hal_tim.o(.text)
    HAL_TIM_PWM_Start                        0x0800582f   Thumb Code    78  stm32f4xx_hal_tim.o(.text)
    HAL_TIM_PWM_Stop                         0x0800587d   Thumb Code   126  stm32f4xx_hal_tim.o(.text)
    HAL_TIM_PWM_Start_IT                     0x080058fb   Thumb Code   144  stm32f4xx_hal_tim.o(.text)
    HAL_TIM_PWM_Stop_IT                      0x0800598b   Thumb Code   196  stm32f4xx_hal_tim.o(.text)
    HAL_TIM_PWM_Start_DMA                    0x08005a4f   Thumb Code   312  stm32f4xx_hal_tim.o(.text)
    HAL_TIM_PWM_Stop_DMA                     0x08005b87   Thumb Code   202  stm32f4xx_hal_tim.o(.text)
    HAL_TIM_IC_MspInit                       0x08005c51   Thumb Code     2  stm32f4xx_hal_tim.o(.text)
    HAL_TIM_IC_Init                          0x08005c53   Thumb Code    62  stm32f4xx_hal_tim.o(.text)
    HAL_TIM_IC_MspDeInit                     0x08005c91   Thumb Code     2  stm32f4xx_hal_tim.o(.text)
    HAL_TIM_IC_DeInit                        0x08005c93   Thumb Code    70  stm32f4xx_hal_tim.o(.text)
    HAL_TIM_IC_Start                         0x08005cd9   Thumb Code    32  stm32f4xx_hal_tim.o(.text)
    HAL_TIM_IC_Stop                          0x08005cf9   Thumb Code    58  stm32f4xx_hal_tim.o(.text)
    HAL_TIM_IC_Start_IT                      0x08005d33   Thumb Code   108  stm32f4xx_hal_tim.o(.text)
    HAL_TIM_IC_Stop_IT                       0x08005d9f   Thumb Code   134  stm32f4xx_hal_tim.o(.text)
    HAL_TIM_IC_CaptureCallback               0x08005e25   Thumb Code     2  stm32f4xx_hal_tim.o(.text)
    TIM_DMACaptureCplt                       0x08005e27   Thumb Code    70  stm32f4xx_hal_tim.o(.text)
    HAL_TIM_IC_Start_DMA                     0x08005e6d   Thumb Code   276  stm32f4xx_hal_tim.o(.text)
    HAL_TIM_IC_Stop_DMA                      0x08005f81   Thumb Code   140  stm32f4xx_hal_tim.o(.text)
    HAL_TIM_OnePulse_MspInit                 0x0800600d   Thumb Code     2  stm32f4xx_hal_tim.o(.text)
    HAL_TIM_OnePulse_Init                    0x0800600f   Thumb Code    76  stm32f4xx_hal_tim.o(.text)
    HAL_TIM_OnePulse_MspDeInit               0x0800605b   Thumb Code     2  stm32f4xx_hal_tim.o(.text)
    HAL_TIM_OnePulse_DeInit                  0x0800605d   Thumb Code    70  stm32f4xx_hal_tim.o(.text)
    HAL_TIM_OnePulse_Start                   0x080060a3   Thumb Code    66  stm32f4xx_hal_tim.o(.text)
    HAL_TIM_OnePulse_Stop                    0x080060e5   Thumb Code   130  stm32f4xx_hal_tim.o(.text)
    HAL_TIM_OnePulse_Start_IT                0x08006167   Thumb Code    90  stm32f4xx_hal_tim.o(.text)
    HAL_TIM_OnePulse_Stop_IT                 0x080061c1   Thumb Code   154  stm32f4xx_hal_tim.o(.text)
    HAL_TIM_Encoder_MspInit                  0x0800625b   Thumb Code     2  stm32f4xx_hal_tim.o(.text)
    HAL_TIM_Encoder_Init                     0x0800625d   Thumb Code   180  stm32f4xx_hal_tim.o(.text)
    HAL_TIM_Encoder_MspDeInit                0x08006311   Thumb Code     2  stm32f4xx_hal_tim.o(.text)
    HAL_TIM_Encoder_DeInit                   0x08006313   Thumb Code    70  stm32f4xx_hal_tim.o(.text)
    HAL_TIM_Encoder_Start                    0x08006359   Thumb Code    78  stm32f4xx_hal_tim.o(.text)
    HAL_TIM_Encoder_Stop                     0x080063a7   Thumb Code   104  stm32f4xx_hal_tim.o(.text)
    HAL_TIM_Encoder_Start_IT                 0x0800640f   Thumb Code   126  stm32f4xx_hal_tim.o(.text)
    HAL_TIM_Encoder_Stop_IT                  0x0800648d   Thumb Code   160  stm32f4xx_hal_tim.o(.text)
    HAL_TIM_Encoder_Start_DMA                0x0800652d   Thumb Code   328  stm32f4xx_hal_tim.o(.text)
    HAL_TIM_Encoder_Stop_DMA                 0x08006675   Thumb Code   152  stm32f4xx_hal_tim.o(.text)
    HAL_TIM_TriggerCallback                  0x0800670d   Thumb Code     2  stm32f4xx_hal_tim.o(.text)
    HAL_TIM_OC_DelayElapsedCallback          0x0800670f   Thumb Code     2  stm32f4xx_hal_tim.o(.text)
    HAL_TIM_IRQHandler                       0x08006711   Thumb Code   406  stm32f4xx_hal_tim.o(.text)
    TIM_OC2_SetConfig                        0x08006979   Thumb Code   112  stm32f4xx_hal_tim.o(.text)
    HAL_TIM_OC_ConfigChannel                 0x08006a4f   Thumb Code   116  stm32f4xx_hal_tim.o(.text)
    TIM_TI1_SetConfig                        0x08006b7d   Thumb Code   122  stm32f4xx_hal_tim.o(.text)
    HAL_TIM_IC_ConfigChannel                 0x08006bf7   Thumb Code   224  stm32f4xx_hal_tim.o(.text)
    HAL_TIM_PWM_ConfigChannel                0x08006cd7   Thumb Code   294  stm32f4xx_hal_tim.o(.text)
    HAL_TIM_OnePulse_ConfigChannel           0x08006dfd   Thumb Code   286  stm32f4xx_hal_tim.o(.text)
    HAL_TIM_DMABurst_WriteStart              0x08006f2f   Thumb Code   366  stm32f4xx_hal_tim.o(.text)
    HAL_TIM_DMABurst_WriteStop               0x0800709d   Thumb Code   128  stm32f4xx_hal_tim.o(.text)
    HAL_TIM_DMABurst_ReadStart               0x0800711d   Thumb Code   366  stm32f4xx_hal_tim.o(.text)
    HAL_TIM_DMABurst_ReadStop                0x0800728b   Thumb Code   128  stm32f4xx_hal_tim.o(.text)
    HAL_TIM_GenerateEvent                    0x0800730b   Thumb Code    54  stm32f4xx_hal_tim.o(.text)
    HAL_TIM_ConfigOCrefClear                 0x08007359   Thumb Code   252  stm32f4xx_hal_tim.o(.text)
    HAL_TIM_ConfigClockSource                0x080074bf   Thumb Code   306  stm32f4xx_hal_tim.o(.text)
    HAL_TIM_ConfigTI1Input                   0x080075f1   Thumb Code    24  stm32f4xx_hal_tim.o(.text)
    HAL_TIM_SlaveConfigSynchronization       0x080076ad   Thumb Code    86  stm32f4xx_hal_tim.o(.text)
    HAL_TIM_SlaveConfigSynchronization_IT    0x08007703   Thumb Code    86  stm32f4xx_hal_tim.o(.text)
    HAL_TIM_ReadCapturedValue                0x08007759   Thumb Code    84  stm32f4xx_hal_tim.o(.text)
    HAL_TIM_Base_GetState                    0x080077ad   Thumb Code     8  stm32f4xx_hal_tim.o(.text)
    HAL_TIM_OC_GetState                      0x080077b5   Thumb Code     8  stm32f4xx_hal_tim.o(.text)
    HAL_TIM_PWM_GetState                     0x080077bd   Thumb Code     8  stm32f4xx_hal_tim.o(.text)
    HAL_TIM_IC_GetState                      0x080077c5   Thumb Code     8  stm32f4xx_hal_tim.o(.text)
    HAL_TIM_OnePulse_GetState                0x080077cd   Thumb Code     8  stm32f4xx_hal_tim.o(.text)
    HAL_TIM_Encoder_GetState                 0x080077d5   Thumb Code     8  stm32f4xx_hal_tim.o(.text)
    HAL_TIMEx_HallSensor_MspInit             0x080077dd   Thumb Code     2  stm32f4xx_hal_tim_ex.o(.text)
    HAL_TIMEx_HallSensor_Init                0x080077df   Thumb Code   196  stm32f4xx_hal_tim_ex.o(.text)
    HAL_TIMEx_HallSensor_MspDeInit           0x080078a3   Thumb Code     2  stm32f4xx_hal_tim_ex.o(.text)
    HAL_TIMEx_HallSensor_DeInit              0x080078a5   Thumb Code    70  stm32f4xx_hal_tim_ex.o(.text)
    HAL_TIMEx_HallSensor_Start               0x080078eb   Thumb Code    30  stm32f4xx_hal_tim_ex.o(.text)
    HAL_TIMEx_HallSensor_Stop                0x08007909   Thumb Code    56  stm32f4xx_hal_tim_ex.o(.text)
    HAL_TIMEx_HallSensor_Start_IT            0x08007941   Thumb Code    42  stm32f4xx_hal_tim_ex.o(.text)
    HAL_TIMEx_HallSensor_Stop_IT             0x0800796b   Thumb Code    68  stm32f4xx_hal_tim_ex.o(.text)
    HAL_TIMEx_HallSensor_Start_DMA           0x080079af   Thumb Code   106  stm32f4xx_hal_tim_ex.o(.text)
    HAL_TIMEx_HallSensor_Stop_DMA            0x08007a19   Thumb Code    68  stm32f4xx_hal_tim_ex.o(.text)
    HAL_TIMEx_OCN_Start                      0x08007a79   Thumb Code    44  stm32f4xx_hal_tim_ex.o(.text)
    HAL_TIMEx_OCN_Stop                       0x08007aa5   Thumb Code    96  stm32f4xx_hal_tim_ex.o(.text)
    HAL_TIMEx_OCN_Start_IT                   0x08007b05   Thumb Code   132  stm32f4xx_hal_tim_ex.o(.text)
    HAL_TIMEx_OCN_Stop_IT                    0x08007b89   Thumb Code   196  stm32f4xx_hal_tim_ex.o(.text)
    HAL_TIMEx_OCN_Start_DMA                  0x08007c4d   Thumb Code   272  stm32f4xx_hal_tim_ex.o(.text)
    HAL_TIMEx_OCN_Stop_DMA                   0x08007d5d   Thumb Code   192  stm32f4xx_hal_tim_ex.o(.text)
    HAL_TIMEx_PWMN_Start                     0x08007e1d   Thumb Code    44  stm32f4xx_hal_tim_ex.o(.text)
    HAL_TIMEx_PWMN_Stop                      0x08007e49   Thumb Code    96  stm32f4xx_hal_tim_ex.o(.text)
    HAL_TIMEx_PWMN_Start_IT                  0x08007ea9   Thumb Code   132  stm32f4xx_hal_tim_ex.o(.text)
    HAL_TIMEx_PWMN_Stop_IT                   0x08007f2d   Thumb Code   196  stm32f4xx_hal_tim_ex.o(.text)
    HAL_TIMEx_PWMN_Start_DMA                 0x08007ff1   Thumb Code   272  stm32f4xx_hal_tim_ex.o(.text)
    HAL_TIMEx_PWMN_Stop_DMA                  0x08008101   Thumb Code   178  stm32f4xx_hal_tim_ex.o(.text)
    HAL_TIMEx_OnePulseN_Start                0x080081b3   Thumb Code    32  stm32f4xx_hal_tim_ex.o(.text)
    HAL_TIMEx_OnePulseN_Stop                 0x080081d3   Thumb Code    96  stm32f4xx_hal_tim_ex.o(.text)
    HAL_TIMEx_OnePulseN_Start_IT             0x08008233   Thumb Code    56  stm32f4xx_hal_tim_ex.o(.text)
    HAL_TIMEx_OnePulseN_Stop_IT              0x0800826b   Thumb Code   120  stm32f4xx_hal_tim_ex.o(.text)
    HAL_TIMEx_ConfigCommutationEvent         0x080082e3   Thumb Code   110  stm32f4xx_hal_tim_ex.o(.text)
    HAL_TIMEx_ConfigCommutationEvent_IT      0x08008351   Thumb Code   122  stm32f4xx_hal_tim_ex.o(.text)
    HAL_TIMEx_CommutationCallback            0x080083cb   Thumb Code     2  stm32f4xx_hal_tim_ex.o(.text)
    TIMEx_DMACommutationCplt                 0x080083cd   Thumb Code    20  stm32f4xx_hal_tim_ex.o(.text)
    HAL_TIMEx_ConfigCommutationEvent_DMA     0x080083e1   Thumb Code   146  stm32f4xx_hal_tim_ex.o(.text)
    HAL_TIMEx_MasterConfigSynchronization    0x08008473   Thumb Code    98  stm32f4xx_hal_tim_ex.o(.text)
    HAL_TIMEx_ConfigBreakDeadTime            0x080084d5   Thumb Code    80  stm32f4xx_hal_tim_ex.o(.text)
    HAL_TIMEx_RemapConfig                    0x08008525   Thumb Code    48  stm32f4xx_hal_tim_ex.o(.text)
    HAL_TIMEx_BreakCallback                  0x08008555   Thumb Code     2  stm32f4xx_hal_tim_ex.o(.text)
    HAL_TIMEx_HallSensor_GetState            0x08008557   Thumb Code     8  stm32f4xx_hal_tim_ex.o(.text)
    Reset_Handler                            0x08008565   Thumb Code     8  startup_stm32f407xx.o(.text)
    NMI_Handler                              0x0800856d   Thumb Code     2  startup_stm32f407xx.o(.text)
    HardFault_Handler                        0x0800856f   Thumb Code     2  startup_stm32f407xx.o(.text)
    MemManage_Handler                        0x08008571   Thumb Code     2  startup_stm32f407xx.o(.text)
    BusFault_Handler                         0x08008573   Thumb Code     2  startup_stm32f407xx.o(.text)
    UsageFault_Handler                       0x08008575   Thumb Code     2  startup_stm32f407xx.o(.text)
    DebugMon_Handler                         0x08008579   Thumb Code     2  startup_stm32f407xx.o(.text)
    ADC_IRQHandler                           0x0800857f   Thumb Code     0  startup_stm32f407xx.o(.text)
    CAN1_RX0_IRQHandler                      0x0800857f   Thumb Code     0  startup_stm32f407xx.o(.text)
    CAN1_RX1_IRQHandler                      0x0800857f   Thumb Code     0  startup_stm32f407xx.o(.text)
    CAN1_SCE_IRQHandler                      0x0800857f   Thumb Code     0  startup_stm32f407xx.o(.text)
    CAN1_TX_IRQHandler                       0x0800857f   Thumb Code     0  startup_stm32f407xx.o(.text)
    CAN2_RX0_IRQHandler                      0x0800857f   Thumb Code     0  startup_stm32f407xx.o(.text)
    CAN2_RX1_IRQHandler                      0x0800857f   Thumb Code     0  startup_stm32f407xx.o(.text)
    CAN2_SCE_IRQHandler                      0x0800857f   Thumb Code     0  startup_stm32f407xx.o(.text)
    CAN2_TX_IRQHandler                       0x0800857f   Thumb Code     0  startup_stm32f407xx.o(.text)
    DCMI_IRQHandler                          0x0800857f   Thumb Code     0  startup_stm32f407xx.o(.text)
    DMA1_Stream0_IRQHandler                  0x0800857f   Thumb Code     0  startup_stm32f407xx.o(.text)
    DMA1_Stream1_IRQHandler                  0x0800857f   Thumb Code     0  startup_stm32f407xx.o(.text)
    DMA1_Stream2_IRQHandler                  0x0800857f   Thumb Code     0  startup_stm32f407xx.o(.text)
    DMA1_Stream3_IRQHandler                  0x0800857f   Thumb Code     0  startup_stm32f407xx.o(.text)
    DMA1_Stream4_IRQHandler                  0x0800857f   Thumb Code     0  startup_stm32f407xx.o(.text)
    DMA1_Stream5_IRQHandler                  0x0800857f   Thumb Code     0  startup_stm32f407xx.o(.text)
    DMA1_Stream6_IRQHandler                  0x0800857f   Thumb Code     0  startup_stm32f407xx.o(.text)
    DMA1_Stream7_IRQHandler                  0x0800857f   Thumb Code     0  startup_stm32f407xx.o(.text)
    DMA2_Stream0_IRQHandler                  0x0800857f   Thumb Code     0  startup_stm32f407xx.o(.text)
    DMA2_Stream1_IRQHandler                  0x0800857f   Thumb Code     0  startup_stm32f407xx.o(.text)
    DMA2_Stream2_IRQHandler                  0x0800857f   Thumb Code     0  startup_stm32f407xx.o(.text)
    DMA2_Stream3_IRQHandler                  0x0800857f   Thumb Code     0  startup_stm32f407xx.o(.text)
    DMA2_Stream4_IRQHandler                  0x0800857f   Thumb Code     0  startup_stm32f407xx.o(.text)
    DMA2_Stream5_IRQHandler                  0x0800857f   Thumb Code     0  startup_stm32f407xx.o(.text)
    DMA2_Stream6_IRQHandler                  0x0800857f   Thumb Code     0  startup_stm32f407xx.o(.text)
    DMA2_Stream7_IRQHandler                  0x0800857f   Thumb Code     0  startup_stm32f407xx.o(.text)
    ETH_IRQHandler                           0x0800857f   Thumb Code     0  startup_stm32f407xx.o(.text)
    ETH_WKUP_IRQHandler                      0x0800857f   Thumb Code     0  startup_stm32f407xx.o(.text)
    EXTI15_10_IRQHandler                     0x0800857f   Thumb Code     0  startup_stm32f407xx.o(.text)
    EXTI1_IRQHandler                         0x0800857f   Thumb Code     0  startup_stm32f407xx.o(.text)
    EXTI2_IRQHandler                         0x0800857f   Thumb Code     0  startup_stm32f407xx.o(.text)
    EXTI3_IRQHandler                         0x0800857f   Thumb Code     0  startup_stm32f407xx.o(.text)
    EXTI4_IRQHandler                         0x0800857f   Thumb Code     0  startup_stm32f407xx.o(.text)
    EXTI9_5_IRQHandler                       0x0800857f   Thumb Code     0  startup_stm32f407xx.o(.text)
    FLASH_IRQHandler                         0x0800857f   Thumb Code     0  startup_stm32f407xx.o(.text)
    FMC_IRQHandler                           0x0800857f   Thumb Code     0  startup_stm32f407xx.o(.text)
    FPU_IRQHandler                           0x0800857f   Thumb Code     0  startup_stm32f407xx.o(.text)
    HASH_RNG_IRQHandler                      0x0800857f   Thumb Code     0  startup_stm32f407xx.o(.text)
    I2C1_ER_IRQHandler                       0x0800857f   Thumb Code     0  startup_stm32f407xx.o(.text)
    I2C1_EV_IRQHandler                       0x0800857f   Thumb Code     0  startup_stm32f407xx.o(.text)
    I2C2_ER_IRQHandler                       0x0800857f   Thumb Code     0  startup_stm32f407xx.o(.text)
    I2C2_EV_IRQHandler                       0x0800857f   Thumb Code     0  startup_stm32f407xx.o(.text)
    I2C3_ER_IRQHandler                       0x0800857f   Thumb Code     0  startup_stm32f407xx.o(.text)
    I2C3_EV_IRQHandler                       0x0800857f   Thumb Code     0  startup_stm32f407xx.o(.text)
    OTG_FS_IRQHandler                        0x0800857f   Thumb Code     0  startup_stm32f407xx.o(.text)
    OTG_FS_WKUP_IRQHandler                   0x0800857f   Thumb Code     0  startup_stm32f407xx.o(.text)
    OTG_HS_EP1_IN_IRQHandler                 0x0800857f   Thumb Code     0  startup_stm32f407xx.o(.text)
    OTG_HS_EP1_OUT_IRQHandler                0x0800857f   Thumb Code     0  startup_stm32f407xx.o(.text)
    OTG_HS_IRQHandler                        0x0800857f   Thumb Code     0  startup_stm32f407xx.o(.text)
    OTG_HS_WKUP_IRQHandler                   0x0800857f   Thumb Code     0  startup_stm32f407xx.o(.text)
    PVD_IRQHandler                           0x0800857f   Thumb Code     0  startup_stm32f407xx.o(.text)
    RCC_IRQHandler                           0x0800857f   Thumb Code     0  startup_stm32f407xx.o(.text)
    RTC_Alarm_IRQHandler                     0x0800857f   Thumb Code     0  startup_stm32f407xx.o(.text)
    RTC_WKUP_IRQHandler                      0x0800857f   Thumb Code     0  startup_stm32f407xx.o(.text)
    SDIO_IRQHandler                          0x0800857f   Thumb Code     0  startup_stm32f407xx.o(.text)
    SPI1_IRQHandler                          0x0800857f   Thumb Code     0  startup_stm32f407xx.o(.text)
    SPI2_IRQHandler                          0x0800857f   Thumb Code     0  startup_stm32f407xx.o(.text)
    SPI3_IRQHandler                          0x0800857f   Thumb Code     0  startup_stm32f407xx.o(.text)
    TAMP_STAMP_IRQHandler                    0x0800857f   Thumb Code     0  startup_stm32f407xx.o(.text)
    TIM1_BRK_TIM9_IRQHandler                 0x0800857f   Thumb Code     0  startup_stm32f407xx.o(.text)
    TIM1_CC_IRQHandler                       0x0800857f   Thumb Code     0  startup_stm32f407xx.o(.text)
    TIM1_TRG_COM_TIM11_IRQHandler            0x0800857f   Thumb Code     0  startup_stm32f407xx.o(.text)
    TIM1_UP_TIM10_IRQHandler                 0x0800857f   Thumb Code     0  startup_stm32f407xx.o(.text)
    TIM2_IRQHandler                          0x0800857f   Thumb Code     0  startup_stm32f407xx.o(.text)
    TIM3_IRQHandler                          0x0800857f   Thumb Code     0  startup_stm32f407xx.o(.text)
    TIM4_IRQHandler                          0x0800857f   Thumb Code     0  startup_stm32f407xx.o(.text)
    TIM5_IRQHandler                          0x0800857f   Thumb Code     0  startup_stm32f407xx.o(.text)
    TIM6_DAC_IRQHandler                      0x0800857f   Thumb Code     0  startup_stm32f407xx.o(.text)
    TIM7_IRQHandler                          0x0800857f   Thumb Code     0  startup_stm32f407xx.o(.text)
    TIM8_BRK_TIM12_IRQHandler                0x0800857f   Thumb Code     0  startup_stm32f407xx.o(.text)
    TIM8_CC_IRQHandler                       0x0800857f   Thumb Code     0  startup_stm32f407xx.o(.text)
    TIM8_TRG_COM_TIM14_IRQHandler            0x0800857f   Thumb Code     0  startup_stm32f407xx.o(.text)
    TIM8_UP_TIM13_IRQHandler                 0x0800857f   Thumb Code     0  startup_stm32f407xx.o(.text)
    UART4_IRQHandler                         0x0800857f   Thumb Code     0  startup_stm32f407xx.o(.text)
    UART5_IRQHandler                         0x0800857f   Thumb Code     0  startup_stm32f407xx.o(.text)
    USART1_IRQHandler                        0x0800857f   Thumb Code     0  startup_stm32f407xx.o(.text)
    USART2_IRQHandler                        0x0800857f   Thumb Code     0  startup_stm32f407xx.o(.text)
    USART3_IRQHandler                        0x0800857f   Thumb Code     0  startup_stm32f407xx.o(.text)
    USART6_IRQHandler                        0x0800857f   Thumb Code     0  startup_stm32f407xx.o(.text)
    WWDG_IRQHandler                          0x0800857f   Thumb Code     0  startup_stm32f407xx.o(.text)
    SystemInit                               0x08008589   Thumb Code    82  system_stm32f4xx.o(.text)
    SystemCoreClockUpdate                    0x080085db   Thumb Code   174  system_stm32f4xx.o(.text)
    atoi                                     0x080086a9   Thumb Code    26  atoi.o(.text)
    __aeabi_dadd                             0x080086c3   Thumb Code   322  dadd.o(.text)
    __aeabi_dsub                             0x08008805   Thumb Code     6  dadd.o(.text)
    __aeabi_drsub                            0x0800880b   Thumb Code     6  dadd.o(.text)
    __aeabi_dmul                             0x08008811   Thumb Code   228  dmul.o(.text)
    __aeabi_ddiv                             0x080088f5   Thumb Code   222  ddiv.o(.text)
    __aeabi_f2d                              0x080089d3   Thumb Code    38  f2d.o(.text)
    __aeabi_d2f                              0x080089f9   Thumb Code    56  d2f.o(.text)
    __aeabi_llsl                             0x08008a31   Thumb Code    30  llshl.o(.text)
    _ll_shift_l                              0x08008a31   Thumb Code     0  llshl.o(.text)
    __aeabi_llsr                             0x08008a4f   Thumb Code    32  llushr.o(.text)
    _ll_ushift_r                             0x08008a4f   Thumb Code     0  llushr.o(.text)
    __aeabi_lasr                             0x08008a6f   Thumb Code    36  llsshr.o(.text)
    _ll_sshift_r                             0x08008a6f   Thumb Code     0  llsshr.o(.text)
    strtol                                   0x08008a93   Thumb Code   112  strtol.o(.text)
    __I$use$fp                               0x08008b03   Thumb Code     0  iusefp.o(.text)
    _float_round                             0x08008b03   Thumb Code    18  fepilogue.o(.text)
    _float_epilogue                          0x08008b15   Thumb Code    92  fepilogue.o(.text)
    _double_round                            0x08008b71   Thumb Code    30  depilogue.o(.text)
    _double_epilogue                         0x08008b8f   Thumb Code   156  depilogue.o(.text)
    _dsqrt                                   0x08008c2b   Thumb Code   162  dsqrt.o(.text)
    __scatterload                            0x08008ccd   Thumb Code    28  init.o(.text)
    __scatterload_rt2                        0x08008ccd   Thumb Code     0  init.o(.text)
    __rt_ctype_table                         0x08008cf1   Thumb Code     4  ctype_o.o(.text)
    _strtoul                                 0x08008cf9   Thumb Code   158  _strtoul.o(.text)
    _chval                                   0x08008d97   Thumb Code    28  _chval.o(.text)
    SVC_Count                                0x08008db4   Data           4  svc_table.o(SVC_TABLE)
    SVC_Table                                0x08008db8   Data           0  svc_table.o(SVC_TABLE)
    __0printf$2                              0x08008db9   Thumb Code    22  printf2.o(i.__0printf$2)
    __1printf$2                              0x08008db9   Thumb Code     0  printf2.o(i.__0printf$2)
    __2printf                                0x08008db9   Thumb Code     0  printf2.o(i.__0printf$2)
    __ARM_fpclassify                         0x08008dd9   Thumb Code    48  fpclassify.o(i.__ARM_fpclassify)
    __aeabi_errno_addr                       0x08008e09   Thumb Code     4  errno.o(i.__aeabi_errno_addr)
    __rt_errno_addr                          0x08008e09   Thumb Code     0  errno.o(i.__aeabi_errno_addr)
    __hardfp_acos                            0x08008e11   Thumb Code   738  acos.o(i.__hardfp_acos)
    __hardfp_atan                            0x08009169   Thumb Code   622  atan.o(i.__hardfp_atan)
    __hardfp_sqrt                            0x08009441   Thumb Code   122  sqrt.o(i.__hardfp_sqrt)
    __kernel_poly                            0x080094bb   Thumb Code   248  poly.o(i.__kernel_poly)
    __mathlib_dbl_infnan                     0x080095b3   Thumb Code    20  dunder.o(i.__mathlib_dbl_infnan)
    __mathlib_dbl_invalid                    0x080095c9   Thumb Code    24  dunder.o(i.__mathlib_dbl_invalid)
    __mathlib_dbl_underflow                  0x080095e9   Thumb Code    24  dunder.o(i.__mathlib_dbl_underflow)
    __scatterload_copy                       0x08009609   Thumb Code    14  handlers.o(i.__scatterload_copy)
    __scatterload_null                       0x08009617   Thumb Code     2  handlers.o(i.__scatterload_null)
    __scatterload_zeroinit                   0x08009619   Thumb Code    14  handlers.o(i.__scatterload_zeroinit)
    __set_errno                              0x08009629   Thumb Code     6  errno.o(i.__set_errno)
    _init_box                                0x08009635   Thumb Code    70  rt_membox.o(i._init_box)
    dbg_init                                 0x08009751   Thumb Code    34  hal_cm.o(i.dbg_init)
    dbg_task_notify                          0x08009781   Thumb Code    32  hal_cm.o(i.dbg_task_notify)
    dbg_task_switch                          0x080097a1   Thumb Code    16  hal_cm.o(i.dbg_task_switch)
    fabs                                     0x080097b1   Thumb Code    24  fabs.o(i.fabs)
    isrMessageGet                            0x080097c9   Thumb Code    42  rt_cmsis.o(i.isrMessageGet)
    isrMessagePut                            0x080097f3   Thumb Code    44  rt_cmsis.o(i.isrMessagePut)
    isrSemaphoreRelease                      0x0800981f   Thumb Code    40  rt_cmsis.o(i.isrSemaphoreRelease)
    isr_mbx_receive                          0x08009849   Thumb Code    86  rt_mailbox.o(i.isr_mbx_receive)
    isr_mbx_send                             0x0800989f   Thumb Code    14  rt_mailbox.o(i.isr_mbx_send)
    isr_sem_send                             0x080098ad   Thumb Code    16  rt_semaphore.o(i.isr_sem_send)
    osDelay                                  0x080098bd   Thumb Code    18  rt_cmsis.o(i.osDelay)
    osKernelInitialize                       0x080098d5   Thumb Code    30  rt_cmsis.o(i.osKernelInitialize)
    osKernelStart                            0x080098f9   Thumb Code    98  rt_cmsis.o(i.osKernelStart)
    osMessageGet                             0x08009965   Thumb Code    18  rt_cmsis.o(i.osMessageGet)
    osSemaphoreCreate                        0x0800997d   Thumb Code    36  rt_cmsis.o(i.osSemaphoreCreate)
    osSemaphoreRelease                       0x080099a9   Thumb Code    18  rt_cmsis.o(i.osSemaphoreRelease)
    osSemaphoreWait                          0x080099c1   Thumb Code    20  rt_cmsis.o(i.osSemaphoreWait)
    osThreadCreate                           0x080099d9   Thumb Code    36  rt_cmsis.o(i.osThreadCreate)
    osThreadExit                             0x08009a05   Thumb Code    14  rt_cmsis.o(i.osThreadExit)
    osThreadTerminate                        0x08009a1d   Thumb Code    18  rt_cmsis.o(i.osThreadTerminate)
    osTimerCall                              0x08009a35   Thumb Code     8  rt_cmsis.o(i.osTimerCall)
    osTimerThread                            0x08009a41   Thumb Code    38  rt_cmsis.o(i.osTimerThread)
    os_tick_init                             0x08009a6d   Thumb Code    32  rt_system.o(i.os_tick_init)
    os_tick_irqack                           0x08009a95   Thumb Code     2  rt_system.o(i.os_tick_irqack)
    rt_alloc_box                             0x08009a97   Thumb Code    26  rt_membox.o(i.rt_alloc_box)
    rt_alloc_mem                             0x08009ab1   Thumb Code    62  rt_memory.o(i.rt_alloc_mem)
    rt_block                                 0x08009af1   Thumb Code    48  rt_task.o(i.rt_block)
    rt_chk_robin                             0x08009b29   Thumb Code    60  rt_robin.o(i.rt_chk_robin)
    rt_dec_dly                               0x08009b71   Thumb Code   102  rt_list.o(i.rt_dec_dly)
    rt_dispatch                              0x08009be1   Thumb Code    60  rt_task.o(i.rt_dispatch)
    rt_dly_wait                              0x08009c25   Thumb Code     6  rt_time.o(i.rt_dly_wait)
    rt_evt_psh                               0x08009c2d   Thumb Code    76  rt_event.o(i.rt_evt_psh)
    rt_free_box                              0x08009c7d   Thumb Code    44  rt_membox.o(i.rt_free_box)
    rt_free_mem                              0x08009ca9   Thumb Code    40  rt_memory.o(i.rt_free_mem)
    rt_get_first                             0x08009cd1   Thumb Code    40  rt_list.o(i.rt_get_first)
    rt_init_mem                              0x08009d49   Thumb Code    26  rt_memory.o(i.rt_init_mem)
    rt_init_robin                            0x08009d65   Thumb Code    14  rt_robin.o(i.rt_init_robin)
    rt_init_stack                            0x08009d7d   Thumb Code   118  hal_cm.o(i.rt_init_stack)
    rt_mbx_check                             0x08009dfd   Thumb Code     8  rt_mailbox.o(i.rt_mbx_check)
    rt_mbx_init                              0x08009e05   Thumb Code    26  rt_mailbox.o(i.rt_mbx_init)
    rt_mbx_psh                               0x08009e21   Thumb Code   236  rt_mailbox.o(i.rt_mbx_psh)
    rt_mbx_wait                              0x08009f11   Thumb Code   174  rt_mailbox.o(i.rt_mbx_wait)
    rt_pop_req                               0x0800a009   Thumb Code   112  rt_system.o(i.rt_pop_req)
    rt_psh_req                               0x0800a085   Thumb Code    22  rt_system.o(i.rt_psh_req)
    rt_psq_enq                               0x0800a0a5   Thumb Code    88  rt_list.o(i.rt_psq_enq)
    rt_put_dly                               0x0800a101   Thumb Code    68  rt_list.o(i.rt_put_dly)
    rt_put_prio                              0x0800a149   Thumb Code    54  rt_list.o(i.rt_put_prio)
    rt_put_rdy_first                         0x0800a181   Thumb Code    14  rt_list.o(i.rt_put_rdy_first)
    rt_resort_prio                           0x0800a195   Thumb Code    46  rt_list.o(i.rt_resort_prio)
    rt_ret_val                               0x0800a1d9   Thumb Code    12  hal_cm.o(i.rt_ret_val)
    rt_ret_val2                              0x0800a1e5   Thumb Code    16  hal_cm.o(i.rt_ret_val2)
    rt_rmv_dly                               0x0800a1f5   Thumb Code    40  rt_list.o(i.rt_rmv_dly)
    rt_rmv_list                              0x0800a21d   Thumb Code    44  rt_list.o(i.rt_rmv_list)
    rt_sem_init                              0x0800a24d   Thumb Code    12  rt_semaphore.o(i.rt_sem_init)
    rt_sem_psh                               0x0800a259   Thumb Code    48  rt_semaphore.o(i.rt_sem_psh)
    rt_sem_send                              0x0800a28d   Thumb Code    42  rt_semaphore.o(i.rt_sem_send)
    rt_sem_wait                              0x0800a2b9   Thumb Code    58  rt_semaphore.o(i.rt_sem_wait)
    rt_stk_check                             0x0800a2f9   Thumb Code    28  rt_system.o(i.rt_stk_check)
    rt_switch_req                            0x0800a31d   Thumb Code    30  rt_task.o(i.rt_switch_req)
    rt_sys_init                              0x0800a345   Thumb Code   138  rt_task.o(i.rt_sys_init)
    rt_sys_start                             0x0800a411   Thumb Code   110  rt_task.o(i.rt_sys_start)
    rt_systick                               0x0800a489   Thumb Code    50  rt_system.o(i.rt_systick)
    rt_tsk_create                            0x0800a511   Thumb Code   118  rt_task.o(i.rt_tsk_create)
    rt_tsk_delete                            0x0800a599   Thumb Code   352  rt_task.o(i.rt_tsk_delete)
    rt_tsk_prio                              0x0800a715   Thumb Code   108  rt_task.o(i.rt_tsk_prio)
    rt_tsk_self                              0x0800a791   Thumb Code    12  rt_task.o(i.rt_tsk_self)
    sqrt                                     0x0800a7a1   Thumb Code   110  sqrt.o(i.sqrt)
    svcDelay                                 0x0800a80f   Thumb Code    18  rt_cmsis.o(i.svcDelay)
    svcKernelInitialize                      0x0800a821   Thumb Code    80  rt_cmsis.o(i.svcKernelInitialize)
    svcKernelStart                           0x0800a891   Thumb Code    62  rt_cmsis.o(i.svcKernelStart)
    svcMessageCreate                         0x0800a8d9   Thumb Code    36  rt_cmsis.o(i.svcMessageCreate)
    svcMessageGet                            0x0800a8fd   Thumb Code    58  rt_cmsis.o(i.svcMessageGet)
    svcSemaphoreCreate                       0x0800a937   Thumb Code    36  rt_cmsis.o(i.svcSemaphoreCreate)
    svcSemaphoreRelease                      0x0800a95b   Thumb Code    40  rt_cmsis.o(i.svcSemaphoreRelease)
    svcSemaphoreWait                         0x0800a983   Thumb Code    50  rt_cmsis.o(i.svcSemaphoreWait)
    svcThreadCreate                          0x0800a9b5   Thumb Code    96  rt_cmsis.o(i.svcThreadCreate)
    svcThreadGetId                           0x0800aa21   Thumb Code    22  rt_cmsis.o(i.svcThreadGetId)
    svcThreadTerminate                       0x0800aa3d   Thumb Code    50  rt_cmsis.o(i.svcThreadTerminate)
    svcTimerCall                             0x0800aa75   Thumb Code    24  rt_cmsis.o(i.svcTimerCall)
    sysTimerTick                             0x0800aa8d   Thumb Code    84  rt_cmsis.o(i.sysTimerTick)
    os_thread_def_keypad_handler             0x0800aae8   Data          16  main.o(.constdata)
    os_thread_def_display_handler            0x0800aaf8   Data          16  main.o(.constdata)
    os_thread_def_ACC_handler                0x0800ab08   Data          16  main.o(.constdata)
    os_thread_def_flag_handler               0x0800ab18   Data          16  main.o(.constdata)
    os_thread_def_start_game                 0x0800ab28   Data          16  main.o(.constdata)
    os_semaphore_def_calcSem                 0x0800ab38   Data           4  main.o(.constdata)
    os_maxtaskrun                            0x0800ab3c   Data           2  rtx_conf_cm.o(.constdata)
    os_stackinfo                             0x0800ab40   Data           4  rtx_conf_cm.o(.constdata)
    os_rrobin                                0x0800ab44   Data           4  rtx_conf_cm.o(.constdata)
    os_tickfreq                              0x0800ab48   Data           4  rtx_conf_cm.o(.constdata)
    os_tickus_i                              0x0800ab4c   Data           2  rtx_conf_cm.o(.constdata)
    os_tickus_f                              0x0800ab4e   Data           2  rtx_conf_cm.o(.constdata)
    os_trv                                   0x0800ab50   Data           4  rtx_conf_cm.o(.constdata)
    os_flags                                 0x0800ab54   Data           1  rtx_conf_cm.o(.constdata)
    CMSIS_RTOS_API_Version                   0x0800ab58   Data           4  rtx_conf_cm.o(.constdata)
    CMSIS_RTOS_RTX_Version                   0x0800ab5c   Data           4  rtx_conf_cm.o(.constdata)
    os_clockrate                             0x0800ab60   Data           4  rtx_conf_cm.o(.constdata)
    os_timernum                              0x0800ab64   Data           4  rtx_conf_cm.o(.constdata)
    mp_tcb_size                              0x0800ab68   Data           2  rtx_conf_cm.o(.constdata)
    mp_stk_size                              0x0800ab6c   Data           4  rtx_conf_cm.o(.constdata)
    os_stack_sz                              0x0800ab70   Data           4  rtx_conf_cm.o(.constdata)
    os_fifo_size                             0x0800ab74   Data           1  rtx_conf_cm.o(.constdata)
    os_thread_def_osTimerThread              0x0800ab78   Data          16  rtx_conf_cm.o(.constdata)
    os_messageQ_def_osTimerMessageQ          0x0800ab88   Data           8  rtx_conf_cm.o(.constdata)
    mp_tmr_size                              0x0800ab90   Data           2  rtx_conf_cm.o(.constdata)
    os_thread_def_main                       0x0800ab94   Data          16  rtx_conf_cm.o(.constdata)
    APBAHBPrescTable                         0x0800abac   Data          16  stm32f4xx_hal_rcc.o(.constdata)
    AHBPrescTable                            0x0800abbc   Data          16  system_stm32f4xx.o(.constdata)
    __ctype_table                            0x0800acb8   Data         129  ctype_o.o(.constdata)
    Region$$Table$$Base                      0x0800ad40   Number         0  anon$$obj.o(Region$$Table)
    Region$$Table$$Limit                     0x0800ad60   Number         0  anon$$obj.o(Region$$Table)
    Acc_instance                             0x20000000   Data           6  main.o(.data)
    IT_instance                              0x20000006   Data           3  main.o(.data)
    pCoeffs                                  0x2000000c   Data          20  main.o(.data)
    cnt                                      0x20000020   Data           4  main.o(.data)
    x                                        0x20000024   Data           4  main.o(.data)
    y                                        0x20000028   Data           4  main.o(.data)
    z                                        0x2000002c   Data           4  main.o(.data)
    pitch                                    0x20000030   Data           4  main.o(.data)
    roll                                     0x20000034   Data           4  main.o(.data)
    DELAY                                    0x20000038   Data           4  main.o(.data)
    count                                    0x2000003c   Data           4  main.o(.data)
    pressed                                  0x20000040   Data           4  main.o(.data)
    key                                      0x20000044   Data           1  main.o(.data)
    dataReady                                0x20000048   Data           4  main.o(.data)
    display_flag                             0x2000004c   Data           4  main.o(.data)
    sleep_flag                               0x20000050   Data           4  main.o(.data)
    user_roll                                0x20000054   Data           4  main.o(.data)
    user_pitch                               0x20000058   Data           4  main.o(.data)
    game_flag                                0x2000005c   Data           4  main.o(.data)
    startHandle                              0x20000060   Data           4  main.o(.data)
    keypadHandle                             0x20000064   Data           4  main.o(.data)
    displayHandle                            0x20000068   Data           4  main.o(.data)
    ACCHandle                                0x2000006c   Data           4  main.o(.data)
    flagHandle                               0x20000070   Data           4  main.o(.data)
    calcSem                                  0x20000074   Data           4  main.o(.data)
    os_semaphore_cb_calcSem                  0x20000078   Data           8  main.o(.data)
    LIS3DSHTimeout                           0x20000080   Data           4  lis3dsh.o(.data)
    osThreadId_osTimerThread                 0x20000084   Data           4  rtx_conf_cm.o(.data)
    osMessageQId_osTimerMessageQ             0x20000088   Data           4  rtx_conf_cm.o(.data)
    os_tmr                                   0x2000008c   Data           4  rtx_conf_cm.o(.data)
    m_tmr                                    0x20000090   Data           4  rtx_conf_cm.o(.data)
    SystemCoreClock                          0x20000098   Data           4  system_stm32f4xx.o(.data)
    os_initialized                           0x2000009c   Data           1  rt_cmsis.o(.data)
    os_running                               0x2000009d   Data           1  rt_cmsis.o(.data)
    os_timer_head                            0x200000a0   Data           4  rt_cmsis.o(.data)
    os_time                                  0x200000a4   Data           4  rt_time.o(.data)
    os_tsk                                   0x200000a8   Data           8  rt_task.o(.data)
    os_tick_irqn                             0x200000b4   Data           4  rt_system.o(.data)
    dbg_msg                                  0x200000b8   Data           1  hal_cm.o(.data)
    os_robin                                 0x200000bc   Data           8  rt_robin.o(.data)
    __stdout                                 0x200000c4   Data           4  stdout.o(.data)
    dataX                                    0x200000cc   Data          20  main.o(.bss)
    dataY                                    0x200000e0   Data          20  main.o(.bss)
    dataZ                                    0x200000f4   Data          20  main.o(.bss)
    resX                                     0x20000108   Data          20  main.o(.bss)
    resY                                     0x2000011c   Data          20  main.o(.bss)
    resZ                                     0x20000130   Data          20  main.o(.bss)
    Buffer                                   0x20000144   Data          12  main.o(.bss)
    D                                        0x20000150   Data          16  main.o(.bss)
    htim4                                    0x20000160   Data          60  tim.o(.bss)
    SpiHandle                                0x2000019c   Data          88  lis3dsh.o(.bss)
    mp_tcb                                   0x200001f8   Data         376  rtx_conf_cm.o(.bss)
    mp_stk                                   0x20000370   Data        4816  rtx_conf_cm.o(.bss)
    os_stack_mem                             0x20001640   Data        1256  rtx_conf_cm.o(.bss)
    os_fifo                                  0x20001b28   Data         132  rtx_conf_cm.o(.bss)
    os_active_TCB                            0x20001bac   Data          28  rtx_conf_cm.o(.bss)
    os_messageQ_q_osTimerMessageQ            0x20001bc8   Data          32  rtx_conf_cm.o(.bss)
    os_idle_TCB                              0x20001be8   Data          52  rt_task.o(.bss)
    os_rdy                                   0x20001c1c   Data          24  rt_list.o(.bss)
    os_dly                                   0x20001c34   Data          24  rt_list.o(.bss)
    __initial_sp                             0x20002050   Data           0  startup_stm32f407xx.o(STACK)



==============================================================================

Memory Map of the image

  Image Entry point : 0x08000189

  Load Region LR_IROM1 (Base: 0x08000000, Size: 0x0000ae2c, Max: 0x00100000, ABSOLUTE)

    Execution Region ER_IROM1 (Exec base: 0x08000000, Load base: 0x08000000, Size: 0x0000ad60, Max: 0x00100000, ABSOLUTE)

    Exec Addr    Load Addr    Size         Type   Attr      Idx    E Section Name        Object

    0x08000000   0x08000000   0x00000188   Data   RO          767    RESET               startup_stm32f407xx.o
    0x08000188   0x08000188   0x00000000   Code   RO         2056  * .ARM.Collect$$$$00000000  mc_w.l(entry.o)
    0x08000188   0x08000188   0x00000004   Code   RO         2358    .ARM.Collect$$$$00000001  mc_w.l(entry2.o)
    0x0800018c   0x0800018c   0x00000004   Code   RO         2361    .ARM.Collect$$$$00000004  mc_w.l(entry5.o)
    0x08000190   0x08000190   0x00000000   Code   RO         2363    .ARM.Collect$$$$00000008  mc_w.l(entry7b.o)
    0x08000190   0x08000190   0x00000000   Code   RO         2365    .ARM.Collect$$$$0000000A  mc_w.l(entry8b.o)
    0x08000190   0x08000190   0x00000000   Code   RO         2366    .ARM.Collect$$$$0000000D  mc_w.l(entry10a.o)
    0x08000190   0x08000190   0x00000000   Code   RO         2368    .ARM.Collect$$$$0000000F  mc_w.l(entry11a.o)
    0x08000190   0x08000190   0x00000018   Code   RO          339    .ARM.Collect$$$$000000FF  rtx_conf_cm.o
    0x080001a8   0x080001a8   0x00000004   Code   RO         2359    .ARM.Collect$$$$00002712  mc_w.l(entry2.o)
    0x080001ac   0x080001ac   0x00000198   Code   RO         2003    .emb_text           RTX_CM4.lib(hal_cm4.o)
    0x08000344   0x08000344   0x0000153c   Code   RO            4    .text               main.o
    0x08001880   0x08001880   0x00000114   Code   RO          184    .text               gpio.o
    0x08001994   0x08001994   0x00000042   Code   RO          208    .text               stm32f4xx_hal_msp.o
    0x080019d6   0x080019d6   0x00000002   PAD
    0x080019d8   0x080019d8   0x000000ec   Code   RO          232    .text               tim.o
    0x08001ac4   0x08001ac4   0x00000038   Code   RO          262    .text               fput_debug.o
    0x08001afc   0x08001afc   0x0000000a   Code   RO          290    .text               stm32f4xx_it.o
    0x08001b06   0x08001b06   0x00000002   PAD
    0x08001b08   0x08001b08   0x000005c0   Code   RO          314    .text               lis3dsh.o
    0x080020c8   0x080020c8   0x00000026   Code   RO          340    .text               rtx_conf_cm.o
    0x080020ee   0x080020ee   0x00000002   PAD
    0x080020f0   0x080020f0   0x000001b0   Code   RO          374    .text               stm32f4xx_hal.o
    0x080022a0   0x080022a0   0x00000374   Code   RO          448    .text               stm32f4xx_hal_cortex.o
    0x08002614   0x08002614   0x00000618   Code   RO          476    .text               stm32f4xx_hal_dma.o
    0x08002c2c   0x08002c2c   0x000003cc   Code   RO          525    .text               stm32f4xx_hal_gpio.o
    0x08002ff8   0x08002ff8   0x00000a4c   Code   RO          597    .text               stm32f4xx_hal_rcc.o
    0x08003a44   0x08003a44   0x00001598   Code   RO          648    .text               stm32f4xx_hal_spi.o
    0x08004fdc   0x08004fdc   0x00002800   Code   RO          672    .text               stm32f4xx_hal_tim.o
    0x080077dc   0x080077dc   0x00000d88   Code   RO          696    .text               stm32f4xx_hal_tim_ex.o
    0x08008564   0x08008564   0x00000024   Code   RO          768    .text               startup_stm32f407xx.o
    0x08008588   0x08008588   0x00000120   Code   RO          775    .text               system_stm32f4xx.o
    0x080086a8   0x080086a8   0x0000001a   Code   RO         2322    .text               mc_w.l(atoi.o)
    0x080086c2   0x080086c2   0x0000014e   Code   RO         2324    .text               mf_w.l(dadd.o)
    0x08008810   0x08008810   0x000000e4   Code   RO         2326    .text               mf_w.l(dmul.o)
    0x080088f4   0x080088f4   0x000000de   Code   RO         2328    .text               mf_w.l(ddiv.o)
    0x080089d2   0x080089d2   0x00000026   Code   RO         2330    .text               mf_w.l(f2d.o)
    0x080089f8   0x080089f8   0x00000038   Code   RO         2332    .text               mf_w.l(d2f.o)
    0x08008a30   0x08008a30   0x0000001e   Code   RO         2373    .text               mc_w.l(llshl.o)
    0x08008a4e   0x08008a4e   0x00000020   Code   RO         2375    .text               mc_w.l(llushr.o)
    0x08008a6e   0x08008a6e   0x00000024   Code   RO         2377    .text               mc_w.l(llsshr.o)
    0x08008a92   0x08008a92   0x00000070   Code   RO         2386    .text               mc_w.l(strtol.o)
    0x08008b02   0x08008b02   0x00000000   Code   RO         2388    .text               mc_w.l(iusefp.o)
    0x08008b02   0x08008b02   0x0000006e   Code   RO         2389    .text               mf_w.l(fepilogue.o)
    0x08008b70   0x08008b70   0x000000ba   Code   RO         2391    .text               mf_w.l(depilogue.o)
    0x08008c2a   0x08008c2a   0x000000a2   Code   RO         2395    .text               mf_w.l(dsqrt.o)
    0x08008ccc   0x08008ccc   0x00000024   Code   RO         2403    .text               mc_w.l(init.o)
    0x08008cf0   0x08008cf0   0x00000008   Code   RO         2405    .text               mc_w.l(ctype_o.o)
    0x08008cf8   0x08008cf8   0x0000009e   Code   RO         2433    .text               mc_w.l(_strtoul.o)
    0x08008d96   0x08008d96   0x0000001c   Code   RO         2435    .text               mc_w.l(_chval.o)
    0x08008db2   0x08008db2   0x00000002   PAD
    0x08008db4   0x08008db4   0x00000004   Code   RO         2013    SVC_TABLE           RTX_CM4.lib(svc_table.o)
    0x08008db8   0x08008db8   0x00000020   Code   RO         2128    i.__0printf$2       mc_w.l(printf2.o)
    0x08008dd8   0x08008dd8   0x00000030   Code   RO         2354    i.__ARM_fpclassify  m_wm.l(fpclassify.o)
    0x08008e08   0x08008e08   0x00000008   Code   RO         2379    i.__aeabi_errno_addr  mc_w.l(errno.o)
    0x08008e10   0x08008e10   0x00000358   Code   RO         2016    i.__hardfp_acos     m_wm.l(acos.o)
    0x08009168   0x08009168   0x000002d8   Code   RO         2030    i.__hardfp_atan     m_wm.l(atan.o)
    0x08009440   0x08009440   0x0000007a   Code   RO         2044    i.__hardfp_sqrt     m_wm.l(sqrt.o)
    0x080094ba   0x080094ba   0x000000f8   Code   RO         2356    i.__kernel_poly     m_wm.l(poly.o)
    0x080095b2   0x080095b2   0x00000014   Code   RO         2335    i.__mathlib_dbl_infnan  m_wm.l(dunder.o)
    0x080095c6   0x080095c6   0x00000002   PAD
    0x080095c8   0x080095c8   0x00000020   Code   RO         2337    i.__mathlib_dbl_invalid  m_wm.l(dunder.o)
    0x080095e8   0x080095e8   0x00000020   Code   RO         2340    i.__mathlib_dbl_underflow  m_wm.l(dunder.o)
    0x08009608   0x08009608   0x0000000e   Code   RO         2439    i.__scatterload_copy  mc_w.l(handlers.o)
    0x08009616   0x08009616   0x00000002   Code   RO         2440    i.__scatterload_null  mc_w.l(handlers.o)
    0x08009618   0x08009618   0x0000000e   Code   RO         2441    i.__scatterload_zeroinit  mc_w.l(handlers.o)
    0x08009626   0x08009626   0x00000002   PAD
    0x08009628   0x08009628   0x0000000c   Code   RO         2381    i.__set_errno       mc_w.l(errno.o)
    0x08009634   0x08009634   0x00000046   Code   RO         1876    i._init_box         RTX_CM4.lib(rt_membox.o)
    0x0800967a   0x0800967a   0x000000d6   Code   RO         2135    i._printf_core      mc_w.l(printf2.o)
    0x08009750   0x08009750   0x00000030   Code   RO         1929    i.dbg_init          RTX_CM4.lib(hal_cm.o)
    0x08009780   0x08009780   0x00000020   Code   RO         1930    i.dbg_task_notify   RTX_CM4.lib(hal_cm.o)
    0x080097a0   0x080097a0   0x00000010   Code   RO         1931    i.dbg_task_switch   RTX_CM4.lib(hal_cm.o)
    0x080097b0   0x080097b0   0x00000018   Code   RO         2350    i.fabs              m_wm.l(fabs.o)
    0x080097c8   0x080097c8   0x0000002a   Code   RO          806    i.isrMessageGet     RTX_CM4.lib(rt_cmsis.o)
    0x080097f2   0x080097f2   0x0000002c   Code   RO          807    i.isrMessagePut     RTX_CM4.lib(rt_cmsis.o)
    0x0800981e   0x0800981e   0x00000028   Code   RO          808    i.isrSemaphoreRelease  RTX_CM4.lib(rt_cmsis.o)
    0x08009846   0x08009846   0x00000002   PAD
    0x08009848   0x08009848   0x00000056   Code   RO         1755    i.isr_mbx_receive   RTX_CM4.lib(rt_mailbox.o)
    0x0800989e   0x0800989e   0x0000000e   Code   RO         1756    i.isr_mbx_send      RTX_CM4.lib(rt_mailbox.o)
    0x080098ac   0x080098ac   0x00000010   Code   RO         1803    i.isr_sem_send      RTX_CM4.lib(rt_semaphore.o)
    0x080098bc   0x080098bc   0x00000018   Code   RO          810    i.osDelay           RTX_CM4.lib(rt_cmsis.o)
    0x080098d4   0x080098d4   0x00000024   Code   RO          811    i.osKernelInitialize  RTX_CM4.lib(rt_cmsis.o)
    0x080098f8   0x080098f8   0x0000006c   Code   RO          813    i.osKernelStart     RTX_CM4.lib(rt_cmsis.o)
    0x08009964   0x08009964   0x00000018   Code   RO          822    i.osMessageGet      RTX_CM4.lib(rt_cmsis.o)
    0x0800997c   0x0800997c   0x0000002c   Code   RO          832    i.osSemaphoreCreate  RTX_CM4.lib(rt_cmsis.o)
    0x080099a8   0x080099a8   0x00000018   Code   RO          834    i.osSemaphoreRelease  RTX_CM4.lib(rt_cmsis.o)
    0x080099c0   0x080099c0   0x00000018   Code   RO          835    i.osSemaphoreWait   RTX_CM4.lib(rt_cmsis.o)
    0x080099d8   0x080099d8   0x0000002c   Code   RO          839    i.osThreadCreate    RTX_CM4.lib(rt_cmsis.o)
    0x08009a04   0x08009a04   0x00000018   Code   RO          840    i.osThreadExit      RTX_CM4.lib(rt_cmsis.o)
    0x08009a1c   0x08009a1c   0x00000018   Code   RO          844    i.osThreadTerminate  RTX_CM4.lib(rt_cmsis.o)
    0x08009a34   0x08009a34   0x0000000c   Code   RO          846    i.osTimerCall       RTX_CM4.lib(rt_cmsis.o)
    0x08009a40   0x08009a40   0x0000002c   Code   RO          851    i.osTimerThread     RTX_CM4.lib(rt_cmsis.o)
    0x08009a6c   0x08009a6c   0x00000028   Code   RO         1543    i.os_tick_init      RTX_CM4.lib(rt_system.o)
    0x08009a94   0x08009a94   0x00000002   Code   RO         1544    i.os_tick_irqack    RTX_CM4.lib(rt_system.o)
    0x08009a96   0x08009a96   0x0000001a   Code   RO         1877    i.rt_alloc_box      RTX_CM4.lib(rt_membox.o)
    0x08009ab0   0x08009ab0   0x0000003e   Code   RO         1905    i.rt_alloc_mem      RTX_CM4.lib(rt_memory.o)
    0x08009aee   0x08009aee   0x00000002   PAD
    0x08009af0   0x08009af0   0x00000038   Code   RO         1458    i.rt_block          RTX_CM4.lib(rt_task.o)
    0x08009b28   0x08009b28   0x00000048   Code   RO         1982    i.rt_chk_robin      RTX_CM4.lib(rt_robin.o)
    0x08009b70   0x08009b70   0x00000070   Code   RO         1679    i.rt_dec_dly        RTX_CM4.lib(rt_list.o)
    0x08009be0   0x08009be0   0x00000044   Code   RO         1459    i.rt_dispatch       RTX_CM4.lib(rt_task.o)
    0x08009c24   0x08009c24   0x00000006   Code   RO         1425    i.rt_dly_wait       RTX_CM4.lib(rt_time.o)
    0x08009c2a   0x08009c2a   0x00000002   PAD
    0x08009c2c   0x08009c2c   0x00000050   Code   RO         1636    i.rt_evt_psh        RTX_CM4.lib(rt_event.o)
    0x08009c7c   0x08009c7c   0x0000002c   Code   RO         1878    i.rt_free_box       RTX_CM4.lib(rt_membox.o)
    0x08009ca8   0x08009ca8   0x00000028   Code   RO         1906    i.rt_free_mem       RTX_CM4.lib(rt_memory.o)
    0x08009cd0   0x08009cd0   0x00000028   Code   RO         1680    i.rt_get_first      RTX_CM4.lib(rt_list.o)
    0x08009cf8   0x08009cf8   0x00000008   Code   RO          856    i.rt_id2obj         RTX_CM4.lib(rt_cmsis.o)
    0x08009d00   0x08009d00   0x00000048   Code   RO         1460    i.rt_init_context   RTX_CM4.lib(rt_task.o)
    0x08009d48   0x08009d48   0x0000001a   Code   RO         1907    i.rt_init_mem       RTX_CM4.lib(rt_memory.o)
    0x08009d62   0x08009d62   0x00000002   PAD
    0x08009d64   0x08009d64   0x00000018   Code   RO         1983    i.rt_init_robin     RTX_CM4.lib(rt_robin.o)
    0x08009d7c   0x08009d7c   0x00000080   Code   RO         1932    i.rt_init_stack     RTX_CM4.lib(hal_cm.o)
    0x08009dfc   0x08009dfc   0x00000008   Code   RO         1757    i.rt_mbx_check      RTX_CM4.lib(rt_mailbox.o)
    0x08009e04   0x08009e04   0x0000001a   Code   RO         1758    i.rt_mbx_init       RTX_CM4.lib(rt_mailbox.o)
    0x08009e1e   0x08009e1e   0x00000002   PAD
    0x08009e20   0x08009e20   0x000000f0   Code   RO         1759    i.rt_mbx_psh        RTX_CM4.lib(rt_mailbox.o)
    0x08009f10   0x08009f10   0x000000b4   Code   RO         1761    i.rt_mbx_wait       RTX_CM4.lib(rt_mailbox.o)
    0x08009fc4   0x08009fc4   0x00000044   Code   RO          857    i.rt_ms2tick        RTX_CM4.lib(rt_cmsis.o)
    0x0800a008   0x0800a008   0x0000007c   Code   RO         1547    i.rt_pop_req        RTX_CM4.lib(rt_system.o)
    0x0800a084   0x0800a084   0x00000020   Code   RO         1548    i.rt_psh_req        RTX_CM4.lib(rt_system.o)
    0x0800a0a4   0x0800a0a4   0x0000005c   Code   RO         1682    i.rt_psq_enq        RTX_CM4.lib(rt_list.o)
    0x0800a100   0x0800a100   0x00000048   Code   RO         1683    i.rt_put_dly        RTX_CM4.lib(rt_list.o)
    0x0800a148   0x0800a148   0x00000036   Code   RO         1684    i.rt_put_prio       RTX_CM4.lib(rt_list.o)
    0x0800a17e   0x0800a17e   0x00000002   PAD
    0x0800a180   0x0800a180   0x00000014   Code   RO         1685    i.rt_put_rdy_first  RTX_CM4.lib(rt_list.o)
    0x0800a194   0x0800a194   0x00000034   Code   RO         1686    i.rt_resort_prio    RTX_CM4.lib(rt_list.o)
    0x0800a1c8   0x0800a1c8   0x00000010   Code   RO         1933    i.rt_ret_regs       RTX_CM4.lib(hal_cm.o)
    0x0800a1d8   0x0800a1d8   0x0000000c   Code   RO         1934    i.rt_ret_val        RTX_CM4.lib(hal_cm.o)
    0x0800a1e4   0x0800a1e4   0x00000010   Code   RO         1935    i.rt_ret_val2       RTX_CM4.lib(hal_cm.o)
    0x0800a1f4   0x0800a1f4   0x00000028   Code   RO         1687    i.rt_rmv_dly        RTX_CM4.lib(rt_list.o)
    0x0800a21c   0x0800a21c   0x00000030   Code   RO         1688    i.rt_rmv_list       RTX_CM4.lib(rt_list.o)
    0x0800a24c   0x0800a24c   0x0000000c   Code   RO         1805    i.rt_sem_init       RTX_CM4.lib(rt_semaphore.o)
    0x0800a258   0x0800a258   0x00000034   Code   RO         1806    i.rt_sem_psh        RTX_CM4.lib(rt_semaphore.o)
    0x0800a28c   0x0800a28c   0x0000002a   Code   RO         1807    i.rt_sem_send       RTX_CM4.lib(rt_semaphore.o)
    0x0800a2b6   0x0800a2b6   0x00000002   PAD
    0x0800a2b8   0x0800a2b8   0x00000040   Code   RO         1808    i.rt_sem_wait       RTX_CM4.lib(rt_semaphore.o)
    0x0800a2f8   0x0800a2f8   0x00000024   Code   RO         1550    i.rt_stk_check      RTX_CM4.lib(rt_system.o)
    0x0800a31c   0x0800a31c   0x00000028   Code   RO         1461    i.rt_switch_req     RTX_CM4.lib(rt_task.o)
    0x0800a344   0x0800a344   0x000000cc   Code   RO         1462    i.rt_sys_init       RTX_CM4.lib(rt_task.o)
    0x0800a410   0x0800a410   0x00000078   Code   RO         1463    i.rt_sys_start      RTX_CM4.lib(rt_task.o)
    0x0800a488   0x0800a488   0x00000040   Code   RO         1552    i.rt_systick        RTX_CM4.lib(rt_system.o)
    0x0800a4c8   0x0800a4c8   0x00000012   Code   RO          858    i.rt_tid2ptcb       RTX_CM4.lib(rt_cmsis.o)
    0x0800a4da   0x0800a4da   0x00000002   PAD
    0x0800a4dc   0x0800a4dc   0x00000034   Code   RO          859    i.rt_timer_insert   RTX_CM4.lib(rt_cmsis.o)
    0x0800a510   0x0800a510   0x00000088   Code   RO         1464    i.rt_tsk_create     RTX_CM4.lib(rt_task.o)
    0x0800a598   0x0800a598   0x0000017c   Code   RO         1465    i.rt_tsk_delete     RTX_CM4.lib(rt_task.o)
    0x0800a714   0x0800a714   0x0000007c   Code   RO         1467    i.rt_tsk_prio       RTX_CM4.lib(rt_task.o)
    0x0800a790   0x0800a790   0x00000010   Code   RO         1468    i.rt_tsk_self       RTX_CM4.lib(rt_task.o)
    0x0800a7a0   0x0800a7a0   0x0000006e   Code   RO         2046    i.sqrt              m_wm.l(sqrt.o)
    0x0800a80e   0x0800a80e   0x00000012   Code   RO          861    i.svcDelay          RTX_CM4.lib(rt_cmsis.o)
    0x0800a820   0x0800a820   0x00000070   Code   RO          862    i.svcKernelInitialize  RTX_CM4.lib(rt_cmsis.o)
    0x0800a890   0x0800a890   0x00000048   Code   RO          864    i.svcKernelStart    RTX_CM4.lib(rt_cmsis.o)
    0x0800a8d8   0x0800a8d8   0x00000024   Code   RO          867    i.svcMessageCreate  RTX_CM4.lib(rt_cmsis.o)
    0x0800a8fc   0x0800a8fc   0x0000003a   Code   RO          868    i.svcMessageGet     RTX_CM4.lib(rt_cmsis.o)
    0x0800a936   0x0800a936   0x00000024   Code   RO          875    i.svcSemaphoreCreate  RTX_CM4.lib(rt_cmsis.o)
    0x0800a95a   0x0800a95a   0x00000028   Code   RO          877    i.svcSemaphoreRelease  RTX_CM4.lib(rt_cmsis.o)
    0x0800a982   0x0800a982   0x00000032   Code   RO          878    i.svcSemaphoreWait  RTX_CM4.lib(rt_cmsis.o)
    0x0800a9b4   0x0800a9b4   0x0000006c   Code   RO          882    i.svcThreadCreate   RTX_CM4.lib(rt_cmsis.o)
    0x0800aa20   0x0800aa20   0x0000001c   Code   RO          883    i.svcThreadGetId    RTX_CM4.lib(rt_cmsis.o)
    0x0800aa3c   0x0800aa3c   0x00000038   Code   RO          886    i.svcThreadTerminate  RTX_CM4.lib(rt_cmsis.o)
    0x0800aa74   0x0800aa74   0x00000018   Code   RO          888    i.svcTimerCall      RTX_CM4.lib(rt_cmsis.o)
    0x0800aa8c   0x0800aa8c   0x0000005c   Code   RO          897    i.sysTimerTick      RTX_CM4.lib(rt_cmsis.o)
    0x0800aae8   0x0800aae8   0x00000054   Data   RO            6    .constdata          main.o
    0x0800ab3c   0x0800ab3c   0x00000068   Data   RO          342    .constdata          rtx_conf_cm.o
    0x0800aba4   0x0800aba4   0x00000008   Data   RO          477    .constdata          stm32f4xx_hal_dma.o
    0x0800abac   0x0800abac   0x00000010   Data   RO          598    .constdata          stm32f4xx_hal_rcc.o
    0x0800abbc   0x0800abbc   0x00000010   Data   RO          776    .constdata          system_stm32f4xx.o
    0x0800abcc   0x0800abcc   0x00000004   PAD
    0x0800abd0   0x0800abd0   0x00000050   Data   RO         2019    .constdata          m_wm.l(acos.o)
    0x0800ac20   0x0800ac20   0x00000098   Data   RO         2033    .constdata          m_wm.l(atan.o)
    0x0800acb8   0x0800acb8   0x00000081   Data   RO         2406    .constdata          mc_w.l(ctype_o.o)
    0x0800ad39   0x0800ad39   0x00000003   PAD
    0x0800ad3c   0x0800ad3c   0x00000004   Data   RO         2407    .constdata          mc_w.l(ctype_o.o)
    0x0800ad40   0x0800ad40   0x00000020   Data   RO         2437    Region$$Table       anon$$obj.o


    Execution Region RW_IRAM1 (Exec base: 0x20000000, Load base: 0x0800ad60, Size: 0x00002050, Max: 0x00020000, ABSOLUTE)

    Exec Addr    Load Addr    Size         Type   Attr      Idx    E Section Name        Object

    0x20000000   0x0800ad60   0x00000080   Data   RW            7    .data               main.o
    0x20000080   0x0800ade0   0x00000004   Data   RW          316    .data               lis3dsh.o
    0x20000084   0x0800ade4   0x00000010   Data   RW          343    .data               rtx_conf_cm.o
    0x20000094   0x0800adf4   0x00000004   Data   RW          375    .data               stm32f4xx_hal.o
    0x20000098   0x0800adf8   0x00000004   Data   RW          777    .data               system_stm32f4xx.o
    0x2000009c   0x0800adfc   0x00000008   Data   RW          900    .data               RTX_CM4.lib(rt_cmsis.o)
    0x200000a4   0x0800ae04   0x00000004   Data   RW         1429    .data               RTX_CM4.lib(rt_time.o)
    0x200000a8   0x0800ae08   0x00000008   Data   RW         1470    .data               RTX_CM4.lib(rt_task.o)
    0x200000b0   0x0800ae10   0x00000008   Data   RW         1555    .data               RTX_CM4.lib(rt_system.o)
    0x200000b8   0x0800ae18   0x00000001   Data   RW         1936    .data               RTX_CM4.lib(hal_cm.o)
    0x200000b9   0x0800ae19   0x00000003   PAD
    0x200000bc   0x0800ae1c   0x00000008   Data   RW         1984    .data               RTX_CM4.lib(rt_robin.o)
    0x200000c4   0x0800ae24   0x00000004   Data   RW         2370    .data               mc_w.l(stdout.o)
    0x200000c8   0x0800ae28   0x00000004   Data   RW         2382    .data               mc_w.l(errno.o)
    0x200000cc        -       0x00000094   Zero   RW            5    .bss                main.o
    0x20000160        -       0x0000003c   Zero   RW          233    .bss                tim.o
    0x2000019c        -       0x00000058   Zero   RW          315    .bss                lis3dsh.o
    0x200001f4   0x0800ae2c   0x00000004   PAD
    0x200001f8        -       0x000019f0   Zero   RW          341    .bss                rtx_conf_cm.o
    0x20001be8        -       0x00000034   Zero   RW         1469    .bss                RTX_CM4.lib(rt_task.o)
    0x20001c1c        -       0x00000030   Zero   RW         1689    .bss                RTX_CM4.lib(rt_list.o)
    0x20001c4c   0x0800ae2c   0x00000004   PAD
    0x20001c50        -       0x00000400   Zero   RW          765    STACK               startup_stm32f407xx.o

